 exile2

 Timestamp is 340ce546 (Tue Sep 02 21:19:18 1997)

 Preferred load address is 00400000

 Start         Length     Name                   Class
 0001:00000000 00084e42H .text                   CODE
 0002:00000000 00003df1H .rdata                  DATA
 0002:00003df8 000019d0H .xdata$x                DATA
 0002:000057c8 00000000H .edata                  DATA
 0003:00000000 00000004H .CRT$XCA                DATA
 0003:00000004 00000004H .CRT$XCC                DATA
 0003:00000008 00000144H .CRT$XCU                DATA
 0003:0000014c 00000004H .CRT$XCZ                DATA
 0003:00000150 00000004H .CRT$XIA                DATA
 0003:00000154 00000008H .CRT$XIC                DATA
 0003:0000015c 00000004H .CRT$XIZ                DATA
 0003:00000160 00000004H .CRT$XPA                DATA
 0003:00000164 00000004H .CRT$XPX                DATA
 0003:00000168 00000004H .CRT$XPZ                DATA
 0003:0000016c 00000004H .CRT$XTA                DATA
 0003:00000170 00000004H .CRT$XTZ                DATA
 0003:00000180 00008c99H .data                   DATA
 0003:00008e20 0556a568H .bss                    DATA
 0004:00000000 00000064H .idata$2                DATA
 0004:00000064 00000014H .idata$3                DATA
 0004:00000078 0000020cH .idata$4                DATA
 0004:00000284 0000020cH .idata$5                DATA
 0004:00000490 000008d6H .idata$6                DATA

  Address         Publics by Value              Rva+Base   Lib:Object

 0001:00000000       ??0TTerrainTemplate@@QAE@XZ 00401000 f template.obj
 0001:00000059       ??1TTerrainTemplate@@QAE@XZ 00401059 f template.obj
 0001:00000077       ?Load@TTerrainTemplate@@QAEHXZ 00401077 f template.obj
 0001:00000644       ?Save@TTerrainTemplate@@QAEHXZ 00401644 f template.obj
 0001:00000863       ?NewTemplate@TTerrainTemplate@@QAEHPAD@Z 00401863 f template.obj
 0001:00000924       ?AddObject@TTerrainTemplate@@QAEHHPAVTObjectInstance@@US3DPoint@@@Z 00401924 f template.obj
 0001:00000a50       ?ApplyTemplate@TTerrainTemplate@@QAEXPAVTObjectInstance@@PAVTSector@@H@Z 00401a50 f template.obj
 0001:00000d80       ??0STemplate@@QAE@XZ       00401d80 f template.obj
 0001:00000db0       ??_H@YGXPAXIHP6EX0@Z@Z     00401db0 f template.obj
 0001:00000de0       ??0SObjectRef@@QAE@XZ      00401de0 f template.obj
 0001:00000e10       ??0S3DPoint@@QAE@XZ        00401e10 f template.obj
 0001:00000e30       ??4S3DPoint@@QAEAAU0@AAU0@@Z 00401e30 f template.obj
 0001:00000e70       ??0TFileParseStream@@QAE@PAU_iobuf@@@Z 00401e70 f template.obj
 0001:00000eb0       ?LineNum@TParseStream@@UAEHXZ 00401eb0 f template.obj
 0001:00000ed0       ??0TParseStream@@QAE@XZ    00401ed0 f template.obj
 0001:00000f00       ?GetChar@TFileParseStream@@UAEHXZ 00401f00 f template.obj
 0001:00000f50       ?Reset@TFileParseStream@@UAEXXZ 00401f50 f template.obj
 0001:00000f80       ?GetPos@TFileParseStream@@UAEKXZ 00401f80 f template.obj
 0001:00000fb0       ?SetPos@TFileParseStream@@UAEXK@Z 00401fb0 f template.obj
 0001:00000fe0       ??0TToken@@QAE@AAVTParseStream@@@Z 00401fe0 f template.obj
 0001:00001050       ?Type@TToken@@QAEHXZ       00402050 f template.obj
 0001:00001070       ?Index@TToken@@QAEHXZ      00402070 f template.obj
 0001:00001090       ?Code@TToken@@QAEHXZ       00402090 f template.obj
 0001:000010b0       ?Text@TToken@@QAEPADXZ     004020b0 f template.obj
 0001:000010d0       ?GetTypeName@TObjectInstance@@QAEPADXZ 004020d0 f template.obj
 0001:00001110       ?GetInfo@TObjectInstance@@QAEPAUSObjectInfo@@XZ 00402110 f template.obj
 0001:00001160       ?GetClass@TObjectClass@@SAPAV1@H@Z 00402160 f template.obj
 0001:00001190       ?GetObjType@TObjectClass@@QAEPAUSObjectInfo@@H@Z 00402190 f template.obj
 0001:000011c0       ??A?$TArray@USObjectInfo@@$0EAA@@@QAEAAUSObjectInfo@@H@Z 004021c0 f template.obj
 0001:00001200       ?GetPos@TObjectInstance@@QAEXAAUS3DPoint@@@Z 00402200 f template.obj
 0001:00001240       ??0SObjectDef@@QAE@XZ      00402240 f template.obj
 0001:00001280       ?AlphaDecompress8@@YAHPAUSDrawBlock@@PAUSDrawParam@@PAK@Z 00402280 f decompress8.obj
 0001:000016a8       ?AlphaStaticZDecompress8@@YAHPAUSDrawBlock@@PAUSDrawParam@@PAK@Z 004026a8 f decompress8.obj
 0001:00001b1a       ?ZBufferDecompress8@@YAHPAUSDrawBlock@@PAUSDrawParam@@PAK@Z 00402b1a f decompress8.obj
 0001:00001ea6       ?ClipZBufferDecompress8@@YAHPAUSDrawBlock@@PAUSDrawParam@@PAK@Z 00402ea6 f decompress8.obj
 0001:00002370       ?SetupDraw816@@YAXPAH00000PAUSDrawBlock@@PAUSDrawParam@@@Z 00403370 f decompress8.obj
 0001:000024dd       ??0T3DLight@@QAE@AAU_D3DLIGHT@@@Z 004034dd f 3dscene.obj
 0001:00002515       ??1T3DLight@@QAE@XZ        00403515 f 3dscene.obj
 0001:00002533       ?Initialize@T3DLight@@QAEHXZ 00403533 f 3dscene.obj
 0001:0000260f       ?Close@T3DLight@@QAEHXZ    0040360f f 3dscene.obj
 0001:0000268f       ?SetIntensity@T3DLight@@QAEXMMM@Z 0040368f f 3dscene.obj
 0001:000026d9       ?SetColor@T3DLight@@QAEXMMM@Z 004036d9 f 3dscene.obj
 0001:0000272d       ?SetPosition@T3DLight@@QAEXMMM@Z 0040372d f 3dscene.obj
 0001:00002777       ??0T3DScene@@QAE@XZ        00403777 f 3dscene.obj
 0001:00002799       ??1T3DScene@@QAE@XZ        00403799 f 3dscene.obj
 0001:000027b7       ?Initialize@T3DScene@@QAEHHHHH@Z 004037b7 f 3dscene.obj
 0001:0000302c       ?Close@T3DScene@@QAEHXZ    0040402c f 3dscene.obj
 0001:0000311f       ?SetCameraPos@T3DScene@@QAEXAAUS3DPoint@@H@Z 0040411f f 3dscene.obj
 0001:00003204       ?DrawScene@T3DScene@@QAEHXZ 00404204 f 3dscene.obj
 0001:00003742       ?AdjustAmbientLight@T3DScene@@QAEXH@Z 00404742 f 3dscene.obj
 0001:00003813       ?SetAmbientLight@T3DScene@@QAEXUSColor@@@Z 00404813 f 3dscene.obj
 0001:000038ec       ?AddLight@T3DScene@@QAEHAAUS3DPoint@@USColor@@H@Z 004048ec f 3dscene.obj
 0001:00003aac       ?DeleteLight@T3DScene@@QAEHH@Z 00404aac f 3dscene.obj
 0001:00003b07       ?SetLightIntensity@T3DScene@@QAEHHH@Z 00404b07 f 3dscene.obj
 0001:00003bb1       ?SetLightColor@T3DScene@@QAEHHUSColor@@@Z 00404bb1 f 3dscene.obj
 0001:00003c83       ?SetLightPosition@T3DScene@@QAEHHAAUS3DPoint@@@Z 00404c83 f 3dscene.obj
 0001:00003d43       ?GetNumLights@T3DScene@@QAEHXZ 00404d43 f 3dscene.obj
 0001:00003d63       ?AddAnimator@T3DScene@@QAEHPAVT3DAnimator@@@Z 00404d63 f 3dscene.obj
 0001:00003d9f       ?RemoveAnimator@T3DScene@@QAEHK@Z 00404d9f f 3dscene.obj
 0001:00003e06       ?GetNumAnimators@T3DScene@@QAEHXZ 00404e06 f 3dscene.obj
 0001:00003e26       ?EnumTextureFormatsCallback@@YGJPAU_DDSURFACEDESC@@PAX@Z 00404e26 f 3dscene.obj
 0001:00003e86       ?SetTargetBitCount@T3DScene@@QAEXH@Z 00404e86 f 3dscene.obj
 0001:00003ea6       ?GetTextureFormats@T3DScene@@QAEXXZ 00404ea6 f 3dscene.obj
 0001:00003ee0       ??0?$TPointerArray@VT3DAnimator@@$0IA@@@QAE@XZ 00404ee0 f 3dscene.obj
 0001:00003f10       ??0?$TPointerArray@VT3DLight@@$0EA@@@QAE@XZ 00404f10 f 3dscene.obj
 0001:00003f40       ?Add@?$TPointerArray@VT3DLight@@$0EA@@@QAEHPAVT3DLight@@@Z 00404f40 f 3dscene.obj
 0001:00003fd0       ?Clear@?$TPointerArray@VT3DAnimator@@$0IA@@@QAEXXZ 00404fd0 f 3dscene.obj
 0001:00003ff0       ?Delete@?$TPointerArray@VT3DLight@@$0EA@@@QAEXH@Z 00404ff0 f 3dscene.obj
 0001:00004080       ?DeleteAll@?$TPointerArray@VT3DLight@@$0EA@@@QAEXXZ 00405080 f 3dscene.obj
 0001:00004110       ??_GT3DLight@@QAEPAXI@Z    00405110 f 3dscene.obj
 0001:00004150       ?NumItems@?$TPointerArray@VT3DAnimator@@$0IA@@@QAEHXZ 00405150 f 3dscene.obj
 0001:00004170       ??A?$TPointerArray@VT3DAnimator@@$0IA@@@QAEPAVT3DAnimator@@H@Z 00405170 f 3dscene.obj
 0001:000041a0       ??A?$TPointerArray@VT3DLight@@$0EA@@@QAEPAVT3DLight@@H@Z 004051a0 f 3dscene.obj
 0001:000041d0       ?NumItems@?$TPointerArray@VT3DLight@@$0EA@@@QAEHXZ 004051d0 f 3dscene.obj
 0001:000041f0       ?Add@?$TPointerArray@VT3DAnimator@@$0IA@@@QAEHPAVT3DAnimator@@@Z 004051f0 f 3dscene.obj
 0001:00004280       ?Remove@?$TPointerArray@VT3DAnimator@@$0IA@@@QAEXH@Z 00405280 f 3dscene.obj
 0001:000042d0       ?RefreshZBuffer@T3DAnimator@@QAEXXZ 004052d0 f 3dscene.obj
 0001:00004370       ??0TWeaponBuilder@@QAE@XZ  00405370 f weapon.obj
 0001:000043a0       ?Build@TWeaponBuilder@@UAEPAVTObjectInstance@@PAVTObjectImagery@@@Z 004053a0 f weapon.obj
 0001:00004440       ??0TWeapon@@QAE@PAVTObjectImagery@@@Z 00405440 f weapon.obj
 0001:000044c0       ?SetFlags@TObjectInstance@@UAEXKK@Z 004054c0 f weapon.obj
 0001:000044f0       ?ResetFlags@TObjectInstance@@UAEXK@Z 004054f0 f weapon.obj
 0001:00004520       ?SetAmount@TObjectInstance@@UAEXH@Z 00405520 f weapon.obj
 0001:00004540       ?GetAmount@TObjectInstance@@UAEHXZ 00405540 f weapon.obj
 0001:00004560       ?SetState@TObjectInstance@@UAEHPAD@Z 00405560 f weapon.obj
 0001:000045a0       ?HasAnimator@TObjectInstance@@UAEHXZ 004055a0 f weapon.obj
 0001:000045e0       ?GetAnimator@TObjectInstance@@UAEPAVTObjectAnimator@@XZ 004055e0 f weapon.obj
 0001:00004600       ?IsInInventory@TObjectInstance@@UAEHXZ 00405600 f weapon.obj
 0001:00004640       ?GetScreenRect@TObjectInstance@@UAEXAAUSRect@@@Z 00405640 f weapon.obj
 0001:00004690       ?DrawUnlit@TObjectInstance@@UAEXPAVTSurface@@@Z 00405690 f weapon.obj
 0001:000046e0       ?GetZ@TObjectInstance@@UAEHPAVTSurface@@@Z 004056e0 f weapon.obj
 0001:00004730       ?DrawInvItem@TObjectInstance@@UAEXHH@Z 00405730 f weapon.obj
 0001:00004780       ?AlwaysOnTop@TObjectInstance@@UAEHXZ 00405780 f weapon.obj
 0001:000047d0       ?GetStillImage@TObjectInstance@@UAEPAVTBitmap@@H@Z 004057d0 f weapon.obj
 0001:00004850       ?GetState@TObjectInstance@@QAEEXZ 00405850 f weapon.obj
 0001:00004870       ?InventoryImage@TObjectInstance@@UAEPAVTBitmap@@XZ 00405870 f weapon.obj
 0001:000048d0       ?IsInventoryItem@TObjectInstance@@UAEHXZ 004058d0 f weapon.obj
 0001:00004940       ?FindState@TObjectInstance@@UAEHPAD@Z 00405940 f weapon.obj
 0001:00004990       ?CommandDone@TObjectInstance@@UAEHXZ 00405990 f weapon.obj
 0001:000049b0       ??_ETWeapon@@UAEPAXI@Z     004059b0 f weapon.obj
 0001:000049b0       ??_GTWeapon@@UAEPAXI@Z     004059b0 f weapon.obj
 0001:000049f0       ??1TWeapon@@UAE@XZ         004059f0 f weapon.obj
 0001:00004a50       ?Build@TWeaponBuilder@@UAEPAVTObjectInstance@@PAVSObjectDef@@PAVTObjectImagery@@@Z 00405a50 f weapon.obj
 0001:00004af0       ??0TWeapon@@QAE@PAVSObjectDef@@PAVTObjectImagery@@@Z 00405af0 f weapon.obj
 0001:00004b70       ?NumSprites@@YAHXZ         00405b70 f spritelist.obj
 0001:00004b82       ?FreeSprites@@YAHXZ        00405b82 f spritelist.obj
 0001:00004b94       ?AllocPlayer@TSpriteList@@IAEPAVTAnimSprite@@PAVTAnimation@@@Z 00405b94 f spritelist.obj
 0001:00004bae       ?FreePlayer@TSpriteList@@IAEXPAVTAnimSprite@@@Z 00405bae f spritelist.obj
 0001:00004bc6       ?AnimationDone@TSpriteList@@IAEHPAVTAnimSprite@@@Z 00405bc6 f spritelist.obj
 0001:00004be0       ?Clear@TSpriteList@@IAEXXZ 00405be0 f spritelist.obj
 0001:00004bf6       ?Animate@TSpriteList@@IAEXPAVTSurface@@@Z 00405bf6 f spritelist.obj
 0001:00004c80       ??0TTileBuilder@@QAE@XZ    00405c80 f tile.obj
 0001:00004cb0       ?Build@TTileBuilder@@UAEPAVTObjectInstance@@PAVTObjectImagery@@@Z 00405cb0 f tile.obj
 0001:00004d50       ??0TTile@@QAE@PAVTObjectImagery@@@Z 00405d50 f tile.obj
 0001:00004dd0       ??_ETTile@@UAEPAXI@Z       00405dd0 f tile.obj
 0001:00004dd0       ??_GTTile@@UAEPAXI@Z       00405dd0 f tile.obj
 0001:00004e10       ??1TTile@@UAE@XZ           00405e10 f tile.obj
 0001:00004e70       ?Build@TTileBuilder@@UAEPAVTObjectInstance@@PAVSObjectDef@@PAVTObjectImagery@@@Z 00405e70 f tile.obj
 0001:00004f10       ??0TTile@@QAE@PAVSObjectDef@@PAVTObjectImagery@@@Z 00405f10 f tile.obj
 0001:00004f90       ?ZBufferDecompress32@@YAHPAUSDrawBlock@@PAUSDrawParam@@@Z 00405f90 f decompress32.obj
 0001:0000532f       ?ClipZBufferDecompress32@@YAHPAUSDrawBlock@@PAUSDrawParam@@@Z 0040632f f decompress32.obj
 0001:00005850       ?SetupDraw32@@YAXPAH00000PAUSDrawBlock@@PAUSDrawParam@@@Z 00406850 f decompress32.obj
 0001:00005940       ??0TBitmapSurface@@QAE@XZ  00406940 f bmsurface.obj
 0001:000059af       ??1TBitmapSurface@@UAE@XZ  004069af f bmsurface.obj
 0001:00005a4c       ?Initialize@TBitmapSurface@@QAEXHHH@Z 00406a4c f bmsurface.obj
 0001:00005b52       ?Initialize@TBitmapSurface@@QAEXPAVTBitmap@@@Z 00406b52 f bmsurface.obj
 0001:00005c4b       ?Rect@TBitmapSurface@@UAEHHHHHAAUSColor@@@Z 00406c4b f bmsurface.obj
 0001:00005c68       ?Rect@TBitmapSurface@@UAEHUSRect@@AAUSColor@@@Z 00406c68 f bmsurface.obj
 0001:00005c85       ?Box@TBitmapSurface@@UAEHHHHHAAUSColor@@@Z 00406c85 f bmsurface.obj
 0001:00005ca2       ?Line@TBitmapSurface@@UAEHHHHHAAUSColor@@@Z 00406ca2 f bmsurface.obj
 0001:00005cbf       ?Copy@TBitmapSurface@@UAEHPAVTBitmap@@@Z 00406cbf f bmsurface.obj
 0001:00005cdc       ?BlitPrimary@TBitmapSurface@@UAEHPAUSDrawParam@@PAVTSurface@@H@Z 00406cdc f bmsurface.obj
 0001:00005d00       ?GetDDSurface@TSurface@@UAEPAUIDirectDrawSurface@@XZ 00406d00 f bmsurface.obj
 0001:00005d20       ?BitsPerPixel@TSurface@@UAEHXZ 00406d20 f bmsurface.obj
 0001:00005d40       ?GetZBuffer@TSurface@@UAEPAV1@XZ 00406d40 f bmsurface.obj
 0001:00005d60       ?GetNormalBuffer@TSurface@@UAEPAV1@XZ 00406d60 f bmsurface.obj
 0001:00005d80       ?SetOrigin@TSurface@@UAEXHH@Z 00406d80 f bmsurface.obj
 0001:00005db0       ?SetClipRect@TSurface@@UAEXHHHH@Z 00406db0 f bmsurface.obj
 0001:00005df0       ?SetClipMode@TSurface@@UAEXH@Z 00406df0 f bmsurface.obj
 0001:00005e20       ?GetDrawCallBack@TSurface@@UAEP6AXPAUSDrawBlock@@PAUSDrawParam@@@ZXZ 00406e20 f bmsurface.obj
 0001:00005e40       ?Lock@TBitmapSurface@@UAEPAXXZ 00406e40 f bmsurface.obj
 0001:00005e70       ?Unlock@TBitmapSurface@@UAEHXZ 00406e70 f bmsurface.obj
 0001:00005e90       ?Lost@TBitmapSurface@@UAEHXZ 00406e90 f bmsurface.obj
 0001:00005eb0       ??_GTBitmapSurface@@UAEPAXI@Z 00406eb0 f bmsurface.obj
 0001:00005eb0       ??_ETBitmapSurface@@UAEPAXI@Z 00406eb0 f bmsurface.obj
 0001:00005f86       ?SetText@TScroll@@QAEXPAD@Z 00406f86 f scroll.obj
 0001:00006011       ?Load@TScroll@@UAEXAAVTInputStream@@@Z 00407011 f scroll.obj
 0001:000060cd       ?Save@TScroll@@UAEXAAVTOutputStream@@@Z 004070cd f scroll.obj
 0001:00006173       ?Use@TScroll@@UAEHH@Z      00407173 f scroll.obj
 0001:000061af       ?ScrollBtnScrollUp@@YAXXZ  004071af f scroll.obj
 0001:000061cb       ?ScrollBtnScrollDown@@YAXXZ 004071cb f scroll.obj
 0001:000061e7       ?ScrollBtnExit@@YAXXZ      004071e7 f scroll.obj
 0001:00006201       ?Initialize@TScrollPane@@UAEHXZ 00407201 f scroll.obj
 0001:000063e2       ?Close@TScrollPane@@UAEXXZ 004073e2 f scroll.obj
 0001:00006454       ?DrawBackground@TScrollPane@@UAEXXZ 00407454 f scroll.obj
 0001:000065f1       ?KeyPress@TScrollPane@@UAEXHH@Z 004075f1 f scroll.obj
 0001:000066a5       ?SetScroll@TScrollPane@@QAEXPAVTScroll@@@Z 004076a5 f scroll.obj
 0001:00006738       ?Scroll@TScrollPane@@QAEXH@Z 00407738 f scroll.obj
 0001:000067e0       ?LoadMulti@TMulti@@SAPAV1@PAD@Z 004077e0 f scroll.obj
 0001:00006800       ??3TMulti@@SAXPAX@Z        00407800 f scroll.obj
 0001:00006820       ?Bitmap@TMulti@@QAEPAVTBitmap@@PAD@Z 00407820 f scroll.obj
 0001:00006850       ?Font@TMulti@@QAEPAVTFont@@PAD@Z 00407850 f scroll.obj
 0001:00006880       ??5TInputStream@@QAEAAV0@AAF@Z 00407880 f scroll.obj
 0001:000068c0       ??5TInputStream@@QAEAAV0@AAD@Z 004078c0 f scroll.obj
 0001:000068f0       ??6TOutputStream@@QAEAAV0@F@Z 004078f0 f scroll.obj
 0001:00006920       ??6TOutputStream@@QAEAAV0@D@Z 00407920 f scroll.obj
 0001:00006950       ?IsDirty@TPane@@QAEHXZ     00407950 f scroll.obj
 0001:00006970       ?RemovePane@TScreen@@QAEPAVTPane@@PAV2@@Z 00407970 f scroll.obj
 0001:000069a0       ?SetExclusivePane@TScreen@@QAEHPAVTPane@@H@Z 004079a0 f scroll.obj
 0001:000069e0       ?ReleaseExclusivePane@TScreen@@QAEXPAVTPane@@@Z 004079e0 f scroll.obj
 0001:00006a10       ?Hide@TButton@@QAEXXZ      00407a10 f scroll.obj
 0001:00006a40       ?SetDirty@TButton@@QAEXXZ  00407a40 f scroll.obj
 0001:00006a60       ?Show@TButton@@QAEXXZ      00407a60 f scroll.obj
 0001:00006a90       ?Button@TButtonPane@@QAEPAVTButton@@H@Z 00407a90 f scroll.obj
 0001:00006ac0       ??A?$TPointerArray@VTButton@@$0EA@@@QAEPAVTButton@@H@Z 00407ac0 f scroll.obj
 0001:00006af0       ?GetText@TScroll@@QAEPADXZ 00407af0 f scroll.obj
 0001:00006b10       ??0TScrollBuilder@@QAE@XZ  00407b10 f scroll.obj
 0001:00006b40       ?Build@TScrollBuilder@@UAEPAVTObjectInstance@@PAVTObjectImagery@@@Z 00407b40 f scroll.obj
 0001:00006be0       ??0TScroll@@QAE@PAVTObjectImagery@@@Z 00407be0 f scroll.obj
 0001:00006c70       ??_ETScroll@@UAEPAXI@Z     00407c70 f scroll.obj
 0001:00006c70       ??_GTScroll@@UAEPAXI@Z     00407c70 f scroll.obj
 0001:00006cb0       ??1TScroll@@UAE@XZ         00407cb0 f scroll.obj
 0001:00006d10       ?Build@TScrollBuilder@@UAEPAVTObjectInstance@@PAVSObjectDef@@PAVTObjectImagery@@@Z 00407d10 f scroll.obj
 0001:00006db0       ??0TScroll@@QAE@PAVSObjectDef@@PAVTObjectImagery@@@Z 00407db0 f scroll.obj
 0001:00006e40       ??0TScrollPane@@QAE@XZ     00407e40 f scroll.obj
 0001:00006e80       ?SetBackgroundBuffer@TPane@@UAEXH@Z 00407e80 f scroll.obj
 0001:00006eb0       ?SetPos@TPane@@UAEXHH@Z    00407eb0 f scroll.obj
 0001:00006ee0       ?SetDirty@TPane@@UAEXH@Z   00407ee0 f scroll.obj
 0001:00006f10       ?Show@TPane@@UAEXXZ        00407f10 f scroll.obj
 0001:00006f50       ?Hide@TPane@@UAEXXZ        00407f50 f scroll.obj
 0001:00006f80       ?SetIgnoreInput@TPane@@UAEXH@Z 00407f80 f scroll.obj
 0001:00006fb0       ?IsHidden@TPane@@UAEHXZ    00407fb0 f scroll.obj
 0001:00006fd0       ?IsIgnoringInput@TPane@@UAEHXZ 00407fd0 f scroll.obj
 0001:00006ff0       ?Animate@TPane@@UAEXH@Z    00407ff0 f scroll.obj
 0001:00007010       ?Overlay@TPane@@UAEXH@Z    00408010 f scroll.obj
 0001:00007030       ?CharPress@TPane@@UAEXHH@Z 00408030 f scroll.obj
 0001:00007050       ?Joystick@TPane@@UAEXHHH@Z 00408050 f scroll.obj
 0001:00007070       ?Command@TPane@@UAEXH@Z    00408070 f scroll.obj
 0001:00007090       ??0TButtonPane@@QAE@HHHH@Z 00408090 f scroll.obj
 0001:000070e0       ??0TPane@@QAE@HHHH@Z       004080e0 f scroll.obj
 0001:00007130       ?Close@TPane@@UAEXXZ       00408130 f scroll.obj
 0001:00007150       ?Update@TPane@@UAEXXZ      00408150 f scroll.obj
 0001:00007170       ?DrawBackground@TPane@@UAEXXZ 00408170 f scroll.obj
 0001:00007190       ?MouseClick@TPane@@UAEXHHH@Z 00408190 f scroll.obj
 0001:000071b0       ?MouseMove@TPane@@UAEXHHH@Z 004081b0 f scroll.obj
 0001:000071d0       ?KeyPress@TPane@@UAEXHH@Z  004081d0 f scroll.obj
 0001:000071f0       ?Update@TButtonPane@@UAEXXZ 004081f0 f scroll.obj
 0001:00007220       ??0?$TPointerArray@VTButton@@$0EA@@@QAE@XZ 00408220 f scroll.obj
 0001:00007250       ??0TPlayScreen@@QAE@XZ     00408250 f playscreen.obj
 0001:000072cc       ?Initialize@TPlayScreen@@UAEHXZ 004082cc f playscreen.obj
 0001:00007794       ?Close@TPlayScreen@@UAEXXZ 00408794 f playscreen.obj
 0001:000078c8       ?DrawBackground@TPlayScreen@@UAEXXZ 004088c8 f playscreen.obj
 0001:000079d3       ?Animate@TPlayScreen@@UAEXH@Z 004089d3 f playscreen.obj
 0001:00007c32       ?KeyPress@TPlayScreen@@UAEXHH@Z 00408c32 f playscreen.obj
 0001:00008041       ?LoadEnvironment@TPlayScreen@@QAEHPADH@Z 00409041 f playscreen.obj
 0001:000081b6       ?SaveEnvironment@TPlayScreen@@QAEHPAD@Z 004091b6 f playscreen.obj
 0001:00008323       ?RedrawInterface@TPlayScreen@@QAEXXZ 00409323 f playscreen.obj
 0001:00008350       ??_GTPlayScreen@@UAEPAXI@Z 00409350 f playscreen.obj
 0001:00008350       ??_ETPlayScreen@@UAEPAXI@Z 00409350 f playscreen.obj
 0001:00008390       ??1TPlayScreen@@UAE@XZ     00409390 f playscreen.obj
 0001:000083f0       ?ptr@OFFSET@@QAEPAXXZ      004093f0 f playscreen.obj
 0001:00008430       ??0S3DPoint@@QAE@HHH@Z     00409430 f playscreen.obj
 0001:00008470       ?Width@TSurface@@QAEHXZ    00409470 f playscreen.obj
 0001:00008490       ?Height@TSurface@@QAEHXZ   00409490 f playscreen.obj
 0001:000084b0       ?FrontBuffer@TDisplay@@QAEPAVTSurface@@XZ 004094b0 f playscreen.obj
 0001:000084d0       ?InCompleteExclusion@TScreen@@QAEHXZ 004094d0 f playscreen.obj
 0001:00008520       ?FreeClasses@TObjectClass@@SAXXZ 00409520 f playscreen.obj
 0001:00008530       ?SetDLightIntensity@TMapPane@@QAEXE@Z 00409530 f playscreen.obj
 0001:00008590       ?GetMapPos@TMapPane@@QAEXAAUS3DPoint@@@Z 00409590 f playscreen.obj
 0001:000085c0       ??0TLogoScreen@@QAE@XZ     004095c0 f logoscreen.obj
 0001:0000863c       ?Initialize@TLogoScreen@@UAEHXZ 0040963c f logoscreen.obj
 0001:00008669       ?InitScreenRestore@TLogoScreen@@QAEXXZ 00409669 f logoscreen.obj
 0001:0000867f       ?Close@TLogoScreen@@UAEXXZ 0040967f f logoscreen.obj
 0001:00008695       ?DrawBackground@TLogoScreen@@UAEXXZ 00409695 f logoscreen.obj
 0001:000086ab       ?Animate@TLogoScreen@@UAEXH@Z 004096ab f logoscreen.obj
 0001:000086c3       ?MouseClick@TLogoScreen@@UAEXHHH@Z 004096c3 f logoscreen.obj
 0001:000086db       ?KeyPress@TLogoScreen@@UAEXHH@Z 004096db f logoscreen.obj
 0001:000086f3       ?Joystick@TLogoScreen@@UAEXHHH@Z 004096f3 f logoscreen.obj
 0001:0000870b       ?Command@TLogoScreen@@UAEXH@Z 0040970b f logoscreen.obj
 0001:00008723       ?ShowScreen@TLogoScreen@@SAPAVTScreen@@PAV2@H@Z 00409723 f logoscreen.obj
 0001:000087eb       ?TimerTick@TLogoScreen@@UAEHH@Z 004097eb f logoscreen.obj
 0001:00008906       ?TimerLoop@TLogoScreen@@UAEHJ@Z 00409906 f logoscreen.obj
 0001:000089a0       ??_GTLogoScreen@@UAEPAXI@Z 004099a0 f logoscreen.obj
 0001:000089a0       ??_ETLogoScreen@@UAEPAXI@Z 004099a0 f logoscreen.obj
 0001:000089e0       ??1TLogoScreen@@UAE@XZ     004099e0 f logoscreen.obj
 0001:00008a40       ?ClockTicks@TTimer@@QAEHXZ 00409a40 f logoscreen.obj
 0001:00008a60       ?Hwnd@TMainWindow@@QAEPAXXZ 00409a60 f logoscreen.obj
 0001:00008a80       ?GetNextScreen@TScreen@@QAEPAV1@XZ 00409a80 f logoscreen.obj
 0001:00008b07       ?ClearObject@TPlayer@@UAEXXZ 00409b07 f player.obj
 0001:00008b71       ?TryPickup@TPlayer@@UAEHPAUSActionBlock@@H@Z 00409b71 f player.obj
 0001:00008c22       ?Move@TPlayer@@UAEKXZ      00409c22 f player.obj
 0001:00008d22       ?GetOnYerHog@TPlayer@@QAEXXZ 00409d22 f player.obj
 0001:00008ea0       ??0TPlayerBuilder@@QAE@XZ  00409ea0 f player.obj
 0001:00008ed0       ?Build@TPlayerBuilder@@UAEPAVTObjectInstance@@PAVTObjectImagery@@@Z 00409ed0 f player.obj
 0001:00008f70       ??0TPlayer@@QAE@PAVTObjectImagery@@@Z 00409f70 f player.obj
 0001:00008ff0       ?GetZ@TPlayer@@UAEHPAVTSurface@@@Z 00409ff0 f player.obj
 0001:00009010       ?AlwaysOnTop@TPlayer@@UAEHXZ 0040a010 f player.obj
 0001:00009030       ??_GTPlayer@@UAEPAXI@Z     0040a030 f player.obj
 0001:00009030       ??_ETPlayer@@UAEPAXI@Z     0040a030 f player.obj
 0001:00009070       ??1TCharacter@@UAE@XZ      0040a070 f player.obj
 0001:000090d0       ??1TPlayer@@UAE@XZ         0040a0d0 f player.obj
 0001:00009130       ?Build@TPlayerBuilder@@UAEPAVTObjectInstance@@PAVSObjectDef@@PAVTObjectImagery@@@Z 0040a130 f player.obj
 0001:000091d0       ??0TPlayer@@QAE@PAVSObjectDef@@PAVTObjectImagery@@@Z 0040a1d0 f player.obj
 0001:00009280       ??0TMultiAnimImageryBuilder@@QAE@XZ 0040a280 f multianimimage.obj
 0001:000092b0       ?Build@TMultiAnimImageryBuilder@@UAEPAVTObjectImagery@@H@Z 0040a2b0 f multianimimage.obj
 0001:00009350       ??0TMultiAnimImagery@@QAE@H@Z 0040a350 f multianimimage.obj
 0001:000093d0       ?DrawLight@TObjectImagery@@UAEXPAVTObjectInstance@@PAVTSurface@@@Z 0040a3d0 f multianimimage.obj
 0001:000093f0       ?SaveHeader@TObjectImagery@@UAEXXZ 0040a3f0 f multianimimage.obj
 0001:00009420       ?NumStates@TObjectImagery@@UAEHXZ 0040a420 f multianimimage.obj
 0001:00009450       ?SetHeaderDirty@TObjectImagery@@UAEXH@Z 0040a450 f multianimimage.obj
 0001:00009480       ?GetHeaderDirty@TObjectImagery@@UAEHXZ 0040a480 f multianimimage.obj
 0001:000094a0       ?SetBodyDirty@TObjectImagery@@UAEXH@Z 0040a4a0 f multianimimage.obj
 0001:000094d0       ?GetBodyDirty@TObjectImagery@@UAEHXZ 0040a4d0 f multianimimage.obj
 0001:000094f0       ?GetWalkMap@TObjectImagery@@UAEPAEH@Z 0040a4f0 f multianimimage.obj
 0001:00009550       ?GetRegX@TObjectImagery@@UAEHH@Z 0040a550 f multianimimage.obj
 0001:000095a0       ?GetRegY@TObjectImagery@@UAEHH@Z 0040a5a0 f multianimimage.obj
 0001:000095f0       ?GetRegZ@TObjectImagery@@UAEHH@Z 0040a5f0 f multianimimage.obj
 0001:00009640       ?SetReg@TObjectImagery@@UAEXHHHH@Z 0040a640 f multianimimage.obj
 0001:000096d0       ?GetAnimRegX@TObjectImagery@@UAEHH@Z 0040a6d0 f multianimimage.obj
 0001:00009720       ?GetAnimRegY@TObjectImagery@@UAEHH@Z 0040a720 f multianimimage.obj
 0001:00009770       ?GetAnimRegZ@TObjectImagery@@UAEHH@Z 0040a770 f multianimimage.obj
 0001:000097c0       ?SetAnimReg@TObjectImagery@@UAEXHHHH@Z 0040a7c0 f multianimimage.obj
 0001:00009850       ?GetFlags@TObjectImagery@@UAEHH@Z 0040a850 f multianimimage.obj
 0001:00009880       ?GetAniFlags@TObjectImagery@@UAEHH@Z 0040a880 f multianimimage.obj
 0001:000098c0       ?GetAniLength@TObjectImagery@@UAEHH@Z 0040a8c0 f multianimimage.obj
 0001:00009900       ?GetInvAniFlags@TObjectImagery@@UAEHH@Z 0040a900 f multianimimage.obj
 0001:00009940       ?GetInvAniLength@TObjectImagery@@UAEHH@Z 0040a940 f multianimimage.obj
 0001:00009980       ?GetWidth@TObjectImagery@@UAEHH@Z 0040a980 f multianimimage.obj
 0001:000099d0       ?GetHeight@TObjectImagery@@UAEHH@Z 0040a9d0 f multianimimage.obj
 0001:00009a20       ?SetWidthHeight@TObjectImagery@@UAEXHHH@Z 0040aa20 f multianimimage.obj
 0001:00009aa0       ?GetWorldBoundBox@TObjectImagery@@UAEXHAAH00@Z 0040aaa0 f multianimimage.obj
 0001:00009b30       ?GetWorldRegX@TObjectImagery@@UAEHH@Z 0040ab30 f multianimimage.obj
 0001:00009b80       ?GetWorldRegY@TObjectImagery@@UAEHH@Z 0040ab80 f multianimimage.obj
 0001:00009bd0       ?GetWorldRegZ@TObjectImagery@@UAEHH@Z 0040abd0 f multianimimage.obj
 0001:00009c20       ?SetWorldReg@TObjectImagery@@UAEXHHHH@Z 0040ac20 f multianimimage.obj
 0001:00009cb0       ?GetObjName@TObjectImagery@@UAEPADH@Z 0040acb0 f multianimimage.obj
 0001:00009cd0       ?GetWeaponObj@TObjectImagery@@UAEHXZ 0040acd0 f multianimimage.obj
 0001:00009cf0       ?GetNumObjs@TObjectImagery@@UAEHXZ 0040acf0 f multianimimage.obj
 0001:00009d10       ??0TAnimImagery@@QAE@H@Z   0040ad10 f multianimimage.obj
 0001:00009d90       ??1TAnimImagery@@UAE@XZ    0040ad90 f multianimimage.obj
 0001:00009e00       ?GetStillImage@TAnimImagery@@UAEPAVTBitmap@@HH@Z 0040ae00 f multianimimage.obj
 0001:00009e30       ?GetAnimState@TAnimImagery@@QAEPAUSAnimImageryState@@H@Z 0040ae30 f multianimimage.obj
 0001:00009e60       ?GetBody@TObjectImagery@@QAEPAUSImageryBody@@XZ 0040ae60 f multianimimage.obj
 0001:00009eb0       ?GetInvImage@TAnimImagery@@UAEPAVTBitmap@@HH@Z 0040aeb0 f multianimimage.obj
 0001:00009ee0       ?GetInvAnimation@TAnimImagery@@UAEPAVTAnimation@@H@Z 0040aee0 f multianimimage.obj
 0001:00009f10       ?GetAnimation@TAnimImagery@@UAEPAVTAnimation@@H@Z 0040af10 f multianimimage.obj
 0001:00009f40       ?GetImageFlags@TAnimImagery@@UAEKH@Z 0040af40 f multianimimage.obj
 0001:00009f70       ??_ETAnimImagery@@UAEPAXI@Z 0040af70 f multianimimage.obj
 0001:00009f70       ??_GTAnimImagery@@UAEPAXI@Z 0040af70 f multianimimage.obj
 0001:00009fb0       ?GetStillImage@TMultiAnimImagery@@UAEPAVTBitmap@@HH@Z 0040afb0 f multianimimage.obj
 0001:00009fe0       ?GetAnimState@TMultiAnimImagery@@QAEPAUSMultiAnimImageryState@@H@Z 0040afe0 f multianimimage.obj
 0001:0000a010       ?GetInvImage@TMultiAnimImagery@@UAEPAVTBitmap@@HH@Z 0040b010 f multianimimage.obj
 0001:0000a040       ?GetAnimation@TMultiAnimImagery@@UAEPAVTAnimation@@H@Z 0040b040 f multianimimage.obj
 0001:0000a070       ?GetImageFlags@TMultiAnimImagery@@UAEKH@Z 0040b070 f multianimimage.obj
 0001:0000a0a0       ??_GTMultiAnimImagery@@UAEPAXI@Z 0040b0a0 f multianimimage.obj
 0001:0000a0a0       ??_ETMultiAnimImagery@@UAEPAXI@Z 0040b0a0 f multianimimage.obj
 0001:0000a0e0       ??1TMultiAnimImagery@@UAE@XZ 0040b0e0 f multianimimage.obj
 0001:0000a1c0       ??0TToolBuilder@@QAE@XZ    0040b1c0 f tool.obj
 0001:0000a1f0       ?Build@TToolBuilder@@UAEPAVTObjectInstance@@PAVTObjectImagery@@@Z 0040b1f0 f tool.obj
 0001:0000a290       ??0TTool@@QAE@PAVTObjectImagery@@@Z 0040b290 f tool.obj
 0001:0000a310       ??_GTTool@@UAEPAXI@Z       0040b310 f tool.obj
 0001:0000a310       ??_ETTool@@UAEPAXI@Z       0040b310 f tool.obj
 0001:0000a350       ??1TTool@@UAE@XZ           0040b350 f tool.obj
 0001:0000a3b0       ?Build@TToolBuilder@@UAEPAVTObjectInstance@@PAVSObjectDef@@PAVTObjectImagery@@@Z 0040b3b0 f tool.obj
 0001:0000a450       ??0TTool@@QAE@PAVSObjectDef@@PAVTObjectImagery@@@Z 0040b450 f tool.obj
 0001:0000ac6b       ?InitSystem@@YAXXZ         0040bc6b f exlmain.obj
 0001:0000acb3       ?CloseSystem@@YAXXZ        0040bcb3 f exlmain.obj
 0001:0000ad6b       ?FatalError@@YAXPAD0@Z     0040bd6b f exlmain.obj
 0001:0000ae2c       ?Error@@YAXPAD0@Z          0040be2c f exlmain.obj
 0001:0000ae4c       ??2@YAPAXI@Z               0040be4c f exlmain.obj
 0001:0000aea1       ??3@YAXPAX@Z               0040bea1 f exlmain.obj
 0001:0000aebd       ?AllocMem@@YAPAXK@Z        0040bebd f exlmain.obj
 0001:0000aed9       ?FreeMem@@YAXPAX@Z         0040bed9 f exlmain.obj
 0001:0000aef5       ?random@@YAHHH@Z           0040bef5 f exlmain.obj
 0001:0000af55       ?GetProgramPaths@@YAXPAD00@Z 0040bf55 f exlmain.obj
 0001:0000b0f4       ?GetParameters@@YAXPAD@Z   0040c0f4 f exlmain.obj
 0001:0000b1bc       ?InitLanguage@@YAHXZ       0040c1bc f exlmain.obj
 0001:0000b1d1       _WinMain@16                0040c1d1 f exlmain.obj
 0001:0000b3a0       ??1TScriptManager@@QAE@XZ  0040c3a0 f exlmain.obj
 0001:0000b400       ??0TMapPane@@QAE@XZ        0040c400 f exlmain.obj
 0001:0000b4a0       ??0SRect@@QAE@XZ           0040c4a0 f exlmain.obj
 0001:0000b4c0       ??0SLightDef@@QAE@XZ       0040c4c0 f exlmain.obj
 0001:0000b4f0       ??1TMapPane@@QAE@XZ        0040c4f0 f exlmain.obj
 0001:0000b510       ?Update@TMapPane@@UAEXXZ   0040c510 f exlmain.obj
 0001:0000b540       ??0SBgUpdateRect@@QAE@XZ   0040c540 f exlmain.obj
 0001:0000b570       ??0TAutoMap@@QAE@XZ        0040c570 f exlmain.obj
 0001:0000b5b0       ??1TAutoMap@@QAE@XZ        0040c5b0 f exlmain.obj
 0001:0000b5d0       ??0TInventory@@QAE@XZ      0040c5d0 f exlmain.obj
 0001:0000b620       ??1TInventory@@QAE@XZ      0040c620 f exlmain.obj
 0001:0000b640       ?Show@TInventory@@UAEXXZ   0040c640 f exlmain.obj
 0001:0000b670       ??0TMainWindow@@QAE@XZ     0040c670 f exlmain.obj
 0001:0000b6a0       ??_ETMainWindow@@UAEPAXI@Z 0040c6a0 f exlmain.obj
 0001:0000b6a0       ??_GTMainWindow@@UAEPAXI@Z 0040c6a0 f exlmain.obj
 0001:0000b6e0       ??0TSaveGame@@QAE@XZ       0040c6e0 f exlmain.obj
 0001:0000b710       ?LoadFont@TFont@@SAPAV1@H@Z 0040c710 f exlmain.obj
 0001:0000b740       ??0TEquipPane@@QAE@XZ      0040c740 f exlmain.obj
 0001:0000b780       ??0TMultiCtrlPane@@QAE@XZ  0040c780 f exlmain.obj
 0001:0000b7c0       ??1TMultiCtrlPane@@QAE@XZ  0040c7c0 f exlmain.obj
 0001:0000b7e0       ??0TSpellPane@@QAE@XZ      0040c7e0 f exlmain.obj
 0001:0000b820       ??1TSpellPane@@QAE@XZ      0040c820 f exlmain.obj
 0001:0000b840       ??0TQuickSpellPane@@QAE@XZ 0040c840 f exlmain.obj
 0001:0000b880       ??1TQuickSpellPane@@QAE@XZ 0040c880 f exlmain.obj
 0001:0000b8a0       ??0TStatPane@@QAE@XZ       0040c8a0 f exlmain.obj
 0001:0000b8e0       ??1TStatPane@@QAE@XZ       0040c8e0 f exlmain.obj
 0001:0000b900       ??1TGameState@@QAE@XZ      0040c900 f exlmain.obj
 0001:0000b970       ??0TScriptManager@@QAE@XZ  0040c970 f exlmain.obj
 0001:0000b9f0       ??0TGameState@@QAE@XZ      0040c9f0 f exlmain.obj
 0001:0000ba20       ??0TTextBar@@QAE@XZ        0040ca20 f exlmain.obj
 0001:0000ba60       ??0THealthBar@@QAE@XZ      0040ca60 f exlmain.obj
 0001:0000baa0       ??0TStatusBar@@QAE@HHHH@Z  0040caa0 f exlmain.obj
 0001:0000bae0       ??0TStaminaBar@@QAE@XZ     0040cae0 f exlmain.obj
 0001:0000bb20       ??0TSoundPlayer@@QAE@XZ    0040cb20 f exlmain.obj
 0001:0000bb60       ??1TSoundPlayer@@QAE@XZ    0040cb60 f exlmain.obj
 0001:0000bbf0       ??0THelperBuilder@@QAE@XZ  0040cbf0 f helper.obj
 0001:0000bc20       ?Build@THelperBuilder@@UAEPAVTObjectInstance@@PAVTObjectImagery@@@Z 0040cc20 f helper.obj
 0001:0000bcc0       ??0THelper@@QAE@PAVTObjectImagery@@@Z 0040ccc0 f helper.obj
 0001:0000bd40       ??_GTHelper@@UAEPAXI@Z     0040cd40 f helper.obj
 0001:0000bd40       ??_ETHelper@@UAEPAXI@Z     0040cd40 f helper.obj
 0001:0000bd80       ??1THelper@@UAE@XZ         0040cd80 f helper.obj
 0001:0000bde0       ?Build@THelperBuilder@@UAEPAVTObjectInstance@@PAVSObjectDef@@PAVTObjectImagery@@@Z 0040cde0 f helper.obj
 0001:0000be80       ??0THelper@@QAE@PAVSObjectDef@@PAVTObjectImagery@@@Z 0040ce80 f helper.obj
 0001:0000bf00       ?Initialize@TAutoMap@@UAEHXZ 0040cf00 f automap.obj
 0001:0000bf68       ?Close@TAutoMap@@UAEXXZ    0040cf68 f automap.obj
 0001:0000bf7e       ?DrawBackground@TAutoMap@@UAEXXZ 0040cf7e f automap.obj
 0001:0000c060       ?Put@TSurface@@QAEHHHPAVTBitmap@@HHHHK@Z 0040d060 f automap.obj
 0001:0000c0b0       ?MakeDP@@YAXAAUSDrawParam@@HHHHHHK@Z 0040d0b0 f automap.obj
 0001:0000c180       ?MultiUpdate@TPlayScreen@@QAEXXZ 0040d180 f automap.obj
 0001:0000c1b0       ?TimerCallback@TTimer@@SGXIIKKK@Z 0040d1b0 f timer.obj
 0001:0000c1d2       ??0TTimer@@QAE@XZ          0040d1d2 f timer.obj
 0001:0000c1fe       ??1TTimer@@QAE@XZ          0040d1fe f timer.obj
 0001:0000c23b       ?Close@TTimer@@QAEHXZ      0040d23b f timer.obj
 0001:0000c2a3       ?Initialize@TTimer@@QAEHXZ 0040d2a3 f timer.obj
 0001:0000c3c0       ??0TRangedWeaponBuilder@@QAE@XZ 0040d3c0 f rangedweapon.obj
 0001:0000c3f0       ?Build@TRangedWeaponBuilder@@UAEPAVTObjectInstance@@PAVTObjectImagery@@@Z 0040d3f0 f rangedweapon.obj
 0001:0000c490       ??0TRangedWeapon@@QAE@PAVTObjectImagery@@@Z 0040d490 f rangedweapon.obj
 0001:0000c510       ??_GTRangedWeapon@@UAEPAXI@Z 0040d510 f rangedweapon.obj
 0001:0000c510       ??_ETRangedWeapon@@UAEPAXI@Z 0040d510 f rangedweapon.obj
 0001:0000c550       ??1TRangedWeapon@@UAE@XZ   0040d550 f rangedweapon.obj
 0001:0000c5b0       ?Build@TRangedWeaponBuilder@@UAEPAVTObjectInstance@@PAVSObjectDef@@PAVTObjectImagery@@@Z 0040d5b0 f rangedweapon.obj
 0001:0000c650       ??0TRangedWeapon@@QAE@PAVSObjectDef@@PAVTObjectImagery@@@Z 0040d650 f rangedweapon.obj
 0001:0000c740       ??0TArmorBuilder@@QAE@XZ   0040d740 f armor.obj
 0001:0000c770       ?Build@TArmorBuilder@@UAEPAVTObjectInstance@@PAVTObjectImagery@@@Z 0040d770 f armor.obj
 0001:0000c810       ??0TArmor@@QAE@PAVTObjectImagery@@@Z 0040d810 f armor.obj
 0001:0000c890       ??_GTArmor@@UAEPAXI@Z      0040d890 f armor.obj
 0001:0000c890       ??_ETArmor@@UAEPAXI@Z      0040d890 f armor.obj
 0001:0000c8d0       ??1TArmor@@UAE@XZ          0040d8d0 f armor.obj
 0001:0000c930       ?Build@TArmorBuilder@@UAEPAVTObjectInstance@@PAVSObjectDef@@PAVTObjectImagery@@@Z 0040d930 f armor.obj
 0001:0000c9d0       ??0TArmor@@QAE@PAVSObjectDef@@PAVTObjectImagery@@@Z 0040d9d0 f armor.obj
 0001:0000ca50       ??0TOutputStream@@QAE@HH@Z 0040da50 f Stream.obj
 0001:0000ca96       ??1TOutputStream@@QAE@XZ   0040da96 f Stream.obj
 0001:0000cac6       ?MakeFreeSpace@TOutputStream@@QAEXH@Z 0040dac6 f Stream.obj
 0001:0000cb40       ?DataSize@TOutputStream@@QAEHXZ 0040db40 f Stream.obj
 0001:0000cb70       ?Reset@TOutputStream@@QAEXXZ 0040db70 f Stream.obj
 0001:0000cba0       ??0TLightningAnimator@@QAE@PAVTObjectInstance@@@Z 0040dba0 f lightninganim.obj
 0001:0000cc91       ?Animate@TLightningAnimator@@UAEXH@Z 0040dc91 f lightninganim.obj
 0001:0000cf50       ??1TLightningAnimator@@UAE@XZ 0040df50 f lightninganim.obj
 0001:0000cfc0       ??_GTLightningAnimator@@UAEPAXI@Z 0040dfc0 f lightninganim.obj
 0001:0000cfc0       ??_ETLightningAnimator@@UAEPAXI@Z 0040dfc0 f lightninganim.obj
 0001:0000d000       ?CheckIntersect@TObjectAnimator@@UAEHHPAV1@H@Z 0040e000 f lightninganim.obj
 0001:0000d020       ?GetScreenX@TObjectInstance@@QAEHXZ 0040e020 f lightninganim.obj
 0001:0000d050       ?GetScreenY@TObjectInstance@@QAEHXZ 0040e050 f lightninganim.obj
 0001:0000d080       ?GetScreenX2@TLightningInst@@QAEHXZ 0040e080 f lightninganim.obj
 0001:0000d0c0       ?GetScreenY2@TLightningInst@@QAEHXZ 0040e0c0 f lightninganim.obj
 0001:0000d100       ??0TVideoSurface@@QAE@XZ   0040e100 f ddsurface.obj
 0001:0000d179       ?Initialize@TVideoSurface@@QAEXHH@Z 0040e179 f ddsurface.obj
 0001:0000d278       ?Initialize@TVideoSurface@@QAEXHHPAUIDirectDrawSurface@@@Z 0040e278 f ddsurface.obj
 0001:0000d346       ?Initialize@TVideoSurface@@QAEXPAVTBitmap@@H@Z 0040e346 f ddsurface.obj
 0001:0000d3d2       ?Close@TVideoSurface@@QAEXXZ 0040e3d2 f ddsurface.obj
 0001:0000d41e       ??1TVideoSurface@@UAE@XZ   0040e41e f ddsurface.obj
 0001:0000d48e       ?Restore@TVideoSurface@@UAEHXZ 0040e48e f ddsurface.obj
 0001:0000d509       ?Lock@TVideoSurface@@UAEPAXXZ 0040e509 f ddsurface.obj
 0001:0000d67e       ?Unlock@TVideoSurface@@UAEHXZ 0040e67e f ddsurface.obj
 0001:0000d722       ?Rect@TVideoSurface@@UAEHHHHHAAUSColor@@@Z 0040e722 f ddsurface.obj
 0001:0000d7fa       ?Rect@TVideoSurface@@UAEHUSRect@@AAUSColor@@@Z 0040e7fa f ddsurface.obj
 0001:0000d8ba       ?Box@TVideoSurface@@UAEHHHHHAAUSColor@@@Z 0040e8ba f ddsurface.obj
 0001:0000d8d7       ?Line@TVideoSurface@@UAEHHHHHAAUSColor@@@Z 0040e8d7 f ddsurface.obj
 0001:0000da98       ?BltDraw@TVideoSurface@@AAEHPAUSDrawBlock@@PAUSDrawParam@@PAVTSurface@@@Z 0040ea98 f ddsurface.obj
 0001:0000df17       ?BlitPrimary@TVideoSurface@@UAEHPAUSDrawParam@@PAVTSurface@@H@Z 0040ef17 f ddsurface.obj
 0001:0000dff0       ?Stride@TSurface@@QAEHXZ   0040eff0 f ddsurface.obj
 0001:0000e010       ?KeyColor@TSurface@@QAEHXZ 0040f010 f ddsurface.obj
 0001:0000e030       ?GetDDSurface@TVideoSurface@@UAEPAUIDirectDrawSurface@@XZ 0040f030 f ddsurface.obj
 0001:0000e050       ?Lost@TVideoSurface@@UAEHXZ 0040f050 f ddsurface.obj
 0001:0000e070       ??_ETVideoSurface@@UAEPAXI@Z 0040f070 f ddsurface.obj
 0001:0000e070       ??_GTVideoSurface@@UAEPAXI@Z 0040f070 f ddsurface.obj
 0001:0000e0b0       ?ScriptError@@YAXPADH@Z    0040f0b0 f script.obj
 0001:0000e0e8       ?SkipBlock@@YAXAAVTToken@@@Z 0040f0e8 f script.obj
 0001:0000e19d       ??0TScript@@QAE@PAVTScriptProto@@@Z 0040f19d f script.obj
 0001:0000e1fc       ??1TScript@@QAE@XZ         0040f1fc f script.obj
 0001:0000e212       ?Load@TScript@@QAEHPAD@Z   0040f212 f script.obj
 0001:0000e22f       ?Save@TScript@@QAEHPAD@Z   0040f22f f script.obj
 0001:0000e24c       ?Start@TScript@@QAEXPADH@Z 0040f24c f script.obj
 0001:0000e2f7       ?Triggered@@YAHAAVTToken@@PAVTObjectInstance@@@Z 0040f2f7 f script.obj
 0001:0000e4bb       ?Continue@TScript@@QAEXPAVTObjectInstance@@@Z 0040f4bb f script.obj
 0001:0000e9c0       ?Break@TScript@@QAEXXZ     0040f9c0 f script.obj
 0001:0000e9e0       ?Resume@TScript@@QAEXXZ    0040f9e0 f script.obj
 0001:0000ea00       ?End@TScript@@QAEXXZ       0040fa00 f script.obj
 0001:0000ea2a       ?FitsCriteria@TScriptProto@@QAEHPAVTObjectInstance@@@Z 0040fa2a f script.obj
 0001:0000eaec       ?SetBuffer@TScriptProto@@QAEXPAD@Z 0040faec f script.obj
 0001:0000eb16       ?ParseCriteria@TScriptProto@@QAEHAAVTToken@@@Z 0040fb16 f script.obj
 0001:0000ec21       ?ParseScript@TScriptProto@@QAEHPAD@Z 0040fc21 f script.obj
 0001:0000ee09       ?WriteScript@TScriptProto@@QAEHPAU_iobuf@@@Z 0040fe09 f script.obj
 0001:0000eee8       ?Load@TGameState@@QAEHPAD@Z 0040fee8 f script.obj
 0001:0000f078       ?Save@TGameState@@QAEHPAD@Z 00410078 f script.obj
 0001:0000f095       ?Initialize@TScriptManager@@QAEHXZ 00410095 f script.obj
 0001:0000f0e1       ?Close@TScriptManager@@QAEXXZ 004100e1 f script.obj
 0001:0000f172       ?Load@TScriptManager@@QAEHPAD@Z 00410172 f script.obj
 0001:0000f246       ?Save@TScriptManager@@QAEHPAD@Z 00410246 f script.obj
 0001:0000f2dd       ?ParseScripts@TScriptManager@@QAEXPAD@Z 004102dd f script.obj
 0001:0000f3c0       ?ObjectScript@TScriptManager@@QAEPAVTScript@@PAVTObjectInstance@@@Z 004103c0 f script.obj
 0001:0000f4a0       ??_GTScriptProto@@QAEPAXI@Z 004104a0 f script.obj
 0001:0000f4e0       ??0TStringParseStream@@QAE@PADH@Z 004104e0 f script.obj
 0001:0000f530       ?GetChar@TStringParseStream@@UAEHXZ 00410530 f script.obj
 0001:0000f590       ?Reset@TStringParseStream@@UAEXXZ 00410590 f script.obj
 0001:0000f5c0       ?GetPos@TStringParseStream@@UAEKXZ 004105c0 f script.obj
 0001:0000f5e0       ?SetPos@TStringParseStream@@UAEXK@Z 004105e0 f script.obj
 0001:0000f610       ?LineNum@TStringParseStream@@UAEHXZ 00410610 f script.obj
 0001:0000f670       ?LineNum@TToken@@QAEHXZ    00410670 f script.obj
 0001:0000f6b0       ??0TScriptProto@@QAE@XZ    004106b0 f script.obj
 0001:0000f6f0       ??1TScriptProto@@QAE@XZ    004106f0 f script.obj
 0001:0000f760       ?GetName@TObjectInstance@@QAEPADXZ 00410760 f script.obj
 0001:0000f780       ?SetMouseBitmap@@YAXPAVTBitmap@@@Z 00410780 f cursor.obj
 0001:0000f7a2       ?SetMouseAnim@@YAXPAVTAnimation@@@Z 004107a2 f cursor.obj
 0001:0000f7c4       ?SetDragBitmap@@YAXPAVTBitmap@@HH@Z 004107c4 f cursor.obj
 0001:0000f7ec       ?ClearDragBitmap@@YAXXZ    004107ec f cursor.obj
 0001:0000f806       ?DrawMouseCursor@@YAXXZ    00410806 f cursor.obj
 0001:0000f8b0       ?Initialize@TStatusBar@@UAEHXZ 004108b0 f statusbar.obj
 0001:0000f8d5       ?Close@TStatusBar@@UAEXXZ  004108d5 f statusbar.obj
 0001:0000f913       ?DrawBackground@TStatusBar@@UAEXXZ 00410913 f statusbar.obj
 0001:0000f9be       ?Initialize@THealthBar@@UAEHXZ 004109be f statusbar.obj
 0001:0000fa08       ?DrawBackground@THealthBar@@UAEXXZ 00410a08 f statusbar.obj
 0001:0000fa98       ?Initialize@TStaminaBar@@UAEHXZ 00410a98 f statusbar.obj
 0001:0000fae2       ?DrawBackground@TStaminaBar@@UAEXXZ 00410ae2 f statusbar.obj
 0001:0000fb8f       ??0T3DImagery@@QAE@H@Z     00410b8f f 3dimage.obj
 0001:0000fc58       ??1T3DImagery@@UAE@XZ      00410c58 f 3dimage.obj
 0001:0000fcc8       ?InitializeMesh@T3DImagery@@QAEHPAUS3DImageryBody@@@Z 00410cc8 f 3dimage.obj
 0001:00010674       ?ClearMesh@T3DImagery@@QAEXXZ 00411674 f 3dimage.obj
 0001:0001082c       ?RefreshZBuffer@T3DImagery@@QAEXPAVTObjectInstance@@@Z 0041182c f 3dimage.obj
 0001:0001091a       ?Render@T3DImagery@@UAEHPAVTObjectInstance@@AAU_D3DMATRIX@@HHAAU_D3DRECT@@PAUS3DRect@@3@Z 0041191a f 3dimage.obj
 0001:00010ef6       ?LoadTexture@T3DImagery@@QAEHHPAU_DDSURFACEDESC@@PAXPAUtagPALETTEENTRY@@H@Z 00411ef6 f 3dimage.obj
 0001:0001171e       ?ReleaseTexture@T3DImagery@@QAEXH@Z 0041271e f 3dimage.obj
 0001:00011825       ?SurfacesLost@T3DImagery@@QAEHXZ 00412825 f 3dimage.obj
 0001:0001183d       ?RestoreSurfaces@T3DImagery@@QAEXXZ 0041283d f 3dimage.obj
 0001:00011853       ?GetZ@T3DImagery@@UAEHPAVTObjectInstance@@PAVTSurface@@@Z 00412853 f 3dimage.obj
 0001:00011870       ?NewObjectAnimator@T3DImagery@@UAEPAVTObjectAnimator@@PAVTObjectInstance@@@Z 00412870 f 3dimage.obj
 0001:0001190a       ??0T3DAnimator@@QAE@PAVTObjectInstance@@@Z 0041290a f 3dimage.obj
 0001:00011a18       ??1T3DAnimator@@UAE@XZ     00412a18 f 3dimage.obj
 0001:00011a91       ?Animate@T3DAnimator@@UAEXH@Z 00412a91 f 3dimage.obj
 0001:00011c90       ?SurfacesLost@T3DAnimator@@UAEHXZ 00412c90 f 3dimage.obj
 0001:00011cb1       ?RestoreSurfaces@T3DAnimator@@UAEXXZ 00412cb1 f 3dimage.obj
 0001:00011cd2       ?Render@T3DAnimator@@UAEHXZ 00412cd2 f 3dimage.obj
 0001:00011e5f       ?GetExtents@T3DAnimator@@QAEXAAUSRect@@@Z 00412e5f f 3dimage.obj
 0001:00011ea6       ?Angle@@YAHHH@Z            00412ea6 f 3dimage.obj
 0001:00011f64       ?Distance@@YAHHH@Z         00412f64 f 3dimage.obj
 0001:00011fc8       ?GetObjBoundParams@T3DAnimator@@QAEXHAAUSBoundParams@@@Z 00412fc8 f 3dimage.obj
 0001:00012234       ?CheckIntersect@T3DAnimator@@UAEHHPAVTObjectAnimator@@H@Z 00413234 f 3dimage.obj
 0001:0001241f       ??0T3DHelperImagery@@QAE@H@Z 0041341f f 3dimage.obj
 0001:000124a1       ??1T3DHelperImagery@@UAE@XZ 004134a1 f 3dimage.obj
 0001:00012511       ?Render@T3DHelperImagery@@UAEHPAVTObjectInstance@@AAU_D3DMATRIX@@HHAAU_D3DRECT@@PAUS3DRect@@3@Z 00413511 f 3dimage.obj
 0001:00012bc0       ?SetWorldBoundBox@T3DHelperImagery@@UAEXHHHH@Z 00413bc0 f 3dimage.obj
 0001:00012c60       ??_GT3DImagery@@UAEPAXI@Z  00413c60 f 3dimage.obj
 0001:00012c60       ??_ET3DImagery@@UAEPAXI@Z  00413c60 f 3dimage.obj
 0001:00012ca0       ??BOFFSET@@QAEPAXXZ        00413ca0 f 3dimage.obj
 0001:00012ce0       ??BOFFSET@@QAEKXZ          00413ce0 f 3dimage.obj
 0001:00012d00       ??_GT3DAnimator@@UAEPAXI@Z 00413d00 f 3dimage.obj
 0001:00012d00       ??_ET3DAnimator@@UAEPAXI@Z 00413d00 f 3dimage.obj
 0001:00012d40       ??0S3DRect@@QAE@XZ         00413d40 f 3dimage.obj
 0001:00012d70       ??XS3DPoint@@QAEAAU0@H@Z   00413d70 f 3dimage.obj
 0001:00012de0       ?Rotate@@YAXHAAH0@Z        00413de0 f 3dimage.obj
 0001:00012e80       ?DrawUnlit@TObjectImagery@@UAEXPAVTObjectInstance@@PAVTSurface@@@Z 00413e80 f 3dimage.obj
 0001:00012ea0       ??_ET3DHelperImagery@@UAEPAXI@Z 00413ea0 f 3dimage.obj
 0001:00012ea0       ??_GT3DHelperImagery@@UAEPAXI@Z 00413ea0 f 3dimage.obj
 0001:00012ee0       ?DrawLit@TObjectImagery@@UAEXPAVTObjectInstance@@PAVTSurface@@@Z 00413ee0 f 3dimage.obj
 0001:00012f00       ?DrawSelected@TObjectImagery@@UAEXPAVTObjectInstance@@PAVTSurface@@@Z 00413f00 f 3dimage.obj
 0001:00012f20       ?DrawInvItem@TObjectImagery@@UAEXPAVTObjectInstance@@HH@Z 00413f20 f 3dimage.obj
 0001:00012f40       ?GetHeader@TObjectImagery@@QAEPAUSImageryHeader@@XZ 00413f40 f 3dimage.obj
 0001:00012f60       ?GetStillImage@TObjectImagery@@UAEPAVTBitmap@@HH@Z 00413f60 f 3dimage.obj
 0001:00012f80       ?GetAnimation@TObjectImagery@@UAEPAVTAnimation@@H@Z 00413f80 f 3dimage.obj
 0001:00012fa0       ?GetInvImage@TObjectImagery@@UAEPAVTBitmap@@HH@Z 00413fa0 f 3dimage.obj
 0001:00012fc0       ?GetInvAnimation@TObjectImagery@@UAEPAVTAnimation@@H@Z 00413fc0 f 3dimage.obj
 0001:00012fe0       ?GetImageFlags@TObjectImagery@@UAEKH@Z 00413fe0 f 3dimage.obj
 0001:00013000       ?GetScreenPos@TObjectInstance@@QAEXAAUS3DPoint@@@Z 00414000 f 3dimage.obj
 0001:00013030       ?GetFace@TObjectInstance@@QAEHXZ 00414030 f 3dimage.obj
 0001:00013050       ?SetNextMove@TObjectInstance@@QAEXAAUS3DPoint@@@Z 00414050 f 3dimage.obj
 0001:00013080       ?Halt@TObjectInstance@@QAEXXZ 00414080 f 3dimage.obj
 0001:000130b0       ?MeshInitialized@T3DImagery@@QAEHXZ 004140b0 f 3dimage.obj
 0001:000130d0       ?AlwaysOnTop@T3DImagery@@UAEHPAVTObjectInstance@@@Z 004140d0 f 3dimage.obj
 0001:000130f0       ?GetObjName@T3DImagery@@UAEPADH@Z 004140f0 f 3dimage.obj
 0001:00013120       ?GetWeaponObj@T3DImagery@@UAEHXZ 00414120 f 3dimage.obj
 0001:00013140       ?GetNumObjs@T3DImagery@@UAEHXZ 00414140 f 3dimage.obj
 0001:00013160       ?GetMotion@T3DImagery@@QAEPAUSMotionData@@HH@Z 00414160 f 3dimage.obj
 0001:00013190       ?GetObjBounds@T3DImagery@@QAEPAUSLinearBounds@@H@Z 00414190 f 3dimage.obj
 0001:000131c0       ?GetAniKey@T3DImagery@@QAEPAUSAniKey@@HHH@Z 004141c0 f 3dimage.obj
 0001:00013200       ??0T3DImageryBuilder@@QAE@XZ 00414200 f 3dimage.obj
 0001:00013230       ?Build@T3DImageryBuilder@@UAEPAVTObjectImagery@@H@Z 00414230 f 3dimage.obj
 0001:000132d0       ?SaveHeader@T3DHelperImagery@@UAEXXZ 004142d0 f 3dimage.obj
 0001:000132f0       ??0T3DHelperImageryBuilder@@QAE@XZ 004142f0 f 3dimage.obj
 0001:00013320       ?Build@T3DHelperImageryBuilder@@UAEPAVTObjectImagery@@H@Z 00414320 f 3dimage.obj
 0001:000133c0       ?GetPosX@TPane@@QAEHXZ     004143c0 f 3dimage.obj
 0001:000133e0       ?GetPosY@TPane@@QAEHXZ     004143e0 f 3dimage.obj
 0001:00013400       ?GetScrollX@TPane@@QAEHXZ  00414400 f 3dimage.obj
 0001:00013420       ?GetScrollY@TPane@@QAEHXZ  00414420 f 3dimage.obj
 0001:00013440       ?ZBufferDecompress832@@YAHPAUSDrawBlock@@PAUSDrawParam@@PAK@Z 00414440 f decompress832.obj
 0001:000137c1       ?ClipZBufferDecompress832@@YAHPAUSDrawBlock@@PAUSDrawParam@@PAK@Z 004147c1 f decompress832.obj
 0001:00013ca0       ?SetupDraw8@@YAXPAH00000PAUSDrawBlock@@PAUSDrawParam@@@Z 00414ca0 f decompress832.obj
 0001:00013de7       ?ClearLightning@TLightningInst@@QAEXXZ 00414de7 f lightninginst.obj
 0001:00013e07       ??0TLightningInst@@QAE@XZ  00414e07 f lightninginst.obj
 0001:00013e8c       ??0TLightningInst@@QAE@US3DPoint@@H@Z 00414e8c f lightninginst.obj
 0001:00013f2b       ??0TLightningInst@@QAE@PAVTObjectImagery@@@Z 00414f2b f lightninginst.obj
 0001:00013fc2       ??0TLightningInst@@QAE@PAVSObjectDef@@PAVTObjectImagery@@@Z 00414fc2 f lightninginst.obj
 0001:0001408c       ??1TLightningInst@@UAE@XZ  0041508c f lightninginst.obj
 0001:000140f4       ?RepaintObject@TLightningInst@@UAEXXZ 004150f4 f lightninginst.obj
 0001:0001410a       ?AddToInventory@TLightningInst@@UAEHH@Z 0041510a f lightninginst.obj
 0001:00014139       ?SendToInventory@TLightningInst@@UAEXHH@Z 00415139 f lightninginst.obj
 0001:00014165       ?RedrawBackground@TLightningInst@@QAEXH@Z 00415165 f lightninginst.obj
 0001:000141b6       ?Move@TLightningInst@@UAEKXZ 004151b6 f lightninginst.obj
 0001:0001431f       ?Pulse@TLightningInst@@UAEXXZ 0041531f f lightninginst.obj
 0001:00014397       ?Animate@TLightningInst@@UAEXH@Z 00415397 f lightninginst.obj
 0001:000143e4       ?AI@TLightningInst@@UAEXXZ 004153e4 f lightninginst.obj
 0001:000143fa       ?OnScreen@TLightningInst@@UAEXXZ 004153fa f lightninginst.obj
 0001:000144a7       ?OffScreen@TLightningInst@@UAEXXZ 004154a7 f lightninginst.obj
 0001:00014500       ?RedrawLight@TLightningInst@@QAEXXZ 00415500 f lightninginst.obj
 0001:00014557       ?GetLightRect@TLightningInst@@QAEXAAUSRect@@@Z 00415557 f lightninginst.obj
 0001:00014605       ?SetLightIntensity@TLightningInst@@QAEXE@Z 00415605 f lightninginst.obj
 0001:000146ab       ?SetLightMultiplier@TLightningInst@@QAEXH@Z 004156ab f lightninginst.obj
 0001:0001470e       ?SetLightPos@TLightningInst@@QAEXAAUS3DPoint@@@Z 0041570e f lightninginst.obj
 0001:00014782       ?SetLightColor@TLightningInst@@QAEXUSColor@@@Z 00415782 f lightninginst.obj
 0001:00014867       ?SetCommandDone@TLightningInst@@UAEXH@Z 00415867 f lightninginst.obj
 0001:00014888       ?Load@TLightningInst@@UAEXAAVTInputStream@@@Z 00415888 f lightninginst.obj
 0001:000148a0       ?Save@TLightningInst@@UAEXAAVTOutputStream@@@Z 004158a0 f lightninginst.obj
 0001:000148b8       ?AdjustLightning@TLightningInst@@QAEXXZ 004158b8 f lightninginst.obj
 0001:00014a30       ??_ETLightningInst@@UAEPAXI@Z 00415a30 f lightninginst.obj
 0001:00014a30       ??_GTLightningInst@@UAEPAXI@Z 00415a30 f lightninginst.obj
 0001:00014a70       ??0S3DPoint@@QAE@AAU0@@Z   00415a70 f lightninginst.obj
 0001:00014ab0       ??HS3DPoint@@QAEAAU0@AAU0@@Z 00415ab0 f lightninginst.obj
 0001:00014b00       ??YS3DPoint@@QAEAAU0@AAU0@@Z 00415b00 f lightninginst.obj
 0001:00014b60       ??8S3DPoint@@QAEHAAU0@@Z   00415b60 f lightninginst.obj
 0001:00014bc0       ??0TObjectInstance@@QAE@XZ 00415bc0 f lightninginst.obj
 0001:00014c10       ??_GTObjectInstance@@UAEPAXI@Z 00415c10 f lightninginst.obj
 0001:00014c10       ??_ETObjectInstance@@UAEPAXI@Z 00415c10 f lightninginst.obj
 0001:00014c50       ?rollover@@YAXAAH0@Z       00415c50 f lightninginst.obj
 0001:00014cb0       ?GetZ@TLightningInst@@UAEHPAVTSurface@@@Z 00415cb0 f lightninginst.obj
 0001:00014cd0       ?DrawInvItem@TLightningInst@@UAEXHH@Z 00415cd0 f lightninginst.obj
 0001:00014cf0       ?AlwaysOnTop@TLightningInst@@UAEHXZ 00415cf0 f lightninginst.obj
 0001:00014d40       ?SetState@TLightningInst@@UAEHH@Z 00415d40 f lightninginst.obj
 0001:00014d70       ?InventoryImage@TLightningInst@@UAEPAVTBitmap@@XZ 00415d70 f lightninginst.obj
 0001:00014dd0       ?IsInventoryItem@TLightningInst@@UAEHXZ 00415dd0 f lightninginst.obj
 0001:00014e40       ?FindState@TLightningInst@@UAEHPAD@Z 00415e40 f lightninginst.obj
 0001:00014e60       ?CommandDone@TLightningInst@@UAEHXZ 00415e60 f lightninginst.obj
 0001:00014e80       ??0TLightningInstBuilder@@QAE@XZ 00415e80 f lightninginst.obj
 0001:00014eb0       ?Build@TLightningInstBuilder@@UAEPAVTObjectInstance@@PAVTObjectImagery@@@Z 00415eb0 f lightninginst.obj
 0001:00014f50       ?Build@TLightningInstBuilder@@UAEPAVTObjectInstance@@PAVSObjectDef@@PAVTObjectImagery@@@Z 00415f50 f lightninginst.obj
 0001:00015057       ?Use@TContainer@@UAEHH@Z   00416057 f container.obj
 0001:00015100       ?GetOwner@TObjectInstance@@QAEPAV1@XZ 00416100 f container.obj
 0001:00015120       ??0TContainerBuilder@@QAE@XZ 00416120 f container.obj
 0001:00015150       ?Build@TContainerBuilder@@UAEPAVTObjectInstance@@PAVTObjectImagery@@@Z 00416150 f container.obj
 0001:000151f0       ??0TContainer@@QAE@PAVTObjectImagery@@@Z 004161f0 f container.obj
 0001:00015270       ??_ETContainer@@UAEPAXI@Z  00416270 f container.obj
 0001:00015270       ??_GTContainer@@UAEPAXI@Z  00416270 f container.obj
 0001:000152b0       ??1TContainer@@UAE@XZ      004162b0 f container.obj
 0001:00015310       ?Build@TContainerBuilder@@UAEPAVTObjectInstance@@PAVSObjectDef@@PAVTObjectImagery@@@Z 00416310 f container.obj
 0001:000153b0       ??0TContainer@@QAE@PAVSObjectDef@@PAVTObjectImagery@@@Z 004163b0 f container.obj
 0001:00015430       ?SetContainer@TInventory@@QAEXPAVTObjectInstance@@@Z 00416430 f container.obj
 0001:000154e0       ??0TShadowBuilder@@QAE@XZ  004164e0 f shadow.obj
 0001:00015510       ?Build@TShadowBuilder@@UAEPAVTObjectInstance@@PAVTObjectImagery@@@Z 00416510 f shadow.obj
 0001:000155b0       ??0TShadow@@QAE@PAVTObjectImagery@@@Z 004165b0 f shadow.obj
 0001:00015630       ??_ETShadow@@UAEPAXI@Z     00416630 f shadow.obj
 0001:00015630       ??_GTShadow@@UAEPAXI@Z     00416630 f shadow.obj
 0001:00015670       ??1TShadow@@UAE@XZ         00416670 f shadow.obj
 0001:000156d0       ?Build@TShadowBuilder@@UAEPAVTObjectInstance@@PAVSObjectDef@@PAVTObjectImagery@@@Z 004166d0 f shadow.obj
 0001:00015770       ??0TShadow@@QAE@PAVSObjectDef@@PAVTObjectImagery@@@Z 00416770 f shadow.obj
 0001:0001581f       ?AlwaysOnTop@TAnimImagery@@UAEHPAVTObjectInstance@@@Z 0041681f f animimage.obj
 0001:00015887       ?DrawLit@TAnimImagery@@UAEXPAVTObjectInstance@@PAVTSurface@@@Z 00416887 f animimage.obj
 0001:000159d1       ?DrawUnlit@TAnimImagery@@UAEXPAVTObjectInstance@@PAVTSurface@@@Z 004169d1 f animimage.obj
 0001:00015ba1       ?GetZ@TAnimImagery@@UAEHPAVTObjectInstance@@PAVTSurface@@@Z 00416ba1 f animimage.obj
 0001:00015cd5       ?DrawSelected@TAnimImagery@@UAEXPAVTObjectInstance@@PAVTSurface@@@Z 00416cd5 f animimage.obj
 0001:00015f5e       ?DrawInvItem@TAnimImagery@@UAEXPAVTObjectInstance@@HH@Z 00416f5e f animimage.obj
 0001:00015fdc       ?NeedsAnimator@TAnimImagery@@UAEHPAVTObjectInstance@@@Z 00416fdc f animimage.obj
 0001:0001606a       ?NewObjectAnimator@TAnimImagery@@UAEPAVTObjectAnimator@@PAVTObjectInstance@@@Z 0041706a f animimage.obj
 0001:00016101       ??0TAnimAnimator@@QAE@PAVTObjectInstance@@@Z 00417101 f animimage.obj
 0001:00016176       ?Animate@TAnimAnimator@@UAEXH@Z 00417176 f animimage.obj
 0001:00016321       ??1TAnimAnimator@@UAE@XZ   00417321 f animimage.obj
 0001:00016390       ??_ETAnimAnimator@@UAEPAXI@Z 00417390 f animimage.obj
 0001:00016390       ??_GTAnimAnimator@@UAEPAXI@Z 00417390 f animimage.obj
 0001:000163d0       ?GetFlags@TObjectInstance@@QAEKXZ 004173d0 f animimage.obj
 0001:000163f0       ??0TAnimImageryBuilder@@QAE@XZ 004173f0 f animimage.obj
 0001:00016420       ?Build@TAnimImageryBuilder@@UAEPAVTObjectImagery@@H@Z 00417420 f animimage.obj
 0001:000164c0       ?PosX@TMapPane@@QAEHXZ     004174c0 f animimage.obj
 0001:000164e0       ?PosY@TMapPane@@QAEHXZ     004174e0 f animimage.obj
 0001:00016500       ?AddPostCharAnim@TPlayScreen@@QAEXHHHPAVTBitmap@@KH@Z 00417500 f animimage.obj
 0001:000165b0       ?Initialize@TMapPane@@UAEHXZ 004175b0 f Mappane.obj
 0001:00016b3d       ?Close@TMapPane@@UAEXXZ    00417b3d f Mappane.obj
 0001:00016d3d       ?KeyPress@TMapPane@@UAEXHH@Z 00417d3d f Mappane.obj
 0001:000173e0       ?MouseClick@TMapPane@@UAEXHHH@Z 004183e0 f Mappane.obj
 0001:000181f2       ?MouseMove@TMapPane@@UAEXHHH@Z 004191f2 f Mappane.obj
 0001:00018768       ?MoveObjScreen@TMapPane@@QAEXHHH@Z 00419768 f Mappane.obj
 0001:00018880       ?SetMapPos@TMapPane@@QAEXAAUS3DPoint@@@Z 00419880 f Mappane.obj
 0001:000188d8       ?NewObject@TMapPane@@QAEHPAVSObjectDef@@@Z 004198d8 f Mappane.obj
 0001:0001899b       ?AddObject@TMapPane@@QAEHPAVTObjectInstance@@@Z 0041999b f Mappane.obj
 0001:00018a84       ?AddObjectSector@TMapPane@@QAEHPAVTObjectInstance@@PAVTSector@@H@Z 00419a84 f Mappane.obj
 0001:00018b3f       ?RemoveObject@TMapPane@@QAEPAVTObjectInstance@@H@Z 00419b3f f Mappane.obj
 0001:00018ccc       ?AddShadow@TMapPane@@QAEHPAVTObjectInstance@@@Z 00419ccc f Mappane.obj
 0001:00018d97       ?FindObject@TMapPane@@QAEHPADH@Z 00419d97 f Mappane.obj
 0001:00018e78       ?FindClosestLights@TMapPane@@QAEXUS3DPoint@@@Z 00419e78 f Mappane.obj
 0001:000194d6       ?FindClosestObject@TMapPane@@QAEHPADUS3DPoint@@H@Z 0041a4d6 f Mappane.obj
 0001:000196bc       ?FindClosestObject@TMapPane@@QAEHPADPAVTObjectInstance@@H@Z 0041a6bc f Mappane.obj
 0001:00019765       ?FindObjectsInRange@TMapPane@@QAEHUS3DPoint@@PAHHHHH@Z 0041a765 f Mappane.obj
 0001:00019d1f       ?MakeIndex@TMapPane@@QAEHPAVTObjectInstance@@H@Z 0041ad1f f Mappane.obj
 0001:00019dc2       ?OnObject@TMapPane@@QAEHHH@Z 0041adc2 f Mappane.obj
 0001:00019fec       ?GetInstance@TMapPane@@QAEPAVTObjectInstance@@H@Z 0041afec f Mappane.obj
 0001:0001a0ff       ?WalkmapHandler@TMapPane@@AAEXPAVTObjectInstance@@H@Z 0041b0ff f Mappane.obj
 0001:0001a5e6       ?RedrawWalkmapRect@TMapPane@@AAEXPAVTObjectInstance@@HHHHPAVTSector@@@Z 0041b5e6 f Mappane.obj
 0001:0001a895       ?GetWalkHeight@TMapPane@@QAEHAAUS3DPoint@@@Z 0041b895 f Mappane.obj
 0001:0001a96e       ?TransferAllWalkmaps@TMapPane@@QAEXXZ 0041b96e f Mappane.obj
 0001:0001aa50       ?SetOwners@TMapPane@@QAEXPAVTSector@@@Z 0041ba50 f Mappane.obj
 0001:0001aadb       ?CanMove@TMapPane@@QAEHAAUS3DPoint@@0USRect@@PAU2@@Z 0041badb f Mappane.obj
 0001:0001ae21       ?LineOfSight@TMapPane@@QAEHAAUS3DPoint@@0PAU2@@Z 0041be21 f Mappane.obj
 0001:0001b2ea       ?CheckRect@TMapPane@@QAEHUSRect@@HH@Z 0041c2ea f Mappane.obj
 0001:0001b478       ?DrawDLight@TMapPane@@QAEXXZ 0041c478 f Mappane.obj
 0001:0001b636       ?SetAmbientLight@TMapPane@@QAEXHHHH@Z 0041c636 f Mappane.obj
 0001:0001b6aa       ?Update3DScenePos@TMapPane@@AAEXXZ 0041c6aa f Mappane.obj
 0001:0001b74e       ?DrawBackground@TMapPane@@UAEXXZ 0041c74e f Mappane.obj
 0001:0001baaa       ?UpdateEdges@TMapPane@@QAEXHH@Z 0041caaa f Mappane.obj
 0001:0001bf74       ?ForceDrawEdges@TMapPane@@QAEXHHK@Z 0041cf74 f Mappane.obj
 0001:0001bf8c       ?QueueEdges@TMapPane@@QAEXHH@Z 0041cf8c f Mappane.obj
 0001:0001bfa4       ?UpdateQueue@TMapPane@@QAEXH@Z 0041cfa4 f Mappane.obj
 0001:0001bfbc       ?RedrawAll@TMapPane@@QAEXXZ 0041cfbc f Mappane.obj
 0001:0001bffe       ?AddBgUpdateRect@TMapPane@@QAEXAAUSRect@@H@Z 0041cffe f Mappane.obj
 0001:0001c072       ?AddObjectUpdateRect@TMapPane@@QAEXH@Z 0041d072 f Mappane.obj
 0001:0001c0d5       ?ReloadImagery@TMapPane@@QAEXXZ 0041d0d5 f Mappane.obj
 0001:0001c124       ?DrawBackgroundRect@TMapPane@@QAEXAAUSRect@@H@Z 0041d124 f Mappane.obj
 0001:0001c1d5       ?DrawUnlitObjects@TMapPane@@QAEXAAUSRect@@@Z 0041d1d5 f Mappane.obj
 0001:0001c412       ?PulseObjects@TMapPane@@QAEXXZ 0041d412 f Mappane.obj
 0001:0001c542       ?AnimateObjects@TMapPane@@QAEXH@Z 0041d542 f Mappane.obj
 0001:0001c756       ?DrawStaticLights@TMapPane@@QAEXAAUSRect@@@Z 0041d756 f Mappane.obj
 0001:0001c99b       ?DrawLitObjects@TMapPane@@QAEXAAUSRect@@@Z 0041d99b f Mappane.obj
 0001:0001ceb6       ?DrawSelectedObjects@TMapPane@@QAEXAAUSRect@@@Z 0041deb6 f Mappane.obj
 0001:0001cfb1       ?AnimateSelectedObjects@TMapPane@@QAEXXZ 0041dfb1 f Mappane.obj
 0001:0001d2d0       ?SaveAllSectors@TMapPane@@QAEXXZ 0041e2d0 f Mappane.obj
 0001:0001d35a       ?FreeAllSectors@TMapPane@@QAEXXZ 0041e35a f Mappane.obj
 0001:0001d41b       ?ReloadSectors@TMapPane@@QAEXXZ 0041e41b f Mappane.obj
 0001:0001d455       ?UpdateSectors@TMapPane@@QAEXXZ 0041e455 f Mappane.obj
 0001:0001d87f       ?leash_update@@YAXHHAAHHH@Z 0041e87f f Mappane.obj
 0001:0001d91d       ?Animate@TMapPane@@UAEXH@Z 0041e91d f Mappane.obj
 0001:0001dd0c       ?AddToInventory@TMapPane@@QAEXPAVTObjectInstance@@HH@Z 0041ed0c f Mappane.obj
 0001:0001de43       ?FindFreeInvSlot@TMapPane@@QAEHPAVTObjectInstance@@@Z 0041ee43 f Mappane.obj
 0001:0001df1c       ?FindObjInventory@TMapPane@@QAEPAVTObjectInstance@@PAV2@PAD@Z 0041ef1c f Mappane.obj
 0001:0001dfce       ?InventoryItem@TMapPane@@QAEPAVTObjectInstance@@PAV2@H@Z 0041efce f Mappane.obj
 0001:0001e067       ?RemoveFromInventory@TMapPane@@QAEPAVTObjectInstance@@PAV2@H@Z 0041f067 f Mappane.obj
 0001:0001e1a3       ?GetOwner@TMapPane@@QAEPAVTObjectInstance@@PAV2@@Z 0041f1a3 f Mappane.obj
 0001:0001e30d       ?CheckPos@TMapPane@@QAEHPAVTObjectInstance@@AAUS3DPoint@@@Z 0041f30d f Mappane.obj
 0001:0001e586       ?TransferObject@TMapPane@@QAEHHHHHH@Z 0041f586 f Mappane.obj
 0001:0001e68c       ?CalculateWalkmap@TMapPane@@QAEXXZ 0041f68c f Mappane.obj
 0001:0001e8ee       ?AdjustWalkmap@TMapPane@@QAEXHHH@Z 0041f8ee f Mappane.obj
 0001:0001ea14       ?SetMode@TMapPane@@QAEXP6AXUS3DPoint@@@ZP6AXXZH@Z 0041fa14 f Mappane.obj
 0001:0001eb20       ??ZS3DPoint@@QAEAAU0@AAU0@@Z 0041fb20 f Mappane.obj
 0001:0001eb90       ?InPane@TPane@@QAEHHH@Z    0041fb90 f Mappane.obj
 0001:0001ebf0       ?SetScrollPos@TPane@@QAEXHH@Z 0041fbf0 f Mappane.obj
 0001:0001ec20       ??0SRect@@QAE@HHHH@Z       0041fc20 f Mappane.obj
 0001:0001ec60       ?Intersects@SRect@@QAEHAAU1@@Z 0041fc60 f Mappane.obj
 0001:0001ecd0       ?GetNewScrollX@TPane@@QAEHXZ 0041fcd0 f Mappane.obj
 0001:0001ecf0       ?GetNewScrollY@TPane@@QAEHXZ 0041fcf0 f Mappane.obj
 0001:0001ed10       ?ObjClass@TObjectInstance@@QAEHXZ 0041fd10 f Mappane.obj
 0001:0001ed30       ??4SRect@@QAEAAU0@AAU0@@Z  0041fd30 f Mappane.obj
 0001:0001ed80       ?GetBackgroundBuffer@TPane@@QAEHXZ 0041fd80 f Mappane.obj
 0001:0001eda0       ?GetWidth@TPane@@QAEHXZ    0041fda0 f Mappane.obj
 0001:0001edc0       ?GetHeight@TPane@@QAEHXZ   0041fdc0 f Mappane.obj
 0001:0001ede0       ?GetScript@TObjectInstance@@QAEPAVTScript@@XZ 0041fde0 f Mappane.obj
 0001:0001ee00       ?GetLightIntensity@TObjectInstance@@QAEEXZ 0041fe00 f Mappane.obj
 0001:0001ee20       ?GetLightDef@TObjectInstance@@QAEPAUSLightDef@@XZ 0041fe20 f Mappane.obj
 0001:0001ee40       ?GetShadow@TObjectInstance@@QAEHXZ 0041fe40 f Mappane.obj
 0001:0001ee60       ?SetShadow@TObjectInstance@@QAEXH@Z 0041fe60 f Mappane.obj
 0001:0001ee90       ?InventNum@TObjectInstance@@QAEHXZ 0041fe90 f Mappane.obj
 0001:0001eeb0       ?SetOwner@TObjectInstance@@QAEXPAV1@@Z 0041feb0 f Mappane.obj
 0001:0001eee0       ?SetMapIndex@TObjectInstance@@QAEXH@Z 0041fee0 f Mappane.obj
 0001:0001ef10       ?DrawLit@TObjectInstance@@QAEXPAVTSurface@@@Z 0041ff10 f Mappane.obj
 0001:0001ef60       ?GetMapIndex@TObjectInstance@@QAEHXZ 0041ff60 f Mappane.obj
 0001:0001ef80       ?SectorX@TSector@@QAEHXZ   0041ff80 f Mappane.obj
 0001:0001efa0       ?SectorY@TSector@@QAEHXZ   0041ffa0 f Mappane.obj
 0001:0001efc0       ?GetInstance@TSector@@QAEPAVTObjectInstance@@H@Z 0041ffc0 f Mappane.obj
 0001:0001f000       ?ObjectArray@TSector@@QAEPAV?$TPointerArray@VTObjectInstance@@$0BAAA@@@XZ 00420000 f Mappane.obj
 0001:0001f020       ??0?$TPointerIterator@VTObjectInstance@@@@QAE@PAX@Z 00420020 f Mappane.obj
 0001:0001f060       ?Item@?$TPointerIterator@VTObjectInstance@@@@QAEPAVTObjectInstance@@XZ 00420060 f Mappane.obj
 0001:0001f080       ?ItemNum@?$TPointerIterator@VTObjectInstance@@@@QAEHXZ 00420080 f Mappane.obj
 0001:0001f0a0       ??E?$TPointerIterator@VTObjectInstance@@@@QAEHH@Z 004200a0 f Mappane.obj
 0001:0001f0f0       ??B?$TPointerIterator@VTObjectInstance@@@@QAEHXZ 004200f0 f Mappane.obj
 0001:0001f130       ?DrawSelected@TObjectInstance@@QAEXPAVTSurface@@@Z 00420130 f Mappane.obj
 0001:0001f180       ??A?$TPointerArray@VTObjectInstance@@$0BAAA@@@QAEPAVTObjectInstance@@H@Z 00420180 f Mappane.obj
 0001:0001f1b0       ??_GTSector@@QAEPAXI@Z     004201b0 f Mappane.obj
 0001:0001f1f0       ?ResetClipRect@TSurface@@QAEXXZ 004201f0 f Mappane.obj
 0001:0001f230       ??0TMultiSurface@@QAE@PAVTSurface@@00H@Z 00420230 f Mappane.obj
 0001:0001f2c0       ?GetZBuffer@TMultiSurface@@UAEPAVTSurface@@XZ 004202c0 f Mappane.obj
 0001:0001f2e0       ?ScreenGrid@@YAHHH@Z       004202e0 f Mappane.obj
 0001:0001f350       ?GetNormalBuffer@TMultiSurface@@UAEPAVTSurface@@XZ 00420350 f Mappane.obj
 0001:0001f370       ?BitsPerPixel@TMultiSurface@@UAEHXZ 00420370 f Mappane.obj
 0001:0001f3a0       ?GetDDSurface@TMultiSurface@@UAEPAUIDirectDrawSurface@@XZ 004203a0 f Mappane.obj
 0001:0001f3d0       ?Lost@TMultiSurface@@UAEHXZ 004203d0 f Mappane.obj
 0001:0001f3f0       ?Lock@TMultiSurface@@UAEPAXXZ 004203f0 f Mappane.obj
 0001:0001f420       ?Unlock@TMultiSurface@@UAEHXZ 00420420 f Mappane.obj
 0001:0001f450       ?Rect@TMultiSurface@@UAEHHHHHAAUSColor@@@Z 00420450 f Mappane.obj
 0001:0001f490       ?Rect@TMultiSurface@@UAEHUSRect@@AAUSColor@@@Z 00420490 f Mappane.obj
 0001:0001f4d0       ?Box@TMultiSurface@@UAEHHHHHAAUSColor@@@Z 004204d0 f Mappane.obj
 0001:0001f510       ?Line@TMultiSurface@@UAEHHHHHAAUSColor@@@Z 00420510 f Mappane.obj
 0001:0001f550       ?BlitPrimary@TMultiSurface@@UAEHPAUSDrawParam@@PAVTSurface@@H@Z 00420550 f Mappane.obj
 0001:0001f590       ??_GTMultiSurface@@UAEPAXI@Z 00420590 f Mappane.obj
 0001:0001f590       ??_ETMultiSurface@@UAEPAXI@Z 00420590 f Mappane.obj
 0001:0001f5d0       ?SetDLightPos@TMapPane@@QAEXAAUS3DPoint@@@Z 004205d0 f Mappane.obj
 0001:0001f600       ?NextObj@TObjectInstance@@QAEHXZ 00420600 f Mappane.obj
 0001:0001f620       ?SetNextObj@TObjectInstance@@QAEXF@Z 00420620 f Mappane.obj
 0001:0001f650       ?SetMapLevel@TMapPane@@QAEXH@Z 00420650 f Mappane.obj
 0001:0001f690       ?TransferWalkmap@TMapPane@@QAEXPAVTObjectInstance@@@Z 00420690 f Mappane.obj
 0001:0001f6c0       ?FirstInvent@TObjectInstance@@QAEHXZ 004206c0 f Mappane.obj
 0001:0001f6e0       ?ExtractWalkmap@TMapPane@@QAEXPAVTObjectInstance@@@Z 004206e0 f Mappane.obj
 0001:0001f710       ?SetFirstInvent@TObjectInstance@@QAEXF@Z 00420710 f Mappane.obj
 0001:0001f740       ??0TBitmapSurface@@QAE@PAVTBitmap@@@Z 00420740 f Mappane.obj
 0001:0001f7c0       ??0TVideoSurface@@QAE@HH@Z 004207c0 f Mappane.obj
 0001:0001f850       ?GridSnap@TEditStatusPane@@QAEHXZ 00420850 f Mappane.obj
 0001:0001f880       ?GetState@TButton@@QAEHXZ  00420880 f Mappane.obj
 0001:0001f8a0       ?RestrictX@TEditStatusPane@@QAEHXZ 004208a0 f Mappane.obj
 0001:0001f8e0       ?RestrictY@TEditStatusPane@@QAEHXZ 004208e0 f Mappane.obj
 0001:0001f920       ?RestrictZ@TEditStatusPane@@QAEHXZ 00420920 f Mappane.obj
 0001:0001f960       ?EditWalkmap@TEditStatusPane@@QAEHXZ 00420960 f Mappane.obj
 0001:0001f990       ?GetSelectedObj@TEditStatusPane@@QAEHXZ 00420990 f Mappane.obj
 0001:0001f9e0       ?GetNextObj@TEditStatusPane@@QAEHXZ 004209e0 f Mappane.obj
 0001:0001fa40       ?GetFirstObj@TEditStatusPane@@QAEHXZ 00420a40 f Mappane.obj
 0001:0001fa70       ?GetContainer@TInventory@@QAEPAVTObjectInstance@@XZ 00420a70 f Mappane.obj
 0001:0001fa90       ?GetHeldSlot@TInventory@@QAEHXZ 00420a90 f Mappane.obj
 0001:0001fab0       ?GetHeldSlot@TEquipPane@@QAEHXZ 00420ab0 f Mappane.obj
 0001:0001fad0       ?Equip@TPlayer@@QAEXPAVTObjectInstance@@H@Z 00420ad0 f Mappane.obj
 0001:0001fb10       ?IsPaused@TScript@@QAEHXZ  00420b10 f Mappane.obj
 0001:0001fba7       ?ClearCharacter@TCharacter@@QAEXXZ 00420ba7 f character.obj
 0001:0001fbe9       ??0TCharacter@@QAE@PAVTObjectImagery@@@Z 00420be9 f character.obj
 0001:0001fc7d       ??0TCharacter@@QAE@PAVSObjectDef@@PAVTObjectImagery@@@Z 00420c7d f character.obj
 0001:0001fd15       ?Pulse@TCharacter@@UAEXXZ  00420d15 f character.obj
 0001:0001fe7e       ?Animate@TCharacter@@UAEXH@Z 00420e7e f character.obj
 0001:0001ffd2       ?Move@TCharacter@@UAEKXZ   00420fd2 f character.obj
 0001:00020159       ?TryCommand@TCharacter@@QAEHPAUSActionBlock@@H@Z 00421159 f character.obj
 0001:0002032d       ?Advance@TCharacter@@QAEXHHH@Z 0042132d f character.obj
 0001:00020527       ?UpdateAngle@TCharacter@@QAEHH@Z 00421527 f character.obj
 0001:00020751       ?TryFall@TCharacter@@QAEHPAUSActionBlock@@H@Z 00421751 f character.obj
 0001:0002078e       ?TryStand@TCharacter@@QAEHPAUSActionBlock@@H@Z 0042178e f character.obj
 0001:00020ab4       ?TryCombatStance@TCharacter@@QAEHPAUSActionBlock@@H@Z 00421ab4 f character.obj
 0001:00020bf7       ?TryWalk@TCharacter@@QAEHPAUSActionBlock@@H@Z 00421bf7 f character.obj
 0001:00020e34       ?TryPickup@TCharacter@@UAEHPAUSActionBlock@@H@Z 00421e34 f character.obj
 0001:00020fad       ?TrySay@TCharacter@@QAEHPAUSActionBlock@@H@Z 00421fad f character.obj
 0001:00021018       ?TrySwing@TCharacter@@QAEHPAUSActionBlock@@H@Z 00422018 f character.obj
 0001:00021377       ?TryDodge@TCharacter@@QAEHPAUSActionBlock@@H@Z 00422377 f character.obj
 0001:00021425       ?TryBlock@TCharacter@@QAEHPAUSActionBlock@@H@Z 00422425 f character.obj
 0001:000214b2       ?TryCollapse@TCharacter@@QAEHPAUSActionBlock@@H@Z 004224b2 f character.obj
 0001:00021518       ?TryInvoke@TCharacter@@QAEHPAUSActionBlock@@H@Z 00422518 f character.obj
 0001:00021ac9       ?TryWait@TCharacter@@QAEHPAUSActionBlock@@H@Z 00422ac9 f character.obj
 0001:00021b5d       ?TryWalkTo@TCharacter@@QAEHPAUSActionBlock@@H@Z 00422b5d f character.obj
 0001:00021c09       ?Go@TCharacter@@QAEXH@Z    00422c09 f character.obj
 0001:00021c6e       ?Go@TCharacter@@QAEXUS3DPoint@@@Z 00422c6e f character.obj
 0001:00021cf8       ?Goto@TCharacter@@QAEXHH@Z 00422cf8 f character.obj
 0001:00021d7e       ?Stop@TCharacter@@QAEXXZ   00422d7e f character.obj
 0001:00021dd2       ?FollowChar@TCharacter@@QAEXH@Z 00422dd2 f character.obj
 0001:00021dea       ?Pickup@TCharacter@@QAEXH@Z 00422dea f character.obj
 0001:00021e85       ?Say@TCharacter@@QAEXPAD@Z 00422e85 f character.obj
 0001:00021ef3       ?Attack@TCharacter@@QAEXH@Z 00422ef3 f character.obj
 0001:00021f63       ?Defend@TCharacter@@QAEXH@Z 00422f63 f character.obj
 0001:00021fd3       ?ToggleCombat@TCharacter@@QAEXXZ 00422fd3 f character.obj
 0001:0002201b       ?StartCombat@TCharacter@@QAEXXZ 0042301b f character.obj
 0001:0002206f       ?CeaseCombat@TCharacter@@QAEXXZ 0042306f f character.obj
 0001:000220c3       ?Invoke@TCharacter@@QAEXPAH@Z 004230c3 f character.obj
 0001:00022128       ?Wait@TCharacter@@QAEXH@Z  00423128 f character.obj
 0001:0002218d       ?PlayAnim@TCharacter@@QAEXPAD@Z 0042318d f character.obj
 0001:000221b0       ??_ETCharacter@@UAEPAXI@Z  004231b0 f character.obj
 0001:000221b0       ??_GTCharacter@@UAEPAXI@Z  004231b0 f character.obj
 0001:000221f0       ??0SActionBlock@@QAE@XZ    004231f0 f character.obj
 0001:00022220       ??0TCharacterBuilder@@QAE@XZ 00423220 f character.obj
 0001:00022250       ?Build@TCharacterBuilder@@UAEPAVTObjectInstance@@PAVTObjectImagery@@@Z 00423250 f character.obj
 0001:000222f0       ?Build@TCharacterBuilder@@UAEPAVTObjectInstance@@PAVSObjectDef@@PAVTObjectImagery@@@Z 004232f0 f character.obj
 0001:00022390       ?ExtractSaveObj@TSaveGame@@AAEPAUSObjectList@@PAVTObjectInstance@@@Z 00423390 f savegame.obj
 0001:00022496       ?Save@TSaveGame@@QAEHXZ    00423496 f savegame.obj
 0001:000224f7       ?RestoreObjList@TSaveGame@@AAEHPAUSObjectList@@@Z 004234f7 f savegame.obj
 0001:000225fe       ?Restore@TSaveGame@@QAEHXZ 004235fe f savegame.obj
 0001:00022754       ?WriteObjList@@YAHAAVTOutputStream@@PAUSObjectList@@@Z 00423754 f savegame.obj
 0001:00022852       ?WriteGame@TSaveGame@@QAEHXZ 00423852 f savegame.obj
 0001:00022917       ?ReadObjList@@YAPAUSObjectList@@AAVTInputStream@@@Z 00423917 f savegame.obj
 0001:00022a76       ?ReadGame@TSaveGame@@QAEHXZ 00423a76 f savegame.obj
 0001:00022bd0       ??0TInputStream@@QAE@PAEH@Z 00423bd0 f savegame.obj
 0001:00022c10       ?Buffer@TOutputStream@@QAEPAXXZ 00423c10 f savegame.obj
 0001:00022c30       ?ClassName@TObjectClass@@QAEPADXZ 00423c30 f savegame.obj
 0001:00022c50       ?ObjType@TObjectInstance@@QAEHXZ 00423c50 f savegame.obj
 0001:00022ce0       ??0TLightSourceBuilder@@QAE@XZ 00423ce0 f lightsource.obj
 0001:00022d10       ?Build@TLightSourceBuilder@@UAEPAVTObjectInstance@@PAVTObjectImagery@@@Z 00423d10 f lightsource.obj
 0001:00022db0       ??0TLightSource@@QAE@PAVTObjectImagery@@@Z 00423db0 f lightsource.obj
 0001:00022e30       ??_GTLightSource@@UAEPAXI@Z 00423e30 f lightsource.obj
 0001:00022e30       ??_ETLightSource@@UAEPAXI@Z 00423e30 f lightsource.obj
 0001:00022e70       ??1TLightSource@@UAE@XZ    00423e70 f lightsource.obj
 0001:00022ed0       ?Build@TLightSourceBuilder@@UAEPAVTObjectInstance@@PAVSObjectDef@@PAVTObjectImagery@@@Z 00423ed0 f lightsource.obj
 0001:00022f70       ??0TLightSource@@QAE@PAVSObjectDef@@PAVTObjectImagery@@@Z 00423f70 f lightsource.obj
 0001:00022ff0       ?GetChar@TFont@@QAEPAVTBitmap@@D@Z 00423ff0 f font.obj
 0001:0002305d       ?FindNumLinesInText@TFont@@QAEHPADH@Z 0042405d f font.obj
 0001:000230c0       ??0TSurface@@QAE@XZ        004240c0 f surface.obj
 0001:00023130       ??1TSurface@@UAE@XZ        00424130 f surface.obj
 0001:0002314f       ?Reset@TSurface@@UAEXXZ    0042414f f surface.obj
 0001:000231b3       ?ParamPut@TSurface@@QAEHPAUSDrawParam@@PAVTBitmap@@@Z 004241b3 f surface.obj
 0001:0002381b       ?ParamBlit@TSurface@@QAEHPAUSDrawParam@@PAV1@H@Z 0042481b f surface.obj
 0001:00023995       ?Put@TSurface@@QAEHHHPAVTBitmap@@KPAUSColor@@@Z 00424995 f surface.obj
 0001:00023a1a       ?PutHue@TSurface@@QAEHHHPAVTBitmap@@KH@Z 00424a1a f surface.obj
 0001:00023a89       ?PutSV@TSurface@@QAEHHHPAVTBitmap@@KHH@Z 00424a89 f surface.obj
 0001:00023b0c       ?PutDim@TSurface@@QAEHHHPAVTBitmap@@KH@Z 00424b0c f surface.obj
 0001:00023b89       ?ZPut@TSurface@@QAEHHHHPAVTBitmap@@K@Z 00424b89 f surface.obj
 0001:00023be1       ?ZFind@TSurface@@QAEKHHHPAVTBitmap@@K@Z 00424be1 f surface.obj
 0001:00023f62       ?Clear@TSurface@@QAEHKGK@Z 00424f62 f surface.obj
 0001:00023fd9       ?Clear@TSurface@@QAEHHHHHKGK@Z 00424fd9 f surface.obj
 0001:00024084       ?WriteText@TSurface@@QAEXPADHHHPAVTFont@@PAUSColor@@KHH@Z 00425084 f surface.obj
 0001:0002429a       ?Frame@TSurface@@QAEXHHHHH@Z 0042529a f surface.obj
 0001:00024480       ??_GTSurface@@UAEPAXI@Z    00425480 f surface.obj
 0001:00024480       ??_ETSurface@@UAEPAXI@Z    00425480 f surface.obj
 0001:000244c0       ?BlitPrimary@TSurface@@UAEHPAUSDrawParam@@PAV1@H@Z 004254c0 f surface.obj
 0001:000244e0       ?InitDirectDraw@@YAHXZ     004254e0 f directdraw.obj
 0001:00024727       ?InitD3DDevice@@YAHXZ      00425727 f directdraw.obj
 0001:00024831       ?SetExclusiveMode@@YAHXZ   00425831 f directdraw.obj
 0001:00024890       ?CloseDirectDraw@@YAHXZ    00425890 f directdraw.obj
 0001:0002491a       ?EnterVideoMode@@YAHHHH@Z  0042591a f directdraw.obj
 0001:00024978       ?Setup3D@@YAHHH@Z          00425978 f directdraw.obj
 0001:00024a22       ?CloseScene@@YAXXZ         00425a22 f directdraw.obj
 0001:00024a3c       ?GetTotalVRAM@@YAHXZ       00425a3c f directdraw.obj
 0001:00024ae8       ?GetAvailableVRAM@@YAHXZ   00425ae8 f directdraw.obj
 0001:00024b94       ?GetColorMode@@YAHXZ       00425b94 f directdraw.obj
 0001:00024bde       ?IsUsingHardware@@YAHXZ    00425bde f directdraw.obj
 0001:00024bf3       ?DDEnumCallback@@YGHPAU_GUID@@PAD1PAX@Z 00425bf3 f directdraw.obj
 0001:00024d36       ?DDEnumDisplayModesCallback@@YGJPAU_DDSURFACEDESC@@PAX@Z 00425d36 f directdraw.obj
 0001:00024f26       ?D3DEnumDeviceCallBack@@YGJPAU_GUID@@PAD1PAU_D3DDeviceDesc@@2PAX@Z 00425f26 f directdraw.obj
 0001:00024fea       ?TraceErrorDD@@YAXJPADH@Z  00425fea f directdraw.obj
 0001:00026036       ?TraceErrorD3D@@YAXJPADH@Z 00427036 f directdraw.obj
 0001:000264f6       ?TraceErrorD3DRM@@YAXJPADH@Z 004274f6 f directdraw.obj
 0001:00026747       ?Round@@YAHN@Z             00427747 f colortable.obj
 0001:00026788       ?SetAmbientColor@@YAXAAUSColor@@@Z 00427788 f colortable.obj
 0001:0002680e       ?GetAmbientColor@@YAXAAUSColor@@@Z 0042780e f colortable.obj
 0001:0002683e       ?SetMonoPercent@@YAXH@Z    0042783e f colortable.obj
 0001:00027107       ?GetMonoPercent@@YAHXZ     00428107 f colortable.obj
 0001:00027128       ?NewLightIndex@@YAHAAUSColor@@H@Z 00428128 f colortable.obj
 0001:000272c2       ?FreeLightIndex@@YAXH@Z    004282c2 f colortable.obj
 0001:000272dc       ?ClearLights@@YAXXZ        004282dc f colortable.obj
 0001:0002731b       ?SetLightColor@@YAXHAAUSColor@@H@Z 0042831b f colortable.obj
 0001:000277e8       ?GetLightColor@@YAXHAAUSColor@@AAH@Z 004287e8 f colortable.obj
 0001:00027830       ?MakeColorTables@@YAXXZ    00428830 f colortable.obj
 0001:000281b0       _atan2l                    004291b0 f colortable.obj
 0001:000281e0       ?NewBitmap@TBitmap@@SAPAV1@HHHH@Z 004291e0 f bitmap.obj
 0001:000284bf       ?Load@TBitmap@@SAPAV1@H@Z  004294bf f bitmap.obj
 0001:000284eb       ?WriteText@TBitmap@@QAEXPADHHHPAVTFont@@PAUSColor@@K@Z 004294eb f bitmap.obj
 0001:00028645       ?Decompress@TBitmap@@QAEHPAV1@@Z 00429645 f bitmap.obj
 0001:00028662       ?Decompress@TBitmap@@QAEHPAXHH@Z 00429662 f bitmap.obj
 0001:0002867f       ?Clear@TBitmap@@QAEHAAUSColor@@KG@Z 0042967f f bitmap.obj
 0001:00028910       ?Put@TBitmap@@QAEHHHPAV1@HHHHHH@Z 00429910 f bitmap.obj
 0001:00028aec       ?Put@TBitmap@@QAEHHHPAVTSurface@@HHHHHH@Z 00429aec f bitmap.obj
 0001:00028c99       ?SaveBMP@TBitmap@@QAEHPAD@Z 00429c99 f bitmap.obj
 0001:00028f62       ?OnPixel@TBitmap@@QAEHHH@Z 00429f62 f bitmap.obj
 0001:0002904c       ?Line@TBitmap@@QAEHHHHHAAUSColor@@@Z 0042a04c f bitmap.obj
 0001:00029262       ?Box@TBitmap@@QAEHHHHHAAUSColor@@@Z 0042a262 f bitmap.obj
 0001:00029308       ?TranslateColor@@YAGAAUSColor@@@Z 0042a308 f bitmap.obj
 0001:000293f0       ?set@OFFSET@@QAEXPAX@Z     0042a3f0 f bitmap.obj
 0001:00029430       ?CommandInterpreter@@YAHPAVTObjectInstance@@AAVTToken@@H@Z 0042a430 f command.obj
 0001:000297e0       ?Output@@YAXPAD@Z          0042a7e0 f command.obj
 0001:0002981d       ?CmdHelp@@YAHPAVTObjectInstance@@AAVTToken@@@Z 0042a81d f command.obj
 0001:00029a0b       ?CmdSay@@YAHPAVTObjectInstance@@AAVTToken@@@Z 0042aa0b f command.obj
 0001:00029a70       ?CmdGoto@@YAHPAVTObjectInstance@@AAVTToken@@@Z 0042aa70 f command.obj
 0001:00029ac3       ?CmdFace@@YAHPAVTObjectInstance@@AAVTToken@@@Z 0042aac3 f command.obj
 0001:00029b11       ?CmdUse@@YAHPAVTObjectInstance@@AAVTToken@@@Z 0042ab11 f command.obj
 0001:00029b91       ?CmdAttack@@YAHPAVTObjectInstance@@AAVTToken@@@Z 0042ab91 f command.obj
 0001:00029bf1       ?CmdInvoke@@YAHPAVTObjectInstance@@AAVTToken@@@Z 0042abf1 f command.obj
 0001:00029c93       ?CmdWait@@YAHPAVTObjectInstance@@AAVTToken@@@Z 0042ac93 f command.obj
 0001:00029cde       ?CmdStop@@YAHPAVTObjectInstance@@AAVTToken@@@Z 0042acde f command.obj
 0001:00029cfb       ?ApplyOperation@@YAHAAHHH@Z 0042acfb f command.obj
 0001:00029f1f       ?FindElement@@YAHPADQAPAD@Z 0042af1f f command.obj
[...]
FIXUPS: b9c1 5 1a 1a 1d 15 5 1a 1a fffffaab 1d 15 5 1a 1a 1d 15 5 1a 1a
FIXUPS: b603 15 5 1a 1a 1d 15 5 1a 1a 1d 15 5 1a 1a 1d 15 1a 15 1a 15 17e5
FIXUPS: cfc2 59 29 49 13 fffffae7 1a 15 23 2c 42 23 2d e 44 33 b 29 13
FIXUPS: cdc2 b 3a 27 2d e 44 33 b ffffe5ec 5 1a 2461 27 2d e 44 2c b fffff923
FIXUPS: d371 15 23 2c 42 23 2d e 44 2c b 30 13 5f b 3a 27 2d e 44 2c b
FIXUPS: cf18 76 ef4 23 43 b3 b 2a 13 59 30 32 40 fffff983 22 32 21 2d fffffbd4
FIXUPS: d6f1 15 23 2c 42 23 2d e 44 2c b 30 13 5f b 13e9 50 115 94 7f 1d
FIXUPS: efa6 b 20 af 13 ffffeb36 1b 11 33 49 b 28 4a f 30 6e c c 19 c c
FIXUPS: de39 c c 19 c 2512 16 e 61 f 23 39 e 2a 13 2d 22d 28 ffffd9e0 36
FIXUPS: e166 e1 17 117 34 19 91 1e b 70 32 3d7 10 180 cb d2 84 12d2 6 a
FIXUPS: ffab 1c e b 17 e 25 13 e 15 4a 15 44 d 4a 2e 27 9 10 19 2e 15 c
FIXUPS: 1025c 4e 1d 3c 20 1f fffff924 b 12 b 8 18 1e 19 14 1d 8 19 1d d
FIXUPS: fd6f b 11 24 29 1e 3c 38 20 1c 1a 31 17 2c f b b b fffff999 e 14
FIXUPS: f933 43 b e3 d 47 d 38 30 19 8 11 b b 6 11 14 19 8 11 b b 6 11
FIXUPS: fc0c 1e 12 10 f fffff841 b 1d 2f 18 f 12 b b 2e 29 c 35 e 17 2f
FIXUPS: f658 1b 1c b b 14 1b 9d b 2e 1c 78 b 39 52 1e f9c ffffe83d c 25
FIXUPS: f104 1b b 15 11 18 14 125 6a 8 11 b 12 23 10 8 11 b 11 b b 15 8
FIXUPS: f3e8 c 6c 23 8 4d87 45 23 2d e 4d 45 23 2d e ffffc55d 21 1f 10
FIXUPS: 10969 10 17 13 2b a 40 53 17 8 1e a 40 3a 17 8 fffffcfa 31 29e6
FIXUPS: 133f7 1a 37 39 b 4a 1e b 32 9 1c 40 61a 20 19 21 21 45 13 8d 13
FIXUPS: 13d50 b 67 3e 17 99 13 155 52 30 ffffec2a 2f 16 c 13 1a c 13 1a
FIXUPS: 12d87 13 1a 20 2f 49 1bb 15 2e b f a 55 34 24 24 4c 16 1f 15 21
FIXUPS: 13214 38 fffff21b 5f 53 60 6f 60 b7 198 23 2d e 3e 15 61 2d 22
FIXUPS: 12a03 53 1e b 3c 8 f a0 4c 51 e 29 18 12 10 23 ffffeebc 96 54 5a
FIXUPS: 11cf2 2e c 8 8 c c 11 c d 23 23 27 af 2e 7a 113 20 10 49 197 64
FIXUPS: 1230f 4a 21 43 1d 60 ffffea88 2e 4b 17 8f 13 2e 57 4b 142 60 4f
FIXUPS: 112da a 36e 7e 22 11d 2d 4a 18 c 11 13 3c 7c 1b c 6a 97 8b 13 4349
FIXUPS: 15ed7 23 2d e 42 27 2d e ffffe4b7 25 2f6 66 6a 40a ffffbee2 1a
FIXUPS: 10bb8 3c 18 2c b 4a 1e b 4f 8e 1f 3e 3e 3f 3e 4842 11 20 f 1f 9
FIXUPS: 1576a 8 a7 19 14 11 c7 e 39 e 3b e 3c e 3a 13 92 61 8d b e 11 23
FIXUPS: 15c33 15f 60 fffff23d 21 1c b 60 b a3 21 61 11 2e 10 13 13 28 45
FIXUPS: 15389 d4 f 27 55 45 c 10 25 f 8 d c7 30 12 3b c1c b 3a 27 2d e
FIXUPS: 163dd 2c b ffffe973 1a 15 23 53 15 11 1c b 38 15 11 18 1c b 3e
FIXUPS: 14f69 11 28 b 3e 15 11 15c8 2c b 30 13 5f b 3a 27 2d e 44 2c b
FIXUPS: 15ff7 1a 15 23 28 3a 2d b 52 42 23 2d e 44 2c b 30 13 e1e 2d e
FIXUPS: 1712a 2c b 29 8f 3b 28 8 f d 71 5b b 29 13 4f 42 23 2d e ffffefd5
FIXUPS: 16491 15 23 2c 42 23 2d e 36a 30 5a 1c 1c 20 4f 19 38 c 69 18 83
FIXUPS: 16bb1 3d c 6c 5f 20 99 c f 6b 79 14 14 55 54 20 5e 20 a2 920b b
FIXUPS: 205a0 13 37 94 28 50 6f 1c 1c b 3d 20 26 b 2c 7 49 7 39 7 39 7
FIXUPS: 20972 7 e4 ffff5d9a 1a 1e 68 4f 8d04 21 3d 21 b 72 8 3e 1d 2e 69
FIXUPS: 1f7fd 2e 5c 1b 20 1e 40 76 5c 12 8c 9 15 50 6 6e 47e 1d0 13 82
FIXUPS: 2027d ffffeee0 8 13 c 2f 17 c 68 9 f 8 10 1a 13 9 10 13 9 184 c
FIXUPS: 1f48d 13 9 16 13 9 35 11 35 e d 43 fffff87f 52 13 9 10 13 9 15
FIXUPS: 1ef3d 13 9 10 13 9 15 a 4b 10 1d 9 1a 5a 13 9 10 19 9 15 1b 9 d
FIXUPS: 1f136 fffff9be 16 11 17 1c 11 14 37 f a 12 1c e 1f e 1f e 14 1d
FIXUPS: 1ecc9 c 1f 8 47 30 c 17 34 1b 27 8 13 fffff51b a2 47 1c cb 108
FIXUPS: 1e722 3d 4c 1f 70 17 e e fa 1d 14 c c 1b 11 1a 29 11 f 8 1a 11
FIXUPS: 1ea81 28 1e 1e fffff3c1 20 55 12 19 28 20 13 20 9 39 30 8 4f 4a
FIXUPS: 1e0e4 12 99 18 19 14 a 12 19 28 1c 8 10 9 28 1c 10 fffff64a c 10
FIXUPS: 1d93b 30 1d 23 56 76 c ce 8 2b 3e a1 1b 19 17 87 c 28 9 f 8 10
FIXUPS: 1ddb3 13 36 1b 1a 1d 2c fffff659 11 9 65 20 17 17 9 71 1f c 28
FIXUPS: 1d676 f 8 10 1a 1b 74 6a b 73 c 28 9 f 8 10 1a 13 28 19 fffff7a0
FIXUPS: 1d0bd 8 2f 12 8 8 2c 16 16 19 32 c a6 5c 1f c 28 9 f 8 10 1a 13
FIXUPS: 1d3ad 1b 3a 87 9 f 8 10 fffff2cf 2d 8 a 11 d 17 23 11 e e a 29
FIXUPS: 1c890 8 d 10 1cc 9 9c 54 44 9 b3 9 e4 9 1d9 9 9e 4d 49 ffffebe7
FIXUPS: 1bda5 152 149 1d0 fc 5f 20 93 4a 53 77 2b 8 12 34 2c 13 3e 4f 23
FIXUPS: 1c6ba 8 8 11 1b 14 10 17 f 2e 13 ffffee52 7d 9 f 8 10 39 1a 36
FIXUPS: 1b724 1e 1e c 10a a1 47 87 9 f 8 10 1e 3c 9 f 8 10 1e 9 2a 75 90
FIXUPS: 1ad09 3a c b4 86 1f c 28 9 f 8 10 2d 1b 4a d 2e 116 35 1a 36 1b
FIXUPS: 1b1ad 25 15 26 94 120 c 171 23 48 ffffee9e b 1b 8 12 34 a7 15 1f
FIXUPS: 1a5af 11d 16 16 14 c 2b c 37 152 181 9 f 8 10 1f 1a f5 b d eb b
FIXUPS: 1acd2 ffffef91 15 10 9 51 13 12 d b 12 1c 10 f 15 9b 34e 9 f 8
FIXUPS: 1a19a 1a b 55 c db 15 12 12 e 8 79 3f fffff389 15 c c 40 d 24 18
FIXUPS: 19870 29 1d 12 24 26 23 f 19 4e c bd 28 1f d 25 c 8 16 9 c f2 c
FIXUPS: 19c33 fffff7d6 1d f 9 15 10 6b 8 c 24 b 8 c a 37 2c c a 12 19 26
FIXUPS: 19605 c 48 8 f 40 f 43 8 36 b fffff7b0 1e 15 e b 12 b b 12 4c 32
FIXUPS: 1900b 25 24 13 12 14 2f 17 47 2c b 12 4c 1c 17 6e 44 2a 46 40 a3
FIXUPS: 1881e a4 2a 67 1c 3b 4d 12 36 b b3 1a e 4d 97 7f 22 34 b 12 4c
FIXUPS: 18d5c 5b 8 57 b 4a 28 12 b b 2a fffff2e7 1f 1f 22 22 1d 10a 13
FIXUPS: 1838f 13 7 b 5c 13 7 13 7 b 2a 25 f d8 8 8 62 14 d4 32 b9 12 15
FIXUPS: 187fd fffff519 a 5 a 3e 3f 31 31 31 a3 f 9 15 c 34 13 1c 13 3a
FIXUPS: 17fea 43 66 23 21 21 a 17 12 1f 22 1f 22 b191 2d e ffff4385 25
FIXUPS: 1774c 29 29 25 29 25 29 3f 29 3f 45 2b 24 36 a 4d 7a 1a 21 11 13
FIXUPS: 17ae8 d d d d e abc9 a5 d 1a 13 b 11 22 c9 e9 148 71 65 19 c3 d
FIXUPS: 22cd9 127 d4 73 70 3c 1a 1b3 13 30 32 42 23 2d e 42 ffffe4eb 1bd
FIXUPS: 219fb 25d 97 5d 3a 45 4d 5b c f 1c 10 b2 c f f5 75 39 28 5c 6f
FIXUPS: 222fa d2 1c9 e2 d 1a 13 f 11 ffffe8f1 4c 12 1b 12 10 13 13 11 4a
FIXUPS: 21123 5b 1d 16 24 30 15 15 15 15 15 20c 9a 2c 12 86 19 19 ca d
FIXUPS: 217b2 32 230b f 1f 13 9 4e f e 9 ffffcf9a 1a 15 23 79 1e 11 1c
FIXUPS: 20c68 42 1e 11 1c b 3c 64 46 4a 38 8 94 18 65 2817 a b 9 7 2d 1d
FIXUPS: 23830 f 2d f 21 2b 11 9 6 1c 2c c 8 d 1d 18 1b 1b 54 16 29 46 20
FIXUPS: 23abd 19 475 e 44 2c b fffff3dc 31 12 1f b 9 52 b 49 89 36 10 33
FIXUPS: 235e8 59 20 f e 25 b 10 21 b 1a 13 15 15 180e 5b 1f 56 55 194 7f
FIXUPS: 252b8 10 1a4 24 13 ffffeba4 5b fffffbd5 1a 15 23 2c 42 23 2d e
FIXUPS: 23dd9 2c b 30 13 5f b 3a 27 36e0 19 19 19 19 85 11 ffffcb78 11e
FIXUPS: 243aa 1c 1f e 2ee 78 15 4b 1b 2a 1d6 16 20 4f 20 4f 34 4f 2e 3e
FIXUPS: 24bd1 44 220 2386 19 19 19 19 19 19 19 19 19 19 19 19 19 19 19
FIXUPS: 2734b 19 19 19 19 125 11 38 19 19 19 19 19 19 19 19 fffff274 19
FIXUPS: 2688b 19 19 19 19 19 19 19 19 19 19 19 19 19 644 11 38 19 19 19
FIXUPS: 270c1 19 19 19 19 19 19 19 19 19 fffff383 19 19 19 19 19 19 19
FIXUPS: 265ed 19 19 19 19 19 19 19 19 19 19 19 19 19 19 19 19 2d 19 19
FIXUPS: 267f5 19 19 19 fffff9c5 19 19 19 19 19 19 19 19 19 19 19 19 19
FIXUPS: 26363 19 19 19 19 19 19 19 19 19 19 19 19 19 19 19 19 19 fffff578
FIXUPS: 25acb 47 1e 47 a0 29 1d 20 56 2ab 48 4b 19 19 19 19 19 19 19 19
FIXUPS: 260f2 19 19 19 19 19 19 19 19 19 19 2cf9 16 17 15 16 17 17d 7c
FIXUPS: 2918d a 30 ffffc330 1d 25 1d 17 3b 2e 1e 44 64 f 14 4b 33 7c 89
FIXUPS: 25873 e8 aa 29 38 1f7b 94 f6 94 94 f5 94 94 f6 94 94 4c 186 291
FIXUPS: 28585 55 56 5f 54 5a 54 128 265 27 55 e 4c 1a c4 14 36 14 b32 9b
FIXUPS: 299cb 11 11 11 e e e b1 8a b b 41 22 aa 80 59 15 8f 15 19 19 7f
FIXUPS: 29ef6 c 3c c ffffd7cd 3d a4 155 373a 4d b 10 49 43 1a 18 70 63
FIXUPS: 2b2d4 22 28 26 30 9 8f 4c 30 9 ffffdea1 b5 29 2c 2f 32 37 f4 6a
FIXUPS: 2971c 20 14 12fd 10 2e 25 2a 44 21 b b 1f 31 17 b b c 20 41 1a
FIXUPS: 2ac80 2a 21 1d 278 4d 11 11 27 6 46 11 18 16 fffff56c 3c 21 11
FIXUPS: 2a67c 12 11 20 11 20 42 11 13 b 14 17 24 1a 2f 16 1e 58 22 32 b
FIXUPS: 2a8f5 87 27 f 37 f 31 b4f 48 1e b 46 e 1f 32 2d 40 40 39 a2 ae
FIXUPS: 2a444 8 18 b b 11 8 1c b 1b 8 11 b 12 1c d 57 28 16d8 e d 6 13
FIXUPS: 2bcc6 28 12 13 11 11 30 42 23 2d e 44 2c b 30 13 5f b 3a 27 2d
FIXUPS: 2bfc9 44 2c b fffff4d1 58 14eb 21 1e 22 18 1e 16 1a c 1a 1b 16
FIXUPS: 2cb91 28 23 16 1b 16 16 c ffffedf2 1a 15 23 9a 79 1a 8 1f 6 67
FIXUPS: 2bc59 a77 1f 59 1b 16 1b c 16 14 1b c 89 12 17 11 f 1a d 12 1f
FIXUPS: 2c92f 1a 1f 20 20 c 1e 16 1a 20 14 c fffff8a8 1c 15 21 73 1f 14
FIXUPS: 2c451 12 17 11 f 1a d 12 1f 14 1b 1f 20 20 1d 1e 16 f 1c 5f 12
FIXUPS: 2c684 11 f 1a ba2 2e 27 14 16 2e 27 14 16 2e 17f 25 ffffeb7a 13
FIXUPS: 2c0d6 13 11 1c f 14 27 1a 1d 24 25 25 28 f 2d 2a 28 11 2ece 1a
FIXUPS: 2f1c1 11 27 d4 27 14 f 22 3d ffffe1ff 2c b 5e b 5b 13 fffff661
FIXUPS: 2cda1 e6 1b9 60 14 79 2e 29 34 29 2e 27 14 1a6c 11 18 5 b 1f4 11
FIXUPS: 2ef05 4d 10 a 10 a b 6 21 10 4d 10 a 10 a b 6 21 11 74 2c 20 22
FIXUPS: 2f17f 11 fffff5d9 11 12 1b 29 20 22 11 11 a 8d 1e 58 4b 11 26 10
FIXUPS: 2e9f9 10 184 1c 1e 4a 11 11 18 b 17 b 11 14 8 fffff325 16f 98 100
FIXUPS: 2e2fb 7e 67 26 15 1e 22 3d d 38 55 11 8e 2d 37 11 14 b 8 15 b 1e
FIXUPS: 2e6bc 15 b 8 15 b 1af3 23 2d e 44 2c b 47 27 2d e 44 2c b 51 ffffd262
FIXUPS: 2d6c1 20 22 5b 8d 6b 1e 3f5 a4 ea 16 58 16 63 8e 39 17e9 1f 49
FIXUPS: 2f800 1f 37 b 1f 37 33 11 24 12 5c 33 78 cb 74 33 37 19 6 7e cb
FIXUPS: 2fe04 bf 13 17 e9 19a 13 32 90e1 e 1c 30 50 2c3 9b e b b b b 38
FIXUPS: 39760 ffff5c87 1a 15 23 139 3b ac a 19 2f 21 b 26 a a 42 27 a 23ce
FIXUPS: 31ba6 71 a9 10f4 6a 10e 50 49 fa0 10e 50 49 f48 6a 10e 50 49 f80
FIXUPS: 362f3 50 49 f28 6a 10e 50 49 e20 10e 50 49 dda d2c 7 8 a 8d 18
FIXUPS: 3a080 1f 22 143 51 29 a 3c 19 ffff618a 2f 2f 86 16 d1 e 1c 3b 54
FIXUPS: 3075c a9 1201 16 d1 e 1c 8193 1b 10 10 7 11 d b b f 17 7 11 a 10
FIXUPS: 39d7f 10 b 11 16 13 2b 10 49 47 37 84 7 a 7 f 7 22e5 17 41 24 26
FIXUPS: 3c31a ffffd5e4 1c 1e 16 11 1d 16 11 1d 10 19 98 2c 1c 17 4c 57
FIXUPS: 39bc8 23 12 b b 1a 1c 1f 2b 1f44 21 21 26 21 26 21 21 26 21 26
FIXUPS: 3bd56 26 26 21 21 26 21 26 21 26 26 21 26 26 192 b 9f b 2e 13 4d
FIXUPS: 3afa0 27 38 25 d d d e 128 1a 135 68 18 c 6d 14 37 f6 14 4f 14
FIXUPS: 3b739 6f 8e e 2a2 21 21 21 26 21 21 ffffe984 32 36 5c e8 8a 89
FIXUPS: 3a868 11 36 38 8 16 10 10 e 6a 5 5e 1e b 81 293 d4 22 1b 49 27
FIXUPS: 3aef2 27 34 2b 1e5a 13 17 b6 25 a9 13 32 42 23 2d e 44 39 b 4a
FIXUPS: 3d15e 2d e 44 2c b ffffd171 56 b 3b 5 11 10 57 50 11 21b1 25 27
FIXUPS: 3c706 a 1f 49 a 1f 29 25 b 1f 29 25 33 11 24 12 5c 33 55 cb 74
FIXUPS: 3cb37 15 19 6 5b cb 88 25 11f6 e 47 2c b 1f0 13 68 b fffff0a9 16
FIXUPS: 3d41f 145 149 47f 49 2e ffffe7d4 1a 15 23 139 3b 85 c 19 2f 21
FIXUPS: 3c642 26 a a 2d17 93 2db 29 8a 8b 26 17e 3c 21 13 ffffe174 1a 3b
FIXUPS: 3dc5c 55 2a b 19 23 3d 23 3e d e 25 c 11 d 78 42 23 e53 7 14 8c
FIXUPS: 3ee53 18 17 30 23 88 52 18 17 30 23 88 56 18 17 30 23 95 f 15 2c
FIXUPS: 3f292 2c 25 46 18 1c 7 fffff491 30 23 7e 73 18 17 30 23 84 36 e
FIXUPS: 3eab4 18 17 30 26 7 17 7 1c 7 35 8c 36 e 31 18 17 30 26 7 1124
FIXUPS: 3fe84 19 14 1d 17 36 b8 55 ffffe23b 59 18 99 6e f 8 10 11 3c 10
FIXUPS: 3e47a 2d 12 2a 134 66 18 17 2b 80 6f 18 1987 42 23 2d e 44 2c b
FIXUPS: 402b0 13 5f b 3a 27 2d e 44 2c b fffff8da 1c 1c 1c 1e a 25 14 1d
FIXUPS: 3fe09 14 1d 19 a3b 9 10 29 33 1b fffffb6b 1b 11 33 4c b 28 35 f
FIXUPS: 405df 7c c c 41 66 c c 8d b 26 13 fffff8a4 1a 15 23 1e c322 3ee
FIXUPS: 4c89b 5b 103 d7 62 62 119 62 62 135 77 74 9c d5 13 89 23 17 6f
FIXUPS: 4d25c 73 116 24 40 38 37 37 b6 b ffff32c5 86c7 50 2ad 1e 50 28d
FIXUPS: 4954e 5d 243 35a 50 299 2ef 2bb 1f3 2f5 50 2f3 34e 313 251 2cc
FIXUPS: 4b85e 13 e3 27c 8f 55 1d1 3cd 67 9c ffffa55e 28e 50 279 50 2fc
FIXUPS: 47415 252 27d 31e 1e 50 18e 1a 50 1f8 1a 50 1de 1e 50 233 1e 50
FIXUPS: 487c5 1a 5d 1b0 26e 1a 50 25a ffffb532 1c 50 505 4d 29 2f 17 2a0
FIXUPS: 44d39 50 25c 29 2f 17 2a0 1c 50 2c8 11d 19f 125 1c3 1fb 50 24b
FIXUPS: 460b2 227 50 265 50 285 ffffb7f5 1d4 18d 1c8 197 10a 17c 1c 50
FIXUPS: 42c12 20c 20e 183 202 3e 305 b 62 b 80 b 40 e8 1c 50 240 1c4 213
FIXUPS: 44147 141 1c 50 ffffcb52 18 32 25 24 18 25 32 18 4b 18 25 25 25
FIXUPS: 41057 25 25 18 3e 18 3e 18 31 32 18 25 25 18 2d 18 d65 1c bc6f
FIXUPS: 4dc9a 1e ffff2ce3 20 51 25 31 18 4b 18 4b 18 3e 18 32 18 25 18
FIXUPS: 40c5b 18 3e 18 32 18 25 18 31 25 25 18 3f d91c 1df 76 16 137 220
FIXUPS: 4ed6d 11 2c6 6d 53 402 76 16 1c 5d 54 213 3e 53 5b ffffdf4a 2d
FIXUPS: 4d969 26 22 48 62 34 61 f 118 30a3 2d e 42 27 2d e ffffed77 39
FIXUPS: 4fbe9 13 29 48 e 1b e e 75 19 24 27 b b 12 5b 5f 26 2d ffffde60
FIXUPS: 4e037 5ba 16 1fd3 27 55 45 c 10 25 f 8 d c7 30 12 3b 17 11 20 f
FIXUPS: 508ba 9 15 8 a7 19 14 11 7b 13 ff 60 a3 42 fffff355 18 1c b 38
FIXUPS: 5007b 18 1c b 3e 18 28 b 3e 18 1e 35 b 60 b a3 21 61 11 2e 10 13
FIXUPS: 503fc 28 45 8e d4 18d8 19 55 2f 19 29 20 19 25 19 25 22 12 f b
FIXUPS: 52077 14 14 b 2d 17 a 15 60 15 2e 13 ffffebfd fffff187 1a 15 23
FIXUPS: 5ce36 ffff4754 39 90 27 49 58 166 f 35 27 1f 29 5c 23 5a 53 14
FIXUPS: 51a82 25 94 4c 20 32 70 87 38 3e 73 68 19 2b a564 77 13 53 8 13b
FIXUPS: 5c636 71 10c 2c b 36 64 30 67 b 4d 2c b 61 b 4d 2c b 61 b 78 1a
FIXUPS: 5cc00 3e 32 41 ffffefca f c 65 d 29 e 1c 1a e 26 85 15 17 17 11
FIXUPS: 5bf76 4e 11 32 33 4d 7e a2 33 39 52 18 d3 1d 2b 28 fffff2b4 30
FIXUPS: 5b6af 61 8 23 59 3c 10 43 e 12 8 16 f 70 a 4b e8 b 4e 51 13 26
FIXUPS: 5bb12 af 22 14 11 20 22 6 fffff636 1f 11 1f 11 1f 11 1f 11 1f 11
FIXUPS: 5b395 11 2f 69 4e 1e 26 8 10 9 c 9 22 9 13 f 3a 27 68 1e f fffff8f9
FIXUPS: 5af51 40 d 1a b 1c 1c 1c 1c 1c 1c 1c 1c 1c 35 a 1a 1e 1f 11 1f
FIXUPS: 5b196 1f 11 1f 11 1f 11 1f 11 1f fffff9c0 b 15 17 8 13 2b 1f 1e
FIXUPS: 5ad0e 21 51 69 19 9 10 15 2a a f b 10 f a c b e 23 12 7 21 12 fffffa0a
FIXUPS: 5a94a 19 1f 1a 1f 1a 1d b 15 10 13 19 1f 2b b 15 10 13 19 13 19
FIXUPS: 5ab3f 2b b 15 17 8 13 13 21 28 fffffb42 12 1b 17 10 d b c c f 8
FIXUPS: 5a800 b 11 17 16 15 9 8 c c c 13 8 9 8 c 12 f 1a 1d 10 fffffb1e
FIXUPS: 5a46a 13 19 13 19 25 28 a 1d b 27 a 1d b 1a 14 11 17 16 1a 1f 22
FIXUPS: 5a67d 12 22 22 22 1f b 14 1d fffff9b1 b c 2a 11 19 10 b 4f c 15
FIXUPS: 5a207 b c 64 44 1f 1f 1d b 17 f 8 13 2b 15 1a 1d b 19 11 25 fffff532
FIXUPS: 5999d 20 7 a 7 a 7 9e e 4d 5e e 52 26 4d b1 3b 202 1e 5f 1c 71
FIXUPS: 5a018 c 8 11 b 6e 1d 9 15 fffff5cb c 7 c 7 c 7 24 1f 31 e 23 2f
FIXUPS: 597f6 8 2c 1f 9 15 2e 1c d c 14 9 6 a 9 10 2a d e fffffaa7 33 45
FIXUPS: 59488 16 14 16 14 16 14 19 14 19 d 13 19 d 13 19 d 13 19 d 13 19
FIXUPS: 5963d 11 19 d 11 19 d fffff910 18 d 5a d 5a d 5a d d 16 d 56 d
FIXUPS: 591fe d 56 d 3f d 1f 1a 1a 1a 1b a b 19 e 1a 1a a fffff9bc 8 1a
FIXUPS: 58da5 12 12 8 1f 23 d 8 21 d 8 21 d 1a 12 d 10 d d 10 d 8 13 d
FIXUPS: 58f47 12 8 12 12 fffffb3d 2a 22 10 9 d 8 1b 9 8 1a b 8 11 30 b
FIXUPS: 58c1c 4a 2b d 1c b 18 12 d a d f a 1d b 12 fffff9de 11 11 13 1e
FIXUPS: 587a4 b 19 1d 15 1b 27 18 b 2b 1d 1c 1b 1b 2d 18 b 2b 1d 1c 1b
FIXUPS: 589e3 2d 37 1d 1c 1b fffff9e4 14 10 10 d 12 11 b 8 16 10 12 21
FIXUPS: 58565 10 1a 28 16 10 8 1a 21 16 10 12 21 29 b 15 15 1b 27 fffffb15
FIXUPS: 5823e d b 17 e 1c d b 38 d 10 d 27 10 1f b 8 16 10 10 17 b 8 f
FIXUPS: 583fa 12 21 16 10 8 12 fffffad4 12 d 1c 12 d 1c 12 d 2d 1e d 1b
FIXUPS: 58056 25 20 40 2d a 3e 26 20 6 9 18 d 6 1a 9 15 9 10 fffffa8a 2c
FIXUPS: 57ce9 1e 12 1d 15 1f d 2f d 10 6 9 18 8 13 9 15 a 13 9 10 d 15
FIXUPS: 57e8e 12 b 26 a 25 20 fffffa16 a 11 e 1c 20 c e 1d 1a 23 3a 15
FIXUPS: 57a7c d 24 18 1f d 2f 12 22 24 12 21 19 f 14 d 2d 2c 19 fffffa19
FIXUPS: 5768b 3b b 17 b 1d b 48 c 14 9 9 10 d 12 b 1a 6 17 12 d b 10 1b
FIXUPS: 57866 1e a 17 55 d 1d fffff981 f 2a 78 d 12 23 c 1d 15 f 30 a 4f
FIXUPS: 5749b 12 4b 19 24 d 1b 17 d 1f a 11 e 1c 40 17 1a 1d fffff7f6 36
FIXUPS: 56ec6 11 59 23 2e 28 12 20 1b 1c 6f 1c f 31 15 12 3e 25 21 11 f
FIXUPS: 571b2 2a 1d d a 28 21 14 1c fffff854 12 1b 1d 1b 21 c 10 d 1e 5a
FIXUPS: 56c1e 9 2e 10 d 2e 13 e 1f 14 1f 20 12 2e 18 23 23 1a 17 17 29
FIXUPS: 5677e 1a 16 2a 17 3d d 15 d 17 5a 32 1d 43 d 17 d 12 9 17 9 15
FIXUPS: 569e8 10 d 13 10 b 4e 8 23 20 fffffa3f d d c 18 a 8 1b 10 14 1a
FIXUPS: 565cd f 12 23 17 2a 7 19 7 8 2d 27 7 10 d 6 9 18 f 22 27 fffffb1d
FIXUPS: 562a7 23 1b 23 12 27 b 14 b 17 18 12 b 21 12 1c 12 b 19 19 11 b
FIXUPS: 56480 10 d d c 18 a 8 1b fffff98b 38 13 22 7 26 1d e 15 39 12 88
FIXUPS: 56046 9 55 13 22 26 1d e 15 3d 12 12 1e 12 12 1e 10 e 38 27 fffff736
FIXUPS: 559d1 e 1c b3 1a 12 10 22 a9 c 16 12 b 11 a 18 12 15 24 28 15 b
FIXUPS: 55cc9 c 70 2e 2a 20 3c 7 d fffff481 28 19 28 22 10b 28 60 28 4a
FIXUPS: 5553a 1a 10 56 36 ba 1c 3b 42 5f 20 f 37 12 a 20 51 43 1e 3d 2f
FIXUPS: 5596c fffff419 1c 13 25 34 27 27 37 d 1a 10 21 b 5b b 6a 2e 28
FIXUPS: 5503d 1c 25 1c 25 1c b5 22 22 22 22 b 4b b fffff577 14 d 15 10d
FIXUPS: 54950 46 a 5c 40 27 6 27 6 5e d0 11 31 b 1a d 1a 10 1f b 2c 1f
FIXUPS: 54cf9 31 19 13 1c fffff1a9 10 39 9b f 61 1d 2d 37 19 34 97 35 e4
FIXUPS: 543d0 24 102 2b 45 2a 10 21 1d 4b 2a 4e 4e 24 2c 14 2f 2f ffffef25
FIXUPS: 536e8 b 13 13 7 26 7 ac 2a 36 b 30 b 56 2b b 339 b 74 3c 33 27
FIXUPS: 53d86 11 e 78 56 2f 36 21 19 fffff35a 34 14 69 1f a 22 14 24 b
FIXUPS: 533e1 14 34 2f 16 12 25 20 21 3c 14 12 25 20 21 3c 14 d 50 38 2f
FIXUPS: 536ca fffff65e 17 1b 21 18 13 f 1c 5c 23 75 1a 31 120 4c 1a 15
FIXUPS: 530c5 15 1a 15 1a 27 1a 27 1a 27 1a 27 1a 13 25 fffff5e6 f a f
FIXUPS: 52877 f a f 17 17 a a a a a 14 15 f e b7 2a 3e 18 1e 21 22 75 2a
FIXUPS: 52ba0 32 2a 33 fffffa47 1c 11 16 a a a a a a a 11 a 11 a 11 a 11
FIXUPS: 5276b 11 a a 11 a 19 f f 14 1d f a f b6de ffffefa1 1c 7f 31 5f
FIXUPS: 5cffe 31 1d ffff533b 5 1a 1a 1d 15 5 1a 1a 1d 15 5 1a 1a 1d 15
FIXUPS: 524e2 15 1a 15 1a fd 2c b259 8 10 15 7 b 7 1a 22 26 44 f 8 10 15
FIXUPS: 5d9f1 b 7 b c 7 28 22 2e 22 98 205 84 2a 25 29 8d fffff604 f 8
FIXUPS: 5d511 8 12 d b 9 9 7 28 29 11 9 6 16 28 c 14 1a 146 18 2b 27 12
FIXUPS: 5d845 f 8 10 11 36 fffff901 8 10 51 23 26 14 24 c 9 19 19 f 1f
FIXUPS: 5d32d c 27 1d 11 d 1d 18 14 f 19 2b 48 e 14 21 f b 18e6 7 15 7
FIXUPS: 5ee41 7 1d 7 1d 7 1f 7 1a 7 1e 7 1f 7 34 4f 35 29 e 2ff 9 ffffddda
FIXUPS: 5d119 a 1a 33 23 12 1a15 17 7 12 7 8 7 36 f 8 10 18 7 10 7 10 7
FIXUPS: 5ecba 7 10 7 8 7 f 7 8 4f 7 1d 7 1d 7 fffffc52 8 10 10 7 34 f 8
FIXUPS: 5ea7f 14 7 10 7 10 17 7 10 7 10 7 8 7 f 7 1e f 8 10 14 7 10 7 10b4
FIXUPS: 5fc86 e4 18 19 16 ffffe644 1e0 4d 44 c b 67 42 14d 23 44 8 10 12
FIXUPS: 5e911 12 1a 2a f 8 10 10 7 10 7 2a d97 21 11 9 14 18 15 2d 12 12
FIXUPS: 5f856 13 2b 12 e c 78 51 1c 12 4a 13 12 1f 40 a9 58 45 19 1d d
FIXUPS: 5fc2a 1655 e1 fe 72 13 5d 13 82 ffffe82f 1b 6 1d 1c e fffff590
FIXUPS: 5f443 38 24 80 15 10 22 11 27 14 13 1c 56 2f 81 50 22 138a c 11
FIXUPS: 60b0b d 7a 13 15 11 1e 13 1c 127 48 64 32 13 1f 60 25 a 1f 14 cf
FIXUPS: 61058 17 4d 16 15 a1 c9 16 fffff339 1f 2e 19 17 18 9 11 18 9 15
FIXUPS: 6068b 50 17 1b 1b 1b 48 42 2f 12 33 13 1e 29 7f 1e 44 89 18 17
FIXUPS: 60a9d 483f 20 d d d b 17 346 ffffc1d8 248 326 23 ffffe0a3 1a 30
FIXUPS: 5ff6c 2f 37c 3a 2c 2f 17 1b 9 28 15 11 13 29 56 ae 17 4ae7 b 12
FIXUPS: 6509d 14 10 8 8 11 1b 6 11 15 b d b 8 11 12 b 20 11 d 14 b 13 34
FIXUPS: 6525c e 25 17 12 fffffb2c f d 12 16 10 53 1d 24 11 31 b 8 15 12
FIXUPS: 64f4e 9 18 b 12 8 8 10 15 b 11 14 10 8 8 11 3a fffffb81 c 12 b
FIXUPS: 64c1b b 15 16 11 16 14 f 8 10 10 1d 9 13 9 12 12 10 c 12 12 f 8
FIXUPS: 64d90 10 11 f b fffff8d6 1bd 23 57 2d 28 2c f b 11 14 e 14 14 12
FIXUPS: 649f4 23 15 1f 3b 58 27 33 e 16 12 f 8 10 10 16 11 fffff639 72
FIXUPS: 642e9 41 f 8 10 20 d 13 16 9 13 36 f 8 10 1a 9 13 38 f 8 10 16
FIXUPS: 644ea 6b 12 b 13 19 e0 fffff883 7 7 7 7 7 7 7 55 7 7 7 7 7 7 7
FIXUPS: 63fbf 23 e 31 e 5b c 18 22 9 79 27 19 9 1f 27 fffffb30 7 7 7 7
FIXUPS: 63d34 7 7 7 7 7 7 7 54 7 7 7 7 7 7 7 7 24 12 30 79 7 7 7 7 7 7
FIXUPS: 637ba f 8 d c7 30 12 3b 17 11 20 f 1f 9 15 8 a7 19 14 11 73 f 8
FIXUPS: 63b3a 2e 3a 3d 2c 48 2f 81 7 fffff4cd b c a 10 12 14 e 2d 63 77
FIXUPS: 6335b 5d 12 10 13 13 6a 45 ee f 27 55 39 3b 10 21 3d 34 3b c 10
FIXUPS: 62d94 1f 9 15 a 130 10 d9 13 2e a 33 15 a 10 1e 6 13 15 10 a 12
FIXUPS: 63123 12 a 19 b 15 f 8 f 2c 28a1 8a 5b c ffffcbe2 84 180 24 b e
FIXUPS: 62990 32 b e 11 1e 75 15 4c 21 19 1ae 12 2e 19 f 8 c c 19 e f 2e11
FIXUPS: 65bb1 15 23 2c 42 23 2d e 44 2c b 30 13 5f b 3a 27 2d e 44 2c b
FIXUPS: 6583d 49 5c 4d 3a 2f 18 22 18
