 Exile

 Timestamp is 34c54b31 (Tue Jan 20 18:11:13 1998)

 Preferred load address is 00400000

 Start         Length     Name                   Class
 0001:00000000 0008a9caH .text                   CODE
 0001:0008a9d0 000014e5H .text$x                 CODE
 0002:00000000 00003c84H .rdata                  DATA
 0002:00003c88 00001910H .xdata$x                DATA
 0002:00005598 00000000H .edata                  DATA
 0003:00000000 00000004H .CRT$XCA                DATA
 0003:00000004 000001dcH .CRT$XCU                DATA
 0003:000001e0 00000004H .CRT$XCZ                DATA
 0003:000001e4 00000004H .CRT$XIA                DATA
 0003:000001e8 00000004H .CRT$XIZ                DATA
 0003:000001f0 000096e1H .data                   DATA
 0003:000098d8 0b19bae8H .bss                    DATA
 0004:00000000 000000a0H .idata$2                DATA
 0004:000000a0 00000014H .idata$3                DATA
 0004:000000b4 000002acH .idata$4                DATA
 0004:00000360 000002acH .idata$5                DATA
 0004:0000060c 0000091aH .idata$6                DATA
 0005:00000000 000001f0H .rsrc$01                DATA
 0005:000001f0 00001c78H .rsrc$02                DATA

  Address         Publics by Value              Rva+Base     Lib:Object

 0001:00000020       ??_H@YGXPAXIHP6EX0@Z@Z     00401020 f i 3dimage.obj
 0001:00000080       ??0T3DImagery@@QAE@H@Z     00401080 f   3dimage.obj
 0001:00000100       ??_GT3DImagery@@UAEPAXI@Z  00401100 f i 3dimage.obj
 0001:00000100       ??_ET3DImagery@@UAEPAXI@Z  00401100 f i 3dimage.obj
 0001:00000130       ??1T3DImagery@@UAE@XZ      00401130 f   3dimage.obj
 0001:00000190       ?InitializeMesh@T3DImagery@@QAEHPAUS3DImageryBody@@@Z 00401190 f   3dimage.obj
 0001:000008f0       ?DrawUnlit@TObjectImagery@@UAEXPAVTObjectInstance@@PAVTSurface@@@Z 004018f0 f i 3dimage.obj
 0001:00000900       ?DrawLit@TObjectImagery@@UAEXPAVTObjectInstance@@PAVTSurface@@@Z 00401900 f i 3dimage.obj
 0001:00000910       ?DrawSelected@TObjectImagery@@UAEXPAVTObjectInstance@@PAVTSurface@@@Z 00401910 f i 3dimage.obj
 0001:00000920       ?DrawLight@TObjectImagery@@UAEXPAVTObjectInstance@@PAVTSurface@@@Z 00401920 f i 3dimage.obj
 0001:00000930       ?DrawInvItem@TObjectImagery@@UAEXPAVTObjectInstance@@HH@Z 00401930 f i 3dimage.obj
 0001:00000940       ?SaveHeader@TObjectImagery@@UAEXXZ 00401940 f i 3dimage.obj
 0001:00000960       ?ClearMesh@T3DImagery@@QAEXXZ 00401960 f   3dimage.obj
 0001:00000af0       ?NumStates@TObjectImagery@@UAEHXZ 00401af0 f i 3dimage.obj
 0001:00000b10       ?SetHeaderDirty@TObjectImagery@@UAEXH@Z 00401b10 f i 3dimage.obj
 0001:00000b30       ?GetHeaderDirty@TObjectImagery@@UAEHXZ 00401b30 f i 3dimage.obj
 0001:00000b50       ?SetBodyDirty@TObjectImagery@@UAEXH@Z 00401b50 f i 3dimage.obj
 0001:00000b70       ?GetBodyDirty@TObjectImagery@@UAEHXZ 00401b70 f i 3dimage.obj
 0001:00000b90       ?GetWalkMap@TObjectImagery@@UAEPAEH@Z 00401b90 f i 3dimage.obj
 0001:00000c00       ?GetRegX@TObjectImagery@@UAEHH@Z 00401c00 f i 3dimage.obj
 0001:00000c50       ?GetRegY@TObjectImagery@@UAEHH@Z 00401c50 f i 3dimage.obj
 0001:00000ca0       ?GetRegZ@TObjectImagery@@UAEHH@Z 00401ca0 f i 3dimage.obj
 0001:00000cf0       ?SetReg@TObjectImagery@@UAEXHHHH@Z 00401cf0 f i 3dimage.obj
 0001:00000d70       ?GetAnimRegX@TObjectImagery@@UAEHH@Z 00401d70 f i 3dimage.obj
 0001:00000dc0       ?GetAnimRegY@TObjectImagery@@UAEHH@Z 00401dc0 f i 3dimage.obj
 0001:00000e10       ?GetAnimRegZ@TObjectImagery@@UAEHH@Z 00401e10 f i 3dimage.obj
 0001:00000e60       ?NumVerts@T3DImagery@@QAEHXZ 00401e60 f   3dimage.obj
 0001:00000e80       ?SetAnimReg@TObjectImagery@@UAEXHHHH@Z 00401e80 f i 3dimage.obj
 0001:00000f00       ?GetVerts@T3DImagery@@QAEXPAXHHW4_D3DVERTEXTYPE@@HH@Z 00401f00 f   3dimage.obj
 0001:000010e0       ?GetFlags@TObjectImagery@@UAEHH@Z 004020e0 f i 3dimage.obj
 0001:00001100       ?GetAniFlags@TObjectImagery@@UAEHH@Z 00402100 f i 3dimage.obj
 0001:00001130       ?GetAniLength@TObjectImagery@@UAEHH@Z 00402130 f i 3dimage.obj
 0001:00001160       ?GetInvAniFlags@TObjectImagery@@UAEHH@Z 00402160 f i 3dimage.obj
 0001:00001190       ?GetInvAniLength@TObjectImagery@@UAEHH@Z 00402190 f i 3dimage.obj
 0001:000011c0       ?GetWidth@TObjectImagery@@UAEHH@Z 004021c0 f i 3dimage.obj
 0001:00001210       ?GetHeight@TObjectImagery@@UAEHH@Z 00402210 f i 3dimage.obj
 0001:00001260       ?SetWidthHeight@TObjectImagery@@UAEXHHH@Z 00402260 f i 3dimage.obj
 0001:000012c0       ?GetWorldBoundBox@TObjectImagery@@UAEXHAAH00@Z 004022c0 f i 3dimage.obj
 0001:00001330       ?GetWorldRegX@TObjectImagery@@UAEHH@Z 00402330 f i 3dimage.obj
 0001:00001380       ?GetWorldRegY@TObjectImagery@@UAEHH@Z 00402380 f i 3dimage.obj
 0001:000013d0       ?NumObjVerts@T3DImagery@@QAEHH@Z 004023d0 f   3dimage.obj
 0001:00001420       ?GetWorldRegZ@TObjectImagery@@UAEHH@Z 00402420 f i 3dimage.obj
 0001:00001470       ?GetZ@T3DImagery@@UAEHPAVTObjectInstance@@PAVTSurface@@@Z 00402470 f i 3dimage.obj
 0001:00001490       ?AlwaysOnTop@T3DImagery@@UAEHPAVTObjectInstance@@@Z 00402490 f i 3dimage.obj
 0001:000014b0       ?SetWorldReg@TObjectImagery@@UAEXHHHH@Z 004024b0 f i 3dimage.obj
 0001:00001530       ?GetObjVerts@T3DImagery@@QAEXHPAXHHW4_D3DVERTEXTYPE@@@Z 00402530 f   3dimage.obj
 0001:00001580       ?GetStillImage@TObjectImagery@@UAEPAVTBitmap@@HH@Z 00402580 f i 3dimage.obj
 0001:00001590       ?GetAnimation@TObjectImagery@@UAEPAVTAnimation@@H@Z 00402590 f i 3dimage.obj
 0001:000015a0       ?GetInvImage@TObjectImagery@@UAEPAVTBitmap@@HH@Z 004025a0 f i 3dimage.obj
 0001:000015b0       ?NumFaces@T3DImagery@@QAEHXZ 004025b0 f   3dimage.obj
 0001:000015d0       ?GetInvAnimation@TObjectImagery@@UAEPAVTAnimation@@H@Z 004025d0 f i 3dimage.obj
 0001:000015e0       ?Build@T3DImageryBuilder@@UAEPAVTObjectImagery@@H@Z 004025e0 f i 3dimage.obj
 0001:00001660       ?GetImageFlags@TObjectImagery@@UAEKH@Z 00402660 f i 3dimage.obj
 0001:00001670       ?GetObjName@TObjectImagery@@UAEPADH@Z 00402670 f i 3dimage.obj
 0001:00001680       ?GetFaces@T3DImagery@@QAEXPAUS3DFace@@@Z 00402680 f   3dimage.obj
 0001:000016b0       ?GetWeaponObj@TObjectImagery@@UAEHXZ 004026b0 f i 3dimage.obj
 0001:000016c0       ?GetNumObjs@TObjectImagery@@UAEHXZ 004026c0 f i 3dimage.obj
 0001:000016d0       ?NumObjFaces@T3DImagery@@QAEHH@Z 004026d0 f   3dimage.obj
 0001:00001720       ?GetObjFaces@T3DImagery@@QAEXHPAUS3DFace@@PAH1@Z 00402720 f   3dimage.obj
 0001:000017f0       ?NumObjects@T3DImagery@@QAEHXZ 004027f0 f   3dimage.obj
 0001:00001810       ?AddObject@T3DImagery@@AAEHPAUS3DObj@@@Z 00402810 f   3dimage.obj
 0001:000018f0       ?RemoveObject@T3DImagery@@AAEXH@Z 004028f0 f   3dimage.obj
 0001:00001980       ?ClearObjects@T3DImagery@@AAEXXZ 00402980 f   3dimage.obj
 0001:000019d0       ?GetObjectNum@T3DImagery@@QAEHPAD@Z 004029d0 f   3dimage.obj
 0001:00001a50       ?GetObjectName@T3DImagery@@QAEPADH@Z 00402a50 f   3dimage.obj
 0001:00001aa0       ?GetObjectA@T3DImagery@@QAEXHPAUS3DObj@@@Z 00402aa0 f   3dimage.obj
 0001:00001b00       ?RenderObject@T3DImagery@@QAEHPAUS3DAnimObj@@HHPAU_D3DMATRIX@@HH@Z 00402b00 f   3dimage.obj
 0001:000025c0       ?AddMaterial@T3DImagery@@AAEHPAU_D3DMATERIAL@@H@Z 004035c0 f   3dimage.obj
 0001:00002790       ?GetMaterial@T3DImagery@@QAEXHPAUS3DMat@@@Z 00403790 f   3dimage.obj
 0001:000027f0       ?GetMaterialHandle@T3DImagery@@QAEKH@Z 004037f0 f   3dimage.obj
 0001:00002840       ?SetMaterial@T3DImagery@@QAEXHPAUS3DMat@@@Z 00403840 f   3dimage.obj
 0001:00002980       ?RemoveMaterial@T3DImagery@@AAEXH@Z 00403980 f   3dimage.obj
 0001:00002a70       ?ClearMaterials@T3DImagery@@AAEXXZ 00403a70 f   3dimage.obj
 0001:00002ac0       ?AddTexture@T3DImagery@@AAEHPAU_DDSURFACEDESC@@PAVOFFSET@@HPAUtagPALETTEENTRY@@@Z 00403ac0 f   3dimage.obj
 0001:00002c50       ?LoadTexture@T3DImagery@@AAEHPAUS3DTex@@PAU_DDSURFACEDESC@@PAVOFFSET@@HPAUtagPALETTEENTRY@@H@Z 00403c50 f   3dimage.obj
 0001:00003650       ?RemoveTexture@T3DImagery@@AAEXH@Z 00404650 f   3dimage.obj
 0001:00003890       ?NumTextures@T3DImagery@@QAEHXZ 00404890 f   3dimage.obj
 0001:000038b0       ?GetTexture@T3DImagery@@QAEXHPAUS3DTex@@@Z 004048b0 f   3dimage.obj
 0001:00003920       ?GetTextureHandle@T3DImagery@@QAEKH@Z 00404920 f   3dimage.obj
 0001:00003980       ?ClearTextures@T3DImagery@@AAEXXZ 00404980 f   3dimage.obj
 0001:000039d0       ?GetTextureFrame@T3DImagery@@QAEHH@Z 004049d0 f   3dimage.obj
 0001:00003a30       ?SetTextureFrame@T3DImagery@@QAEHHH@Z 00404a30 f   3dimage.obj
 0001:00003c10       ?SurfacesLost@T3DImagery@@QAEHXZ 00404c10 f   3dimage.obj
 0001:00003c90       ?RestoreSurfaces@T3DImagery@@QAEXXZ 00404c90 f   3dimage.obj
 0001:00003cf0       ?ResetExtents@T3DImagery@@QAEXXZ 00404cf0 f   3dimage.obj
 0001:00003d50       ?GetExtents@T3DImagery@@QAEXPAU_D3DRECT@@@Z 00404d50 f   3dimage.obj
 0001:00003dc0       ?AddUpdateRect@T3DImagery@@QAEXPAU_D3DRECT@@H@Z 00404dc0 f   3dimage.obj
 0001:00003e70       ?UpdateBoundingRect@T3DImagery@@QAEXPAVTObjectInstance@@HPAU_D3DRECT@@@Z 00404e70 f   3dimage.obj
 0001:00004030       ?RefreshZBuffer@T3DImagery@@QAEXPAVTObjectInstance@@@Z 00405030 f   3dimage.obj
 0001:00004090       ?DrawShadow@T3DImagery@@QAEXPAVTObjectInstance@@@Z 00405090 f   3dimage.obj
 0001:00004190       ?NewObjectAnimator@T3DImagery@@UAEPAVTObjectAnimator@@PAVTObjectInstance@@@Z 00405190 f   3dimage.obj
 0001:00004280       ?NeedsAnimator@T3DImagery@@UAEHPAVTObjectInstance@@@Z 00405280 f   3dimage.obj
 0001:000042a0       ?RecordNewExtents@T3DAnimator@@QAEXPAVTObjectInstance@@H@Z 004052a0 f   3dimage.obj
 0001:00004420       ??0T3DAnimatorBuilder@@QAE@PAD@Z 00405420 f   3dimage.obj
 0001:00004480       ??0T3DAnimatorBuilder@@QAE@XZ 00405480 f   3dimage.obj
 0001:000044d0       ?Build@T3DAnimatorBuilder@@UAEPAVT3DAnimator@@PAVTObjectInstance@@@Z 004054d0 f   3dimage.obj
 0001:00004570       ??_ET3DAnimator@@UAEPAXI@Z 00405570 f i 3dimage.obj
 0001:00004570       ??_GT3DAnimator@@UAEPAXI@Z 00405570 f i 3dimage.obj
 0001:000045a0       ?ResetState@TObjectAnimator@@UAEXXZ 004055a0 f i 3dimage.obj
 0001:000045d0       ?GetBuilder@T3DAnimatorBuilder@@SIPAV1@PAD@Z 004055d0 f   3dimage.obj
 0001:00004630       ??1T3DAnimator@@UAE@XZ     00405630 f   3dimage.obj
 0001:00004690       ?Initialize@T3DAnimator@@UAEXXZ 00405690 f   3dimage.obj
 0001:00004740       ?Close@T3DAnimator@@UAEXXZ 00405740 f   3dimage.obj
 0001:00004800       ?Animate@T3DAnimator@@UAEXH@Z 00405800 f   3dimage.obj
 0001:00004be0       ?SurfacesLost@T3DAnimator@@UAEHXZ 00405be0 f   3dimage.obj
 0001:00004c00       ?RestoreSurfaces@T3DAnimator@@UAEXXZ 00405c00 f   3dimage.obj
 0001:00004c20       ?PreRender@T3DAnimator@@QAEXXZ 00405c20 f   3dimage.obj
 0001:00004d60       ?Render@T3DAnimator@@UAEHXZ 00405d60 f   3dimage.obj
 0001:00004ef0       ?PostRender@T3DAnimator@@QAEXXZ 00405ef0 f   3dimage.obj
 0001:00004f10       ?SetupObjects@T3DAnimator@@UAEXXZ 00405f10 f   3dimage.obj
 0001:00004f70       ?NewObject@T3DAnimator@@QAEPAUS3DAnimObj@@HH@Z 00405f70 f   3dimage.obj
 0001:00005100       ?GetVerts@T3DAnimator@@QAEXPAUS3DAnimObj@@W4_D3DVERTEXTYPE@@@Z 00406100 f   3dimage.obj
 0001:000051e0       ?GetFaces@T3DAnimator@@QAEXPAUS3DAnimObj@@@Z 004061e0 f   3dimage.obj
 0001:00005270       ?AddObject@T3DAnimator@@QAEHPAUS3DAnimObj@@@Z 00406270 f   3dimage.obj
 0001:00005320       ?RemoveObject@T3DAnimator@@QAEXH@Z 00406320 f   3dimage.obj
 0001:00005470       ?GetObjectNum@T3DAnimator@@QAEHPAD@Z 00406470 f   3dimage.obj
 0001:00005500       ?GetObjectA@T3DAnimator@@QAEPAUS3DAnimObj@@H@Z 00406500 f   3dimage.obj
 0001:00005550       ?IsObjectEnabled@T3DAnimator@@QAEHH@Z 00406550 f   3dimage.obj
 0001:000055a0       ?EnableObject@T3DAnimator@@QAEXHH@Z 004065a0 f   3dimage.obj
 0001:00005680       ??0T3DLight@@QAE@AAU_D3DLIGHT@@@Z 00406680 f   3dscene.obj
 0001:000056c0       ??1T3DLight@@QAE@XZ        004066c0 f   3dscene.obj
 0001:000056e0       ?Initialize@T3DLight@@QAEHXZ 004066e0 f   3dscene.obj
 0001:00005780       ?Close@T3DLight@@QAEHXZ    00406780 f   3dscene.obj
 0001:000057c0       ?SetIntensity@T3DLight@@QAEXM@Z 004067c0 f   3dscene.obj
 0001:000057e0       ?SetColor@T3DLight@@QAEXMMM@Z 004067e0 f   3dscene.obj
 0001:00005830       ?SetRange@T3DLight@@QAEXM@Z 00406830 f   3dscene.obj
 0001:00005850       ?SetPosition@T3DLight@@QAEXMMM@Z 00406850 f   3dscene.obj
 0001:00005890       ?AffectObject@T3DLight@@QAEHMMM@Z 00406890 f   3dscene.obj
 0001:00005a10       ?LightOff@T3DLight@@QAEHXZ 00406a10 f   3dscene.obj
 0001:00005a80       ??0T3DScene@@QAE@XZ        00406a80 f   3dscene.obj
 0001:00005aa0       ??1T3DScene@@QAE@XZ        00406aa0 f   3dscene.obj
 0001:00005ac0       ?Initialize@T3DScene@@QAEHHHHH@Z 00406ac0 f   3dscene.obj
 0001:00006360       ?Close@T3DScene@@QAEHXZ    00407360 f   3dscene.obj
 0001:000064b0       ?SetCameraPos@T3DScene@@QAEXAAUS3DPoint@@H@Z 004074b0 f   3dscene.obj
 0001:00006580       ?RefreshZBuffer@T3DScene@@QAEXXZ 00407580 f   3dscene.obj
 0001:000065e0       ?DrawScene@T3DScene@@QAEHXZ 004075e0 f   3dscene.obj
 0001:00006bf0       ?AdjustAmbientLight@T3DScene@@QAEXH@Z 00407bf0 f   3dscene.obj
 0001:00006c80       ?SetAmbientLight@T3DScene@@QAEXUSColor@@@Z 00407c80 f   3dscene.obj
 0001:00006cf0       ?AddLight@T3DScene@@QAEHAAUS3DPoint@@USColor@@H@Z 00407cf0 f   3dscene.obj
 0001:00006ec0       ?DeleteLight@T3DScene@@QAEHH@Z 00407ec0 f   3dscene.obj
 0001:00006f90       ?SetLightIntensity@T3DScene@@QAEHHH@Z 00407f90 f   3dscene.obj
 0001:00007000       ?SetLightColor@T3DScene@@QAEHHUSColor@@@Z 00408000 f   3dscene.obj
 0001:000070b0       ?SetLightPosition@T3DScene@@QAEHHAAUS3DPoint@@@Z 004080b0 f   3dscene.obj
 0001:00007140       ?GetNumLights@T3DScene@@QAEHXZ 00408140 f   3dscene.obj
 0001:00007150       ?LightAffectObject@T3DScene@@QAEHHHH@Z 00408150 f   3dscene.obj
 0001:000071d0       ?ResetAllLights@T3DScene@@QAEXXZ 004081d0 f   3dscene.obj
 0001:00007230       ?AddAnimator@T3DScene@@QAEHPAVT3DAnimator@@@Z 00408230 f   3dscene.obj
 0001:000072e0       ?RemoveAnimator@T3DScene@@QAEHK@Z 004082e0 f   3dscene.obj
 0001:00007360       ?GetNumAnimators@T3DScene@@QAEHXZ 00408360 f   3dscene.obj
 0001:00007370       ?EnumTextureFormatsCallback@@YGJPAU_DDSURFACEDESC@@PAX@Z 00408370 f   3dscene.obj
 0001:000073c0       ?GetTextureFormats@T3DScene@@QAEXXZ 004083c0 f   3dscene.obj
 0001:000073f0       ?GetClosestTextureFormat@T3DScene@@QAEXPAU_DDSURFACEDESC@@0@Z 004083f0 f   3dscene.obj
 0001:000078e0       ?ConvertTexture@T3DScene@@QAEXPAU_DDSURFACEDESC@@PAXPAUtagPALETTEENTRY@@012@Z 004088e0 f   3dscene.obj
 0001:00008770       ??0T3dSurface@@QAE@XZ      00409770 f   3dsurface.obj
 0001:00008790       ??_GT3dSurface@@UAEPAXI@Z  00409790 f i 3dsurface.obj
 0001:00008790       ??_ET3dSurface@@UAEPAXI@Z  00409790 f i 3dsurface.obj
 0001:000087c0       ??1T3dSurface@@UAE@XZ      004097c0 f   3dsurface.obj
 0001:000087e0       ?LockBuffer@T3dSurface@@UAEPAUIDirectDrawSurface@@XZ 004097e0 f   3dsurface.obj
 0001:000087f0       ?UnlockBuffer@T3dSurface@@UAEHXZ 004097f0 f   3dsurface.obj
 0001:00008800       ?SurfaceType@T3dSurface@@UAEHXZ 00409800 f i 3dsurface.obj
 0001:00008810       ?GetDDSurface@TVideoSurface@@UAEPAUIDirectDrawSurface@@XZ 00409810 f i 3dsurface.obj
 0001:00008830       ?Lost@TVideoSurface@@UAEHXZ 00409830 f i 3dsurface.obj
 0001:00008850       ?BitsPerPixel@TSurface@@UAEHXZ 00409850 f i 3dsurface.obj
 0001:00008870       ?GetGraphicsBuffer@TSurface@@UAEPAV1@XZ 00409870 f i 3dsurface.obj
 0001:00008880       ?GetZBuffer@TSurface@@UAEPAV1@XZ 00409880 f i 3dsurface.obj
 0001:00008890       ?GetNormalBuffer@TSurface@@UAEPAV1@XZ 00409890 f i 3dsurface.obj
 0001:000088a0       ?SetOrigin@TSurface@@UAEXHH@Z 004098a0 f i 3dsurface.obj
 0001:000088c0       ?SetClipRect@TSurface@@UAEXHHHH@Z 004098c0 f i 3dsurface.obj
 0001:00008900       ?SetClipMode@TSurface@@UAEXH@Z 00409900 f i 3dsurface.obj
 0001:00008920       ?GetDrawCallBack@TSurface@@UAEP6IXPAUSDrawBlock@@PAUSDrawParam@@@ZXZ 00409920 f i 3dsurface.obj
 0001:00008930       ?UseGetBlit@TSurface@@UAEHXZ 00409930 f i 3dsurface.obj
 0001:000089a0       ?Initialize@TAmmo@@SIHXZ   004099a0 f   ammo.obj
 0001:00008a40       ?Close@TAmmo@@SIXXZ        00409a40 f   ammo.obj
 0001:00008af0       ?Build@TAmmoBuilder@@UAEPAVTObjectInstance@@PAVSObjectDef@@PAVTObjectImagery@@@Z 00409af0 f i ammo.obj
 0001:00008b80       ??_ETAmmo@@UAEPAXI@Z       00409b80 f i ammo.obj
 0001:00008b80       ??_GTAmmo@@UAEPAXI@Z       00409b80 f i ammo.obj
 0001:00008bb0       ?GetAmount@TAmmo@@UAEHXZ   00409bb0 f i ammo.obj
 0001:00008bd0       ?Build@TAmmoBuilder@@UAEPAVTObjectInstance@@PAVTObjectImagery@@@Z 00409bd0 f i ammo.obj
 0001:00008c50       ??1TAmmo@@UAE@XZ           00409c50 f   ammo.obj
 0001:00008d40       ?AddToInventory@TAmmo@@UAEXPAVTObjectInstance@@@Z 00409d40 f   ammo.obj
 0001:00008db0       ?RemoveFromInventory@TAmmo@@UAEXPAVTObjectInstance@@@Z 00409db0 f   ammo.obj
 0001:00008e00       ?SetAmount@TAmmo@@UAEXH@Z  00409e00 f   ammo.obj
 0001:00008ef0       ?Load@TAmmo@@UAEXAAVTInputStream@@H@Z 00409ef0 f   ammo.obj
 0001:00008f30       ?Save@TAmmo@@UAEXAAVTOutputStream@@@Z 00409f30 f   ammo.obj
 0001:00008f80       ?AllocInvItem@TAmmo@@SIXPAVTObjectImagery@@HHH@Z 00409f80 f   ammo.obj
 0001:00009100       ?FreeInvItem@TAmmo@@SIXHH@Z 0040a100 f   ammo.obj
 0001:000091c0       ?AllocGroundItem@TAmmo@@SIXPAVTObjectImagery@@HHH@Z 0040a1c0 f   ammo.obj
 0001:000093d0       ?FreeGroundItem@TAmmo@@SIXHH@Z 0040a3d0 f   ammo.obj
 0001:00009490       ?DrawInvItem@TAmmo@@UAEXHH@Z 0040a490 f   ammo.obj
 0001:00009540       ?InventoryImage@TAmmo@@UAEPAVTBitmap@@XZ 0040a540 f   ammo.obj
 0001:000095a0       ?GetScreenRect@TAmmo@@UAEXAAUSRect@@@Z 0040a5a0 f   ammo.obj
 0001:00009660       ?DrawUnlit@TAmmo@@UAEXPAVTSurface@@@Z 0040a660 f   ammo.obj
 0001:00009710       ?GetStillImage@TAmmo@@UAEPAVTBitmap@@H@Z 0040a710 f   ammo.obj
 0001:00009770       ?GetName@TObjectInstance@@UAEPADXZ 0040a770 f i ammo.obj
 0001:000097f0       ?SetFlags@TObjectInstance@@UAEXKK@Z 0040a7f0 f i ammo.obj
 0001:00009820       ?ResetFlags@TObjectInstance@@UAEXK@Z 0040a820 f i ammo.obj
 0001:00009840       ?SetState@TObjectInstance@@UAEHPAD@Z 0040a840 f i ammo.obj
 0001:00009870       ?HasAnimator@TObjectInstance@@UAEHXZ 0040a870 f i ammo.obj
 0001:00009890       ?GetAnimator@TObjectInstance@@UAEPAVTObjectAnimator@@XZ 0040a890 f i ammo.obj
 0001:000098b0       ?DrawShadow@TObjectInstance@@UAEHXZ 0040a8b0 f i ammo.obj
 0001:000098c0       ?IsInInventory@TObjectInstance@@UAEHXZ 0040a8c0 f i ammo.obj
 0001:000098e0       ?CursorType@TObjectInstance@@UAEHPAV1@@Z 0040a8e0 f i ammo.obj
 0001:000098f0       ?UseRange@TObjectInstance@@UAEXAAH000@Z 0040a8f0 f i ammo.obj
 0001:00009930       ?GetAnimRect@TObjectInstance@@UAEXAAUSRect@@@Z 0040a930 f i ammo.obj
 0001:00009970       ?GetZ@TObjectInstance@@UAEHPAVTSurface@@@Z 0040a970 f i ammo.obj
 0001:000099b0       ?AlwaysOnTop@TObjectInstance@@UAEHXZ 0040a9b0 f i ammo.obj
 0001:000099e0       ?IsInventoryItem@TObjectInstance@@UAEHXZ 0040a9e0 f i ammo.obj
 0001:00009a40       ?FindState@TObjectInstance@@UAEHPAD@Z 0040aa40 f i ammo.obj
 0001:00009a80       ?FindTransitionState@TObjectInstance@@UAEHPAD0@Z 0040aa80 f i ammo.obj
 0001:00009ac0       ?ResetState@TObjectInstance@@UAEXXZ 0040aac0 f i ammo.obj
 0001:00009af0       ?CommandDone@TObjectInstance@@UAEHXZ 0040aaf0 f i ammo.obj
 0001:00009b20       ??0TAnimation@@QAE@XZ      0040ab20 f   animation.obj
 0001:00009b70       ??1TAnimation@@QAE@XZ      0040ab70 f   animation.obj
 0001:00009b80       ?Load@TAnimation@@SIPAV1@H@Z 0040ab80 f   animation.obj
 0001:00009ba0       ?Decompress@TAnimation@@QAEHPAUSDrawBlock@@HH@Z 0040aba0 f   animation.obj
 0001:00009bc0       ?Put@TAnimation@@QAEXPAVTSurface@@PAXHPAUSDrawParam@@@Z 0040abc0 f   animation.obj
 0001:00009c80       ?Stretch@TAnimation@@QAEXPAVTSurface@@0HHHH@Z 0040ac80 f   animation.obj
 0001:00009c90       ?NumFrames@TAnimation@@QAEHXZ 0040ac90 f   animation.obj
 0001:00009d00       ?GetFrame@TAnimation@@QAEPAVTBitmap@@H@Z 0040ad00 f   animation.obj
 0001:00009da0       ?Move@TAnimation@@AAEXAAH0HH@Z 0040ada0 f   animation.obj
 0001:00009db0       ?SizeMove@TAnimation@@AAEXAAH0HHH@Z 0040adb0 f   animation.obj
 0001:00009df0       ?AlwaysOnTop@TAnimImagery@@UAEHPAVTObjectInstance@@@Z 0040adf0 f   animimage.obj
 0001:00009e80       ?DrawLit@TAnimImagery@@UAEXPAVTObjectInstance@@PAVTSurface@@@Z 0040ae80 f   animimage.obj
 0001:0000a020       ?DrawUnlit@TAnimImagery@@UAEXPAVTObjectInstance@@PAVTSurface@@@Z 0040b020 f   animimage.obj
 0001:0000a1a0       ?Build@TAnimImageryBuilder@@UAEPAVTObjectImagery@@H@Z 0040b1a0 f i animimage.obj
 0001:0000a220       ??_ETAnimImagery@@UAEPAXI@Z 0040b220 f i animimage.obj
 0001:0000a220       ??_GTAnimImagery@@UAEPAXI@Z 0040b220 f i animimage.obj
 0001:0000a250       ??1TAnimImagery@@UAE@XZ    0040b250 f i animimage.obj
 0001:0000a270       ?GetStillImage@TAnimImagery@@UAEPAVTBitmap@@HH@Z 0040b270 f i animimage.obj
 0001:0000a2e0       ?GetInvImage@TAnimImagery@@UAEPAVTBitmap@@HH@Z 0040b2e0 f i animimage.obj
 0001:0000a350       ?GetInvAnimation@TAnimImagery@@UAEPAVTAnimation@@H@Z 0040b350 f i animimage.obj
 0001:0000a3c0       ?GetAnimation@TAnimImagery@@UAEPAVTAnimation@@H@Z 0040b3c0 f i animimage.obj
 0001:0000a430       ?GetImageFlags@TAnimImagery@@UAEKH@Z 0040b430 f i animimage.obj
 0001:0000a480       ?GetAniLength@TAnimImagery@@UAEHH@Z 0040b480 f i animimage.obj
 0001:0000a4c0       ?GetZ@TAnimImagery@@UAEHPAVTObjectInstance@@PAVTSurface@@@Z 0040b4c0 f   animimage.obj
 0001:0000a630       ?DrawSelected@TAnimImagery@@UAEXPAVTObjectInstance@@PAVTSurface@@@Z 0040b630 f   animimage.obj
 0001:0000a880       ?DrawInvItem@TAnimImagery@@UAEXPAVTObjectInstance@@HH@Z 0040b880 f   animimage.obj
 0001:0000a8f0       ?NeedsAnimator@TAnimImagery@@UAEHPAVTObjectInstance@@@Z 0040b8f0 f   animimage.obj
 0001:0000a970       ?NewObjectAnimator@TAnimImagery@@UAEPAVTObjectAnimator@@PAVTObjectInstance@@@Z 0040b970 f   animimage.obj
 0001:0000a9e0       ??0TAnimAnimator@@QAE@PAVTObjectInstance@@@Z 0040b9e0 f   animimage.obj
 0001:0000aa10       ??_ETAnimAnimator@@UAEPAXI@Z 0040ba10 f i animimage.obj
 0001:0000aa10       ??_GTAnimAnimator@@UAEPAXI@Z 0040ba10 f i animimage.obj
 0001:0000aa40       ?Animate@TAnimAnimator@@UAEXH@Z 0040ba40 f   animimage.obj
 0001:0000add0       ?Initialize@TObjectAnimator@@UAEXXZ 0040bdd0 f i animimage.obj
 0001:0000ade0       ?Close@TObjectAnimator@@UAEXXZ 0040bde0 f i animimage.obj
 0001:0000adf0       ??1TAnimAnimator@@UAE@XZ   0040bdf0 f   animimage.obj
 0001:0000aee0       ?AllocDecBuffer@TAnimSprite@@IAEXJ@Z 0040bee0 f   animsprite.obj
 0001:0000aef0       ?FreeDecBuffer@TAnimSprite@@IAEXXZ 0040bef0 f   animsprite.obj
 0001:0000af00       ?Draw@TAnimSprite@@IAEXPAVTSurface@@@Z 0040bf00 f   animsprite.obj
 0001:0000af10       ?Erase@TAnimSprite@@IAEXPAVTSurface@@@Z 0040bf10 f   animsprite.obj
 0001:0000af20       ?NextFrame@TAnimSprite@@IAEXXZ 0040bf20 f   animsprite.obj
 0001:0000af30       ?Move@TAnimSprite@@IAEXHH@Z 0040bf30 f   animsprite.obj
 0001:0000af40       ?Goto@TAnimSprite@@IAEXHH@Z 0040bf40 f   animsprite.obj
 0001:0000af50       ?SizeMove@TAnimSprite@@IAEXHH@Z 0040bf50 f   animsprite.obj
 0001:0000af60       ?SizeGoto@TAnimSprite@@IAEXHH@Z 0040bf60 f   animsprite.obj
 0001:0000af70       ?Done@TAnimSprite@@IAEHXZ  0040bf70 f   animsprite.obj
 0001:0000afe0       ?Build@TArmorBuilder@@UAEPAVTObjectInstance@@PAVSObjectDef@@PAVTObjectImagery@@@Z 0040bfe0 f i armor.obj
 0001:0000b070       ??_ETArmor@@UAEPAXI@Z      0040c070 f i armor.obj
 0001:0000b070       ??_GTArmor@@UAEPAXI@Z      0040c070 f i armor.obj
 0001:0000b0a0       ??1TArmor@@UAE@XZ          0040c0a0 f i armor.obj
 0001:0000b0c0       ?Build@TArmorBuilder@@UAEPAVTObjectInstance@@PAVTObjectImagery@@@Z 0040c0c0 f i armor.obj
 0001:0000b140       ?SetAmount@TObjectInstance@@UAEXH@Z 0040c140 f i armor.obj
 0001:0000b150       ?GetAmount@TObjectInstance@@UAEHXZ 0040c150 f i armor.obj
 0001:0000b160       ?GetScreenRect@TObjectInstance@@UAEXAAUSRect@@@Z 0040c160 f i armor.obj
 0001:0000b1a0       ?DrawUnlit@TObjectInstance@@UAEXPAVTSurface@@@Z 0040c1a0 f i armor.obj
 0001:0000b1d0       ?DrawInvItem@TObjectInstance@@UAEXHH@Z 0040c1d0 f i armor.obj
 0001:0000b210       ?GetStillImage@TObjectInstance@@UAEPAVTBitmap@@H@Z 0040c210 f i armor.obj
 0001:0000b280       ?InventoryImage@TObjectInstance@@UAEPAVTBitmap@@XZ 0040c280 f i armor.obj
 0001:0000b2d0       ?Initialize@TAutoMap@@UAEHXZ 0040c2d0 f   automap.obj
 0001:0000b3d0       ?Close@TAutoMap@@UAEXXZ    0040c3d0 f   automap.obj
 0001:0000b420       ?DrawBackground@TAutoMap@@UAEXXZ 0040c420 f   automap.obj
 0001:0000b8d0       ?DrawPlayerMarker@TAutoMap@@IAEXHH@Z 0040c8d0 f   automap.obj
 0001:0000b940       ?RestorePlayerMarker@TAutoMap@@IAEXXZ 0040c940 f   automap.obj
 0001:0000b990       ?DrawAutoMap@TAutoMap@@IAEXXZ 0040c990 f   automap.obj
 0001:0000d3f0       ?LoadMapGraphics@TAutoMap@@QAEHH@Z 0040e3f0 f   automap.obj
 0001:0000d640       ?FreeMapGraphics@TAutoMap@@QAEXXZ 0040e640 f   automap.obj
 0001:0000d690       ?RecordTravels@TAutoMap@@QAEXXZ 0040e690 f   automap.obj
 0001:0000db50       ?CheckMaps@TAutoMap@@IAEXXZ 0040eb50 f   automap.obj
 0001:0000dd20       ?GetMapNumber@TAutoMap@@QAEHPAD@Z 0040ed20 f   automap.obj
 0001:0000dd80       ?GetMaskColorActive@TAutoMap@@QAEHHH@Z 0040ed80 f   automap.obj
 0001:0000ddd0       ?GetMaskColorActive@TAutoMap@@QAEHPADH@Z 0040edd0 f   automap.obj
 0001:0000de00       ?SetMaskColorActive@TAutoMap@@QAEXHHE@Z 0040ee00 f   automap.obj
 0001:0000de90       ?SetMaskColorActive@TAutoMap@@QAEXPADHE@Z 0040ee90 f   automap.obj
 0001:0000dec0       ?MouseClick@TAutoMap@@UAEXHHH@Z 0040eec0 f   automap.obj
 0001:0000dfb0       ?MouseMove@TAutoMap@@UAEXHHH@Z 0040efb0 f   automap.obj
 0001:0000e0e0       ?WriteAutoMapData@TAutoMap@@QAEIPAU_iobuf@@@Z 0040f0e0 f   automap.obj
 0001:0000e240       ?ReadAutoMapData@TAutoMap@@QAEIPAU_iobuf@@@Z 0040f240 f   automap.obj
 0001:0000e3c0       ?GetPlayerOnAutoMap@TAutoMap@@IAEXAAH0@Z 0040f3c0 f   automap.obj
 0001:0000e450       ?NewBitmap@TBitmap@@SIPAV1@HHHH@Z 0040f450 f   bitmap.obj
 0001:0000e7e0       ?Load@TBitmap@@SIPAV1@H@Z  0040f7e0 f   bitmap.obj
 0001:0000e810       ?WriteText@TBitmap@@QAEXPADHHHPAVTFont@@PAUSColor@@K@Z 0040f810 f   bitmap.obj
 0001:0000e9c0       ?Decompress@TBitmap@@QAEHPAV1@@Z 0040f9c0 f   bitmap.obj
 0001:0000e9e0       ?Decompress@TBitmap@@QAEHPAXHH@Z 0040f9e0 f   bitmap.obj
 0001:0000ea00       ?Clear@TBitmap@@QAEHAAUSColor@@KG@Z 0040fa00 f   bitmap.obj
 0001:0000ed60       ?Put@TBitmap@@QAEHHHPAV1@HHHHHH@Z 0040fd60 f   bitmap.obj
 0001:0000f0d0       ?Put@TBitmap@@QAEHHHPAVTSurface@@HHHHHH@Z 004100d0 f   bitmap.obj
 0001:0000f320       ?SaveBMP@TBitmap@@QAEHPAD@Z 00410320 f   bitmap.obj
 0001:0000f5c0       ?OnPixel@TBitmap@@QAEHHH@Z 004105c0 f   bitmap.obj
 0001:0000f680       ?Line@TBitmap@@QAEHHHHHAAUSColor@@@Z 00410680 f   bitmap.obj
 0001:0000f880       ?Box@TBitmap@@QAEHHHHHAAUSColor@@@Z 00410880 f   bitmap.obj
 0001:0000f920       ?TranslateColor@@YIGAAUSColor@@@Z 00410920 f   bitmap.obj
 0001:0000fa00       ??0TBitmapSurface@@QAE@XZ  00410a00 f   bmsurface.obj
 0001:0000fa20       ??_ETBitmapSurface@@UAEPAXI@Z 00410a20 f i bmsurface.obj
 0001:0000fa20       ??_GTBitmapSurface@@UAEPAXI@Z 00410a20 f i bmsurface.obj
 0001:0000fa50       ??1TBitmapSurface@@UAE@XZ  00410a50 f   bmsurface.obj
 0001:0000fad0       ?Initialize@TBitmapSurface@@QAEXHHH@Z 00410ad0 f   bmsurface.obj
 0001:0000fbc0       ?SurfaceType@TBitmapSurface@@UAEHXZ 00410bc0 f i bmsurface.obj
 0001:0000fbd0       ?Lock@TBitmapSurface@@UAEPAXXZ 00410bd0 f i bmsurface.obj
 0001:0000fbf0       ?Unlock@TBitmapSurface@@UAEHXZ 00410bf0 f i bmsurface.obj
 0001:0000fc00       ?Lost@TBitmapSurface@@UAEHXZ 00410c00 f i bmsurface.obj
 0001:0000fc10       ?Initialize@TBitmapSurface@@QAEXPAVTBitmap@@@Z 00410c10 f   bmsurface.obj
 0001:0000fd00       ?GetDDSurface@TSurface@@UAEPAUIDirectDrawSurface@@XZ 00410d00 f i bmsurface.obj
 0001:0000fd10       ?Rect@TBitmapSurface@@UAEHHHHHAAUSColor@@@Z 00410d10 f   bmsurface.obj
 0001:0000fd30       ?Rect@TBitmapSurface@@UAEHUSRect@@AAUSColor@@@Z 00410d30 f   bmsurface.obj
 0001:0000fd50       ?Box@TBitmapSurface@@UAEHHHHHAAUSColor@@@Z 00410d50 f   bmsurface.obj
 0001:0000fd70       ?Line@TBitmapSurface@@UAEHHHHHAAUSColor@@@Z 00410d70 f   bmsurface.obj
 0001:0000fd90       ?Copy@TBitmapSurface@@UAEHPAVTBitmap@@@Z 00410d90 f   bmsurface.obj
 0001:0000fdb0       ?BlitPrimary@TBitmapSurface@@UAEHPAUSDrawParam@@PAVTSurface@@H@Z 00410db0 f   bmsurface.obj
 0001:0000fdd0       ??0CBox@@QAE@PADH@Z        00410dd0 f   Box.obj
 0001:00010190       ??1CBox@@QAE@XZ            00411190 f   Box.obj
 0001:00010200       ?UpdateBoxNow@CBox@@QAEHXZ 00411200 f   Box.obj
 0001:000103d0       ?GetFileDirEntry@CBox@@IAEJPAD@Z 004113d0 f   Box.obj
 0001:000104d0       ?ReadFile@CBox@@QAEPAXPADPAXPAJ@Z 004114d0 f   Box.obj
 0001:00010710       ?AddFile@CBox@@QAEHPADPAXJH@Z 00411710 f   Box.obj
 0001:00011030       ?BeginFileOutput@CBox@@QAEHXZ 00412030 f   Box.obj
 0001:00011090       ?WriteFileOutput@CBox@@QAEJPAXJ@Z 00412090 f   Box.obj
 0001:00011100       ?EndFileOutput@CBox@@QAEHPAD@Z 00412100 f   Box.obj
 0001:00011620       ?GetFileHandle@CBox@@QAEHPAD@Z 00412620 f   Box.obj
 0001:00011680       ?GetFileSize@CBox@@QAEJPAD@Z 00412680 f   Box.obj
 0001:000116c0       ?CalcCheckSum@CBox@@IAEJPAEJ@Z 004126c0 f   Box.obj
 0001:00011710       ?GetCRC@CBox@@IAEKPAEJ@Z   00412710 f   Box.obj
 0001:000117c0       ?InitCRCTable@CBox@@IAEXXZ 004127c0 f   Box.obj
 0001:00011860       ?DrawFrame@@YIXPAVTSurface@@HHHHH@Z 00412860 f   button.obj
 0001:00011a30       ??0TButton@@QAE@PADHHHHGP6IXXZPAVTBitmap@@2HHHHH@Z 00412a30 f   button.obj
 0001:00011bc0       ?Draw@TButton@@UAEXXZ      00412bc0 f   button.obj
 0001:00011db0       ?Animate@TButton@@QAEXH@Z  00412db0 f   button.obj
 0001:00011e20       ?OnButton@TButton@@QAEHHH@Z 00412e20 f   button.obj
 0001:00011fb0       ?Initialize@TButtonPane@@UAEHXZ 00412fb0 f   button.obj
 0001:00011ff0       ?Close@TButtonPane@@UAEXXZ 00412ff0 f   button.obj
 0001:000120c0       ?DrawBackground@TButtonPane@@UAEXXZ 004130c0 f   button.obj
 0001:00012150       ?Animate@TButtonPane@@UAEXH@Z 00413150 f   button.obj
 0001:000121c0       ?RedrawButtons@TButtonPane@@QAEXXZ 004131c0 f   button.obj
 0001:00012230       ?KeyPress@TButtonPane@@UAEXHH@Z 00413230 f   button.obj
 0001:000126d0       ?MouseClick@TButtonPane@@UAEXHHH@Z 004136d0 f   button.obj
 0001:000129d0       ?MouseMove@TButtonPane@@UAEXHHH@Z 004139d0 f   button.obj
 0001:00012b10       ?NewButton@TButtonPane@@QAEHPAVTButton@@@Z 00413b10 f   button.obj
 0001:00012be0       ?ClearGroup@TButtonPane@@QAEXH@Z 00413be0 f   button.obj
 0001:00012c80       ?CheckGroup@TButtonPane@@QAEXH@Z 00413c80 f   button.obj
 0001:00012da0       ?ClearChar@TCharacter@@QAEXXZ 00413da0 f   character.obj
 0001:00012df0       ?Pulse@TCharacter@@UAEXXZ  00413df0 f   character.obj
 0001:00012f80       ?UpdateAction@TCharacter@@MAEXH@Z 00413f80 f   character.obj
 0001:000131e0       ?ResolveAction@TCharacter@@MAEHH@Z 004141e0 f   character.obj
 0001:000135e0       ?Build@TCharacterBuilder@@UAEPAVTObjectInstance@@PAVSObjectDef@@PAVTObjectImagery@@@Z 004145e0 f i character.obj
 0001:00013690       ??_ETCharacter@@UAEPAXI@Z  00414690 f i character.obj
 0001:00013690       ??_GTCharacter@@UAEPAXI@Z  00414690 f i character.obj
 0001:000136c0       ??1TCharacter@@UAE@XZ      004146c0 f i character.obj
 0001:000136e0       ??1TComplexObject@@UAE@XZ  004146e0 f i character.obj
 0001:00013700       ??_ETComplexObject@@UAEPAXI@Z 00414700 f i character.obj
 0001:00013700       ??_GTComplexObject@@UAEPAXI@Z 00414700 f i character.obj
 0001:00013730       ?DrawShadow@TCharacter@@UAEHXZ 00414730 f i character.obj
 0001:00013740       ?DefaultRootState@TCharacter@@UAEPADXZ 00414740 f i character.obj
 0001:00013890       ?DefaultRootState@TComplexObject@@MAEPADXZ 00414890 f i character.obj
 0001:000138a0       ?IsAggressive@TCharacter@@UAEHXZ 004148a0 f i character.obj
 0001:000139b0       ?IsDead@TCharacter@@UAEHXZ 004149b0 f i character.obj
 0001:000139d0       ?Radius@TCharacter@@UAEHXZ 004149d0 f i character.obj
 0001:00013ae0       ?SwingRange@TCharacter@@UAEHXZ 00414ae0 f i character.obj
 0001:00013bf0       ?ThrustRange@TCharacter@@UAEHXZ 00414bf0 f i character.obj
 0001:00013d00       ?GetPoisonDamage@TCharacter@@UAEHXZ 00414d00 f i character.obj
 0001:00013e10       ?Build@TCharacterBuilder@@UAEPAVTObjectInstance@@PAVTObjectImagery@@@Z 00414e10 f i character.obj
 0001:00013ec0       ?Animate@TCharacter@@UAEXH@Z 00414ec0 f   character.obj
 0001:00014070       ?Move@TCharacter@@UAEKXZ   00415070 f   character.obj
 0001:000148f0       ?Damage@TCharacter@@UAEXHH@Z 004158f0 f   character.obj
 0001:00014a00       ?GetResistance@TCharacter@@UAEHH@Z 00415a00 f   character.obj
 0001:00014b20       ?RestoreHealth@TCharacter@@QAEXXZ 00415b20 f   character.obj
 0001:00014b50       ?ForceCommand@TCharacter@@MAEHPAVTActionBlock@@H@Z 00415b50 f   character.obj
 0001:00014bd0       ?Advance@TCharacter@@IAEXHHH@Z 00415bd0 f   character.obj
 0001:00014e20       ?UpdateAngle@TCharacter@@IAEHH@Z 00415e20 f   character.obj
 0001:000150f0       ?ResolveWalk@TCharacter@@MAEHPAVTActionBlock@@H@Z 004160f0 f   character.obj
 0001:000152c0       ?ResolveAttack@TCharacter@@MAEHPAVTActionBlock@@H@Z 004162c0 f   character.obj
 0001:00015730       ?ResolveImpact@TCharacter@@MAEHPAVTActionBlock@@H@Z 00416730 f   character.obj
 0001:000158c0       ?ResolveCombat@TCharacter@@MAEHPAVTActionBlock@@H@Z 004168c0 f   character.obj
 0001:00015930       ?ResolveCombatWalk@TCharacter@@MAEHPAVTActionBlock@@H@Z 00416930 f   character.obj
 0001:00015970       ?ResolveCharge@TCharacter@@IAEHPAVTActionBlock@@H@Z 00416970 f   character.obj
 0001:000159a0       ?ResolveSay@TCharacter@@MAEHPAVTActionBlock@@H@Z 004169a0 f   character.obj
 0001:00015a00       ?TalismanStat@@YIHHPAD@Z   00416a00 f   character.obj
 0001:00015a80       ?ResolveInvoke@TCharacter@@MAEHPAVTActionBlock@@H@Z 00416a80 f   character.obj
 0001:00015d90       ?IsFighting@TCharacter@@UAEHXZ 00416d90 f   character.obj
 0001:00015de0       ?AI@TCharacter@@UAEXXZ     00416de0 f   character.obj
 0001:00016000       ?SignalMovement@TCharacter@@UAEXPAVTObjectInstance@@@Z 00417000 f   character.obj
 0001:00016010       ?SignalHostility@TCharacter@@UAEXPAVTObjectInstance@@0@Z 00417010 f   character.obj
 0001:000161d0       ?SignalAttack@TCharacter@@UAEXPAVTObjectInstance@@0@Z 004171d0 f   character.obj
 0001:000162f0       ?Go@TCharacter@@QAEXH@Z    004172f0 f   character.obj
 0001:000165c0       ?Go@TCharacter@@QAEXUS3DPoint@@@Z 004175c0 f   character.obj
 0001:00016650       ?Goto@TCharacter@@QAEXHH@Z 00417650 f   character.obj
 0001:00016700       ?Stop@TCharacter@@QAEXPAD@Z 00417700 f   character.obj
 0001:00016750       ?FollowChar@TCharacter@@QAEXPAVTObjectInstance@@@Z 00417750 f   character.obj
 0001:00016760       ?Pickup@TCharacter@@QAEXPAVTObjectInstance@@@Z 00417760 f   character.obj
 0001:000167c0       ?Say@TCharacter@@QAEXPAD@Z 004177c0 f   character.obj
 0001:00016880       ?Swing@TCharacter@@QAEXXZ  00417880 f   character.obj
 0001:00016910       ?Thrust@TCharacter@@QAEXXZ 00417910 f   character.obj
 0001:000169a0       ?Block@TCharacter@@QAEXXZ  004179a0 f   character.obj
 0001:00016a60       ?Charge@TCharacter@@QAEXH@Z 00417a60 f   character.obj
 0001:00016c70       ?Dodge@TCharacter@@QAEXXZ  00417c70 f   character.obj
 0001:00016d30       ?Invoke@TCharacter@@QAEXPAHH@Z 00417d30 f   character.obj
 0001:00016e40       ?BeginCombat@TCharacter@@QAEXPAVTObjectInstance@@@Z 00417e40 f   character.obj
 0001:00016ec0       ?EndCombat@TCharacter@@QAEXXZ 00417ec0 f   character.obj
 0001:00016f40       ?Wait@TCharacter@@QAEXH@Z  00417f40 f   character.obj
 0001:00016f50       ?PlayAnim@TCharacter@@QAEXPAD@Z 00417f50 f   character.obj
 0001:00016f60       ?CursorType@TCharacter@@UAEHPAVTObjectInstance@@@Z 00417f60 f   character.obj
 0001:00016fc0       ?Use@TCharacter@@UAEHPAVTObjectInstance@@H@Z 00417fc0 f   character.obj
 0001:00017170       ?CharBlocking@TCharacter@@SIHPAVTObjectInstance@@AAUS3DPoint@@H@Z 00418170 f   character.obj
 0001:00017260       ??0S3DPoint@@QAE@AAU0@@Z   00418260 f i character.obj
 0001:000172c0       ?Build@TCharAnimatorBuilder@@UAEPAVT3DAnimator@@PAVTObjectInstance@@@Z 004182c0 f i character.obj
 0001:00017360       ?Build@TPlayerAnimatorBuilder@@UAEPAVT3DAnimator@@PAVTObjectInstance@@@Z 00418360 f i character.obj
 0001:000173e0       ??_ETPlayerAnimator@@UAEPAXI@Z 004183e0 f i character.obj
 0001:000173e0       ??_GTPlayerAnimator@@UAEPAXI@Z 004183e0 f i character.obj
 0001:00017410       ??1TPlayerAnimator@@UAE@XZ 00418410 f i character.obj
 0001:00017470       ??0TCharAnimator@@QAE@PAVTObjectInstance@@@Z 00418470 f   character.obj
 0001:000175b0       ??_ETCharAnimator@@UAEPAXI@Z 004185b0 f i character.obj
 0001:000175b0       ??_GTCharAnimator@@UAEPAXI@Z 004185b0 f i character.obj
 0001:000175e0       ??1TCharAnimator@@UAE@XZ   004185e0 f   character.obj
 0001:00017710       ?Animate@TCharAnimator@@UAEXH@Z 00418710 f   character.obj
 0001:00017730       ?Render@TCharAnimator@@UAEHXZ 00418730 f   character.obj
 0001:000178b0       ??0TChunkCache@@QAE@XZ     004188b0 f   chunkcache.obj
 0001:00017920       ?AllocCache@TChunkCache@@QAEXH@Z 00418920 f   chunkcache.obj
 0001:00017ac0       ?MemUsed@TChunkCache@@QAEKXZ 00418ac0 f   chunkcache.obj
 0001:00017ae0       ?AddChunk@TChunkCache@@QAEPAXPAXK@Z 00418ae0 f   chunkcache.obj
 0001:00017c40       ?AddChunkZ@TChunkCache@@QAEPAXPAXK@Z 00418c40 f   chunkcache.obj
 0001:00017da0       ?AddChunk16@TChunkCache@@QAEPAXPAXK@Z 00418da0 f   chunkcache.obj
 0001:00017f00       ?RemoveChunk@TChunkCache@@QAEHH@Z 00418f00 f   chunkcache.obj
 0001:00017fb0       ?RemoveChunk16@TChunkCache@@QAEHH@Z 00418fb0 f   chunkcache.obj
 0001:00018060       ?ChunkDecompress@TChunkCache@@QAEHPAX0K@Z 00419060 f   chunkcache.obj
 0001:000181c0       ?ChunkDecompressZ@TChunkCache@@QAEHPAX0K@Z 004191c0 f   chunkcache.obj
 0001:000182f0       ?ChunkDecompress16@TChunkCache@@QAEHPAX0K@Z 004192f0 f   chunkcache.obj
 0001:00018340       ??1TChunkCache@@QAE@XZ     00419340 f   chunkcache.obj
 0001:00018450       ?Round@@YIHN@Z             00419450 f   colortable.obj
 0001:00018490       ?SetAmbientColor@@YIXAAUSColor@@@Z 00419490 f   colortable.obj
 0001:00018510       ?GetAmbientColor@@YIXAAUSColor@@@Z 00419510 f   colortable.obj
 0001:00018540       ?SetMonoPercent@@YIXH@Z    00419540 f   colortable.obj
 0001:00018cc0       ?GetMonoPercent@@YIHXZ     00419cc0 f   colortable.obj
 0001:00018ce0       ?NewLightIndex@@YIHAAUSColor@@H@Z 00419ce0 f   colortable.obj
 0001:00018f30       ?FreeLightIndex@@YIXH@Z    00419f30 f   colortable.obj
 0001:00018f60       ?ClearLights@@YIXXZ        00419f60 f   colortable.obj
 0001:00018f90       ?SetLightColor@@YIXHAAUSColor@@H@Z 00419f90 f   colortable.obj
 0001:00019550       ?GetLightColor@@YIXHAAUSColor@@AAH@Z 0041a550 f   colortable.obj
 0001:000195a0       ?MakeColorTables@@YIXXZ    0041a5a0 f   colortable.obj
 0001:00019e80       ?CommandInterpreter@@YIHPAVTObjectInstance@@AAVTToken@@H@Z 0041ae80 f   command.obj
 0001:0001a220       ?CheckOneContext@@YIHPAVTObjectInstance@@H@Z 0041b220 f i command.obj
 0001:0001a270       ?Output@@YIXPAD@Z          0041b270 f   command.obj
 0001:0001a2b0       ?CmdHelp@@YIHPAVTObjectInstance@@AAVTToken@@@Z 0041b2b0 f   command.obj
 0001:0001a480       ?CmdSay@@YIHPAVTObjectInstance@@AAVTToken@@@Z 0041b480 f   command.obj
 0001:0001a500       ?CmdGoto@@YIHPAVTObjectInstance@@AAVTToken@@@Z 0041b500 f   command.obj
 0001:0001a550       ?CmdFace@@YIHPAVTObjectInstance@@AAVTToken@@@Z 0041b550 f   command.obj
 0001:0001a5a0       ?CmdUse@@YIHPAVTObjectInstance@@AAVTToken@@@Z 0041b5a0 f   command.obj
 0001:0001a610       ?CmdAttack@@YIHPAVTObjectInstance@@AAVTToken@@@Z 0041b610 f   command.obj
 0001:0001a630       ?CmdBlock@@YIHPAVTObjectInstance@@AAVTToken@@@Z 0041b630 f   command.obj
 0001:0001a650       ?CmdInvoke@@YIHPAVTObjectInstance@@AAVTToken@@@Z 0041b650 f   command.obj
 0001:0001a680       ?CmdStop@@YIHPAVTObjectInstance@@AAVTToken@@@Z 0041b680 f   command.obj
 0001:0001a6a0       ?ApplyOperation@@YIHAAHHH@Z 0041b6a0 f   command.obj
 0001:0001a830       ?FindElement@@YIHPADQAPAD@Z 0041b830 f   command.obj
 0001:0001a890       ?StringVal@@YIHPAD@Z       0041b890 f   command.obj
 0001:0001a8f0       ?ParseExpression@@YIHAAVTToken@@PAH@Z 0041b8f0 f   command.obj
 0001:0001ab00       ?CmdBegin@@YIHPAVTObjectInstance@@AAVTToken@@@Z 0041bb00 f   command.obj
 0001:0001ab20       ?CmdEnd@@YIHPAVTObjectInstance@@AAVTToken@@@Z 0041bb20 f   command.obj
 0001:0001ab40       ?CmdIf@@YIHPAVTObjectInstance@@AAVTToken@@@Z 0041bb40 f   command.obj
 0001:0001ab80       ?CmdElse@@YIHPAVTObjectInstance@@AAVTToken@@@Z 0041bb80 f   command.obj
 0001:0001aba0       ?CmdWhile@@YIHPAVTObjectInstance@@AAVTToken@@@Z 0041bba0 f   command.obj
 0001:0001abe0       ?CmdSet@@YIHPAVTObjectInstance@@AAVTToken@@@Z 0041bbe0 f   command.obj
 0001:0001aca0       ?CmdWait@@YIHPAVTObjectInstance@@AAVTToken@@@Z 0041bca0 f   command.obj
 0001:0001ad90       ?CmdJump@@YIHPAVTObjectInstance@@AAVTToken@@@Z 0041bd90 f   command.obj
 0001:0001ade0       ?ClearComplexObj@TComplexObject@@QAEXXZ 0041bde0 f   complexobj.obj
 0001:0001ae30       ?Pulse@TComplexObject@@UAEXXZ 0041be30 f   complexobj.obj
 0001:0001af20       ?UpdateAction@TComplexObject@@MAEXH@Z 0041bf20 f   complexobj.obj
 0001:0001b030       ?ResolveAction@TComplexObject@@MAEHH@Z 0041c030 f   complexobj.obj
 0001:0001b060       ?SetDoing@TComplexObject@@MAEXPAVTActionBlock@@@Z 0041c060 f   complexobj.obj
 0001:0001b130       ?SetDesired@TComplexObject@@MAEXPAVTActionBlock@@@Z 0041c130 f   complexobj.obj
 0001:0001b200       ?TryCommand@TComplexObject@@MAEHPAVTActionBlock@@H@Z 0041c200 f   complexobj.obj
 0001:0001b4d0       ?ForceCommand@TComplexObject@@MAEHPAVTActionBlock@@H@Z 0041c4d0 f   complexobj.obj
 0001:0001b5b0       ?Use@TContainer@@UAEHPAVTObjectInstance@@H@Z 0041c5b0 f   container.obj
 0001:0001bb70       ?Build@TContainerBuilder@@UAEPAVTObjectInstance@@PAVSObjectDef@@PAVTObjectImagery@@@Z 0041cb70 f i container.obj
 0001:0001bc20       ??_ETContainer@@UAEPAXI@Z  0041cc20 f i container.obj
 0001:0001bc20       ??_GTContainer@@UAEPAXI@Z  0041cc20 f i container.obj
 0001:0001bc50       ??1TContainer@@UAE@XZ      0041cc50 f i container.obj
 0001:0001bc70       ?Build@TContainerBuilder@@UAEPAVTObjectInstance@@PAVTObjectImagery@@@Z 0041cc70 f i container.obj
 0001:0001bd20       ?CursorType@TContainer@@UAEHPAVTObjectInstance@@@Z 0041cd20 f   container.obj
 0001:0001bf50       ?NumObjects@TContainer@@QAEHXZ 0041cf50 f   container.obj
 0001:0001bfd0       ?Load@TContainer@@UAEXAAVTInputStream@@H@Z 0041cfd0 f   container.obj
 0001:0001c040       ?Save@TContainer@@UAEXAAVTOutputStream@@@Z 0041d040 f   container.obj
 0001:0001c0b0       ?GetName@TContainer@@UAEPADXZ 0041d0b0 f   container.obj
 0001:0001c170       ?CheckKeyUse@TContainer@@QAEHPAVTObjectInstance@@0@Z 0041d170 f   container.obj
 0001:0001c3d0       ?Build@TVialRackBuilder@@UAEPAVTObjectInstance@@PAVSObjectDef@@PAVTObjectImagery@@@Z 0041d3d0 f i container.obj
 0001:0001c490       ??_GTVialRack@@UAEPAXI@Z   0041d490 f i container.obj
 0001:0001c490       ??_ETVialRack@@UAEPAXI@Z   0041d490 f i container.obj
 0001:0001c4c0       ??1TVialRack@@UAE@XZ       0041d4c0 f i container.obj
 0001:0001c4e0       ?Build@TVialRackBuilder@@UAEPAVTObjectInstance@@PAVTObjectImagery@@@Z 0041d4e0 f i container.obj
 0001:0001c590       ?Use@TVialRack@@UAEHPAVTObjectInstance@@H@Z 0041d590 f   container.obj
 0001:0001c770       ?GetStatistic@TObjectClass@@QAEPAUSStatistic@@HPAD@Z 0041d770 f i container.obj
 0001:0001c7e0       ?CursorType@TVialRack@@UAEHPAVTObjectInstance@@@Z 0041d7e0 f   container.obj
 0001:0001c830       ?GetStatistic@TObjectInstance@@QAEPAUSStatistic@@PAD@Z 0041d830 f i container.obj
 0001:0001c920       ?SetMouseBitmap@@YIXPAVTBitmap@@@Z 0041d920 f   cursor.obj
 0001:0001c990       ?SetMouseShadow@@YIXPAVTBitmap@@HH@Z 0041d990 f   cursor.obj
 0001:0001c9c0       ?SetMouseCornerBitmap@@YIXPAVTBitmap@@H@Z 0041d9c0 f   cursor.obj
 0001:0001c9f0       ?SetMouseCornerBitmap@@YIXHH@Z 0041d9f0 f   cursor.obj
 0001:0001ca50       ?SetDragBitmap@@YIXPAVTBitmap@@HH@Z 0041da50 f   cursor.obj
 0001:0001ca80       ?ClearDragBitmap@@YIXXZ    0041da80 f   cursor.obj
 0001:0001ca90       ?SetDragObj@@YIXPAVTObjectInstance@@@Z 0041da90 f   cursor.obj
 0001:0001cab0       ?GetDragObj@@YIPAVTObjectInstance@@XZ 0041dab0 f   cursor.obj
 0001:0001cac0       ?DrawMouseShadow@@YIXHHHH@Z 0041dac0 f   cursor.obj
 0001:0001cb30       ?DrawMouseCursor@@YIXXZ    0041db30 f   cursor.obj
 0001:0001cc10       ?DrawMouseShadow@@YIXXZ    0041dc10 f   cursor.obj
 0001:0001cd70       ?CursorOverObject@@YIXPAVTObjectInstance@@H@Z 0041dd70 f   cursor.obj
 0001:0001cdc0       ?RestrictCursor@@YIXXZ     0041ddc0 f   cursor.obj
 0001:0001ce50       ?ReleaseCursor@@YIXXZ      0041de50 f   cursor.obj
 0001:0001ce80       ?D3DVECTORNormalise@@YIPAU_D3DVECTOR@@PAU1@@Z 0041de80 f   d3dmath.obj
 0001:0001cf30       ?D3DVECTORCrossProduct@@YIPAU_D3DVECTOR@@PAU1@00@Z 0041df30 f   d3dmath.obj
 0001:0001cfa0       ?D3DMATRIXClear@@YIPAU_D3DMATRIX@@PAU1@@Z 0041dfa0 f   d3dmath.obj
 0001:0001cfd0       ?MultiplyD3DMATRIX@@YIPAU_D3DMATRIX@@PAU1@00@Z 0041dfd0 f   d3dmath.obj
 0001:0001d0c0       ?D3DMATRIXTransform@@YIXPAU_D3DMATRIX@@PAU_D3DVECTOR@@1@Z 0041e0c0 f   d3dmath.obj
 0001:0001d170       ?D3DMATRIXInvert@@YIPAU_D3DMATRIX@@PAU1@0@Z 0041e170 f   d3dmath.obj
 0001:0001d250       ?D3DMATRIXSetRotation@@YIPAU_D3DMATRIX@@PAU1@PAU_D3DVECTOR@@1@Z 0041e250 f   d3dmath.obj
 0001:0001d350       ?D3DMATRIXTranslate@@YIPAU_D3DMATRIX@@PAU1@PAU_D3DVECTOR@@@Z 0041e350 f   d3dmath.obj
 0001:0001d3a0       ?D3DMATRIXMove@@YIPAU_D3DMATRIX@@PAU1@PAU_D3DVECTOR@@@Z 0041e3a0 f   d3dmath.obj
 0001:0001d400       ?D3DMATRIXScale@@YIPAU_D3DMATRIX@@PAU1@PAU_D3DVECTOR@@@Z 0041e400 f   d3dmath.obj
 0001:0001d450       ?D3DMATRIXRotateX@@YIPAU_D3DMATRIX@@PAU1@M@Z 0041e450 f   d3dmath.obj
 0001:0001d4d0       ?D3DMATRIXRotateY@@YIPAU_D3DMATRIX@@PAU1@M@Z 0041e4d0 f   d3dmath.obj
 0001:0001d550       ?D3DMATRIXRotateZ@@YIPAU_D3DMATRIX@@PAU1@M@Z 0041e550 f   d3dmath.obj
 0001:0001d5d0       ?spline@@YIXPAU_D3DVECTOR@@M0000@Z 0041e5d0 f   d3dmath.obj
 0001:0001d740       ??0TVideoSurface@@QAE@XZ   0041e740 f   ddsurface.obj
 0001:0001d770       ??_GTVideoSurface@@UAEPAXI@Z 0041e770 f i ddsurface.obj
 0001:0001d770       ??_ETVideoSurface@@UAEPAXI@Z 0041e770 f i ddsurface.obj
 0001:0001d7a0       ?Initialize@TVideoSurface@@QAEXHHH@Z 0041e7a0 f   ddsurface.obj
 0001:0001d980       ?SurfaceType@TVideoSurface@@UAEHXZ 0041e980 f i ddsurface.obj
 0001:0001d990       ?Initialize@TVideoSurface@@QAEXPAVTBitmap@@HH@Z 0041e990 f   ddsurface.obj
 0001:0001daa0       ?Initialize@TVideoSurface@@QAEXPAUIDirectDrawSurface@@@Z 0041eaa0 f   ddsurface.obj
 0001:0001dc10       ?Close@TVideoSurface@@QAEXXZ 0041ec10 f   ddsurface.obj
 0001:0001dc50       ??1TVideoSurface@@UAE@XZ   0041ec50 f   ddsurface.obj
 0001:0001dcb0       ?Restore@TVideoSurface@@UAEHXZ 0041ecb0 f   ddsurface.obj
 0001:0001dd20       ?Lock@TVideoSurface@@UAEPAXXZ 0041ed20 f   ddsurface.obj
 0001:0001de70       ?Unlock@TVideoSurface@@UAEHXZ 0041ee70 f   ddsurface.obj
 0001:0001df00       ?BlitHandler@TVideoSurface@@UAEHPAUSDrawParam@@PAVTSurface@@HPAU_DDBLTFX@@@Z 0041ef00 f   ddsurface.obj
 0001:0001e4c0       ?Box@TVideoSurface@@UAEHHHHHKGGK@Z 0041f4c0 f   ddsurface.obj
 0001:0001e990       ?DeathBtnRestart@@YIXXZ    0041f990 f   death.obj
 0001:0001e9d0       ?DeathBtnLoad@@YIXXZ       0041f9d0 f   death.obj
 0001:0001ea10       ?DeathBtnExit@@YIXXZ       0041fa10 f   death.obj
 0001:0001ea20       ?Initialize@TDeathPane@@UAEHXZ 0041fa20 f   death.obj
 0001:0001ebd0       ?Close@TPane@@UAEXXZ       0041fbd0 f i death.obj
 0001:0001ebe0       ?Close@TDeathPane@@UAEXXZ  0041fbe0 f   death.obj
 0001:0001ec60       ?DrawBackground@TDeathPane@@UAEXXZ 0041fc60 f   death.obj
 0001:0001ece0       ?SetBackgroundBuffer@TPane@@UAEXH@Z 0041fce0 f i death.obj
 0001:0001ed00       ?SetPos@TPane@@UAEXHH@Z    0041fd00 f i death.obj
 0001:0001ed20       ?Update@TButtonPane@@UAEXXZ 0041fd20 f i death.obj
 0001:0001ed40       ?Update@TPane@@UAEXXZ      0041fd40 f i death.obj
 0001:0001ed60       ?SetDirty@TPane@@UAEXH@Z   0041fd60 f i death.obj
 0001:0001ed80       ?Show@TPane@@UAEXXZ        0041fd80 f i death.obj
 0001:0001edb0       ?Hide@TPane@@UAEXXZ        0041fdb0 f i death.obj
 0001:0001edd0       ?SetIgnoreInput@TPane@@UAEXH@Z 0041fdd0 f i death.obj
 0001:0001edf0       ?IsHidden@TPane@@UAEHXZ    0041fdf0 f i death.obj
 0001:0001ee10       ?NewButton@TButtonPane@@QAEHPADHHHHGP6IXXZPAVTBitmap@@2HHHHH@Z 0041fe10 f i death.obj
 0001:0001eec0       ?IsIgnoringInput@TPane@@UAEHXZ 0041fec0 f i death.obj
 0001:0001eee0       ?DrawBackground@TPane@@UAEXXZ 0041fee0 f i death.obj
 0001:0001eef0       ?Animate@TPane@@UAEXH@Z    0041fef0 f i death.obj
 0001:0001ef00       ?Overlay@TPane@@UAEXH@Z    0041ff00 f i death.obj
 0001:0001ef10       ?MouseClick@TPane@@UAEXHHH@Z 0041ff10 f i death.obj
 0001:0001ef20       ?MouseMove@TPane@@UAEXHHH@Z 0041ff20 f i death.obj
 0001:0001ef30       ?KeyPress@TPane@@UAEXHH@Z  0041ff30 f i death.obj
 0001:0001ef40       ?CharPress@TPane@@UAEXHH@Z 0041ff40 f i death.obj
 0001:0001ef50       ?Joystick@TPane@@UAEXHHH@Z 0041ff50 f i death.obj
 0001:0001ef60       ?Command@TPane@@UAEXH@Z    0041ff60 f i death.obj
 0001:0001ef70       ?Decompress@@YIHPAUSDrawBlock@@PAUSDrawParam@@H@Z 0041ff70 f   decompress16.obj
 0001:0001f3f0       ?ClipDecompress@@YIHPAUSDrawBlock@@PAUSDrawParam@@H@Z 004203f0 f   decompress16.obj
 0001:0001fa80       ?AlphaDecompress@@YIHPAUSDrawBlock@@PAUSDrawParam@@@Z 00420a80 f   decompress16.obj
 0001:0001fff0       ?AlphaStaticZDecompress@@YIHPAUSDrawBlock@@PAUSDrawParam@@@Z 00420ff0 f   decompress16.obj
 0001:00020590       ?ZBufferDecompress@@YIHPAUSDrawBlock@@PAUSDrawParam@@@Z 00421590 f   decompress16.obj
 0001:00020a50       ?ClipZBufferDecompress@@YIHPAUSDrawBlock@@PAUSDrawParam@@@Z 00421a50 f   decompress16.obj
 0001:00021040       ?ZNormalDecompress@@YIHPAUSDrawBlock@@PAUSDrawParam@@@Z 00422040 f   decompress16.obj
 0001:000215b0       ?ZFindDecompress@@YIGPAUSDrawBlock@@PAUSDrawParam@@@Z 004225b0 f   decompress16.obj
 0001:00021960       ?ZBufferDecompress32@@YIHPAUSDrawBlock@@PAUSDrawParam@@@Z 00422960 f   decompress32.obj
 0001:00021e80       ?ClipZBufferDecompress32@@YIHPAUSDrawBlock@@PAUSDrawParam@@@Z 00422e80 f   decompress32.obj
 0001:000224c0       ?AlphaDecompress8@@YIHPAUSDrawBlock@@PAUSDrawParam@@PAK@Z 004234c0 f   decompress8.obj
 0001:00022a90       ?AlphaStaticZDecompress8@@YIHPAUSDrawBlock@@PAUSDrawParam@@PAK@Z 00423a90 f   decompress8.obj
 0001:000230a0       ?ZBufferDecompress8@@YIHPAUSDrawBlock@@PAUSDrawParam@@PAK@Z 004240a0 f   decompress8.obj
 0001:000235b0       ?ClipZBufferDecompress8@@YIHPAUSDrawBlock@@PAUSDrawParam@@PAK@Z 004245b0 f   decompress8.obj
 0001:00023bb0       ?ZBufferDecompress832@@YIHPAUSDrawBlock@@PAUSDrawParam@@PAK@Z 00424bb0 f   decompress832.obj
 0001:000240b0       ?ClipZBufferDecompress832@@YIHPAUSDrawBlock@@PAUSDrawParam@@PAK@Z 004250b0 f   decompress832.obj
 0001:00024720       ?Initialize@TDialogPane@@UAEHXZ 00425720 f   dialog.obj
 0001:000247e0       ?Close@TDialogPane@@UAEXXZ 004257e0 f   dialog.obj
 0001:00024860       ?DrawBackground@TDialogPane@@UAEXXZ 00425860 f   dialog.obj
 0001:00024980       ?Animate@TDialogPane@@UAEXH@Z 00425980 f   dialog.obj
 0001:00024990       ?KeyPress@TDialogPane@@UAEXHH@Z 00425990 f   dialog.obj
 0001:00024b00       ?MouseClick@TDialogPane@@UAEXHHH@Z 00425b00 f   dialog.obj
 0001:00024bc0       ?MouseMove@TDialogPane@@UAEXHHH@Z 00425bc0 f   dialog.obj
 0001:00024c30       ?OnSlot@TDialogPane@@IAEHHH@Z 00425c30 f   dialog.obj
 0001:00024cb0       ?AddChoice@TDialogPane@@QAEXPAD0@Z 00425cb0 f   dialog.obj
 0001:00024d70       ?ResetResponses@TDialogPane@@QAEXXZ 00425d70 f   dialog.obj
 0001:00024e30       ?Skip@TDialogPane@@QAEXXZ  00425e30 f   dialog.obj
 0001:00024eb0       ?CmdChoice@@YIHPAVTObjectInstance@@AAVTToken@@@Z 00425eb0 f   dialog.obj
 0001:00024f30       ?CmdShowTab@@YIHPAVTObjectInstance@@AAVTToken@@@Z 00425f30 f   dialog.obj
 0001:00024f50       ?CmdPayTab@@YIHPAVTObjectInstance@@AAVTToken@@@Z 00425f50 f   dialog.obj
 0001:00024fc0       ?InitDirectDraw@@YIHXZ     00425fc0 f   directdraw.obj
 0001:000252d0       ?InitD3DDevice@@YIHXZ      004262d0 f   directdraw.obj
 0001:000253c0       ?SetExclusiveMode@@YIHXZ   004263c0 f   directdraw.obj
 0001:00025420       ?SetNormalMode@@YIHXZ      00426420 f   directdraw.obj
 0001:00025470       ?CloseDirectDraw@@YIHXZ    00426470 f   directdraw.obj
 0001:000254f0       ?EnterVideoMode@@YIHHHH@Z  004264f0 f   directdraw.obj
 0001:00025550       ?Setup3D@@YIHHH@Z          00426550 f   directdraw.obj
 0001:000256e0       ?CloseScene@@YIXXZ         004266e0 f   directdraw.obj
 0001:000256f0       ?GetVideoMem@@YIKKH@Z      004266f0 f   directdraw.obj
 0001:000257a0       ?GetTotalVideoMem@@YIKXZ   004267a0 f   directdraw.obj
 0001:000257c0       ?GetFreeVideoMem@@YIKXZ    004267c0 f   directdraw.obj
 0001:000257e0       ?GetTotalLocalVideoMem@@YIKXZ 004267e0 f   directdraw.obj
 0001:00025800       ?GetFreeLocalVideoMem@@YIKXZ 00426800 f   directdraw.obj
 0001:00025820       ?GetTotalNonLocalVideoMem@@YIKXZ 00426820 f   directdraw.obj
 0001:00025840       ?GetFreeNonLocalVideoMem@@YIKXZ 00426840 f   directdraw.obj
 0001:00025860       ?GetTotalTextureMem@@YIKXZ 00426860 f   directdraw.obj
 0001:00025880       ?GetFreeTextureMem@@YIKXZ  00426880 f   directdraw.obj
 0001:000258a0       ?GetColorMode@@YIHXZ       004268a0 f   directdraw.obj
 0001:000258d0       ?IsUsingHardware@@YIHXZ    004268d0 f   directdraw.obj
 0001:000258e0       ?DDEnumCallback@@YGHPAU_GUID@@PAD1PAX@Z 004268e0 f   directdraw.obj
 0001:00025a60       ?DDEnumDisplayModesCallback@@YGJPAU_DDSURFACEDESC@@PAX@Z 00426a60 f   directdraw.obj
 0001:00025c10       ?D3DEnumDeviceCallBack@@YGJPAU_GUID@@PAD1PAU_D3DDeviceDesc@@2PAX@Z 00426c10 f   directdraw.obj
 0001:00025cd0       ?TraceErrorDD@@YIXJPADH@Z  00426cd0 f   directdraw.obj
 0001:00025da0       ?TraceErrorDI@@YIXJPADH@Z  00426da0 f   directinput.obj
 0001:00025e60       ?InitializeDirectInput@@YIHXZ 00426e60 f   directinput.obj
 0001:00025ec0       ?CloseDirectInput@@YIXXZ   00426ec0 f   directinput.obj
 0001:00025ef0       ?SetWordProperty@@YIJPAUIDirectInputDevice2A@@ABU_GUID@@KKK@Z 00426ef0 f   directinput.obj
 0001:00025f40       ?EnumJoystickFunc@@YGHPBUDIDEVICEINSTANCEA@@PAX@Z 00426f40 f   directinput.obj
 0001:000261e0       ?InitializeJoysticks@@YIHXZ 004271e0 f   directinput.obj
 0001:00026240       ?CloseJoysticks@@YIXXZ     00427240 f   directinput.obj
 0001:000262d0       ?NumJoysticks@@YIHXZ       004272d0 f   directinput.obj
 0001:000262e0       ?GetJoystickState@@YIXHPAK0@Z 004272e0 f   directinput.obj
 0001:000265b0       ??0TDisplay@@QAE@XZ        004275b0 f   display.obj
 0001:00026600       ??_GTDisplay@@UAEPAXI@Z    00427600 f i display.obj
 0001:00026600       ??_ETDisplay@@UAEPAXI@Z    00427600 f i display.obj
 0001:00026630       ?Initialize@TDisplay@@QAEHHHH@Z 00427630 f   display.obj
 0001:00026e30       ?SurfaceType@TDisplay@@UAEHXZ 00427e30 f i display.obj
 0001:00026e40       ?GetZBuffer@TDisplay@@UAEPAVTSurface@@XZ 00427e40 f i display.obj
 0001:00026e60       ?GetNormalBuffer@TDisplay@@UAEPAVTSurface@@XZ 00427e60 f i display.obj
 0001:00026e70       ?Close@TDisplay@@UAEHXZ    00427e70 f   display.obj
 0001:00026ee0       ??1TDisplay@@UAE@XZ        00427ee0 f   display.obj
 0001:00026f40       ?FlipPage@TDisplay@@QAEHH@Z 00427f40 f   display.obj
 0001:00027210       ?InitBackgroundSystem@TDisplay@@QAEHXZ 00428210 f   display.obj
 0001:00027370       ?CloseBackgroundSystem@TDisplay@@QAEHXZ 00428370 f   display.obj
 0001:000273a0       ?ClearBackgroundAreas@TDisplay@@QAEHXZ 004283a0 f   display.obj
 0001:00027490       ?CreateBackgroundArea@TDisplay@@QAEHHHHHHH@Z 00428490 f   display.obj
 0001:000276e0       ??_GTMultiSurface@@UAEPAXI@Z 004286e0 f i display.obj
 0001:000276e0       ??_ETMultiSurface@@UAEPAXI@Z 004286e0 f i display.obj
 0001:00027710       ?SurfaceType@TMultiSurface@@UAEHXZ 00428710 f i display.obj
 0001:00027720       ?GetGraphicsBuffer@TMultiSurface@@UAEPAVTSurface@@XZ 00428720 f i display.obj
 0001:00027740       ?GetZBuffer@TMultiSurface@@UAEPAVTSurface@@XZ 00428740 f i display.obj
 0001:00027760       ?GetNormalBuffer@TMultiSurface@@UAEPAVTSurface@@XZ 00428760 f i display.obj
 0001:00027780       ?GetDDSurface@TMultiSurface@@UAEPAUIDirectDrawSurface@@XZ 00428780 f i display.obj
 0001:000277a0       ?Lost@TMultiSurface@@UAEHXZ 004287a0 f i display.obj
 0001:000277c0       ?Lock@TMultiSurface@@UAEPAXXZ 004287c0 f i display.obj
 0001:000277e0       ?Unlock@TMultiSurface@@UAEHXZ 004287e0 f i display.obj
 0001:00027800       ?BlitHandler@TMultiSurface@@UAEHPAUSDrawParam@@PAVTSurface@@HPAU_DDBLTFX@@@Z 00428800 f i display.obj
 0001:00027830       ?UseBackgroundArea@TDisplay@@QAEHHHHHPAVTSurface@@@Z 00428830 f   display.obj
 0001:000279a0       ?RestoreBackgroundAreas@TDisplay@@QAEHXZ 004289a0 f   display.obj
 0001:00027ab0       ?DrawRestoreRect@TDisplay@@QAEHHHHHHK@Z 00428ab0 f   display.obj
 0001:00027ce0       ?ScrollBackground@TDisplay@@QAEHHHH@Z 00428ce0 f   display.obj
 0001:00027e30       ?AddUpdateRect@TDisplay@@QAEXHHHHH@Z 00428e30 f   display.obj
 0001:00027fa0       ?AddUpdateCallback@@YIXPAUSDrawBlock@@PAUSDrawParam@@@Z 00428fa0 f   display.obj
 0001:00028010       ?GetDrawCallBack@TDisplay@@UAEP6IXPAUSDrawBlock@@PAUSDrawParam@@@ZXZ 00429010 f   display.obj
 0001:00028030       ?AddBackgroundUpdateRect@TDisplay@@QAEHHHHHHH@Z 00429030 f   display.obj
 0001:00028f80       ?ZPut@TDisplay@@UAEHHHHPAVTBitmap@@K@Z 00429f80 f   display.obj
 0001:00029070       ?DrawLightNoNormals@@YIXAAUS3DPoint@@AAUSColor@@HPAVTSurface@@@Z 0042a070 f   dls.obj
 0001:00029090       ?DrawStaticLightBlock@@YIXHPAGPAKKKHEEEE@Z 0042a090 f   dls.obj
 0001:000293a0       ?DrawStaticLightNoNormalsFunc@@YIHPAUSDrawBlock@@PAUSDrawParam@@@Z 0042a3a0 f   dls.obj
 0001:000299c0       ?DrawStaticLightNoNormals@@YIXAAUS3DPoint@@AAUSColor@@HPAVTSurface@@H@Z 0042a9c0 f   dls.obj
 0001:00029b70       ?SetAmbientLight@@YIXHHHH@Z 0042ab70 f   dls.obj
 0001:00029c20       ?DrawAmbientLightFunc@@YIHPAUSDrawBlock@@PAUSDrawParam@@@Z 0042ac20 f   dls.obj
 0001:00029e20       ?DrawAmbientLight@@YIXPAVTSurface@@AAUSRect@@@Z 0042ae20 f   dls.obj
 0001:00029f20       ?Transfer32to16Func@@YIHPAUSDrawBlock@@PAUSDrawParam@@@Z 0042af20 f   dls.obj
 0001:0002a280       ?TransferAndLight32to16@@YIXPAVTSurface@@0AAUSRect@@@Z 0042b280 f   dls.obj
 0001:0002a6c0       ??0TScrollEditorPane@@QAE@XZ 0042b6c0 f i editor.obj
 0001:0002a720       ?Input@TTextPane@@UAEHPAD@Z 0042b720 f i editor.obj
 0001:0002a740       ?Output@TTextPane@@UAEHPAD@Z 0042b740 f i editor.obj
 0001:0002a760       ??1TScrollEditorPane@@QAE@XZ 0042b760 f i editor.obj
 0001:0002a780       ??0TScriptPane@@QAE@XZ     0042b780 f i editor.obj
 0001:0002a7e0       ??1TScriptPane@@QAE@XZ     0042b7e0 f i editor.obj
 0001:0002a800       ?sprintbit@@YIPADHQAPADPAD@Z 0042b800 f   editor.obj
 0001:0002a870       ??0TConsolePane@@QAE@XZ    0042b870 f i editor.obj
 0001:0002a8d0       ??1TConsolePane@@QAE@XZ    0042b8d0 f i editor.obj
 0001:0002a8f0       ?StartEditor@@YIXXZ        0042b8f0 f   editor.obj
 0001:0002aab0       ?ShutDownEditor@@YIXXZ     0042bab0 f   editor.obj
 0001:0002acb0       ?Hide@TEditStatusPane@@UAEXXZ 0042bcb0 f i editor.obj
 0001:0002ace0       ?StartFullScreen@@YIXXZ    0042bce0 f   editor.obj
 0001:0002adf0       ?ShutDownFullScreen@@YIXXZ 0042bdf0 f   editor.obj
 0001:0002aef0       ?Hide@TEditToolsPane@@UAEXXZ 0042bef0 f i editor.obj
 0001:0002af20       ?GetTerrainType@@YIEPAEHH@Z 0042bf20 f   editor.obj
 0001:0002af70       ?BaseTerrain@@YIHPAEHH@Z   0042bf70 f   editor.obj
 0001:0002b010       ?GetTileCode@@YIHPAEHH@Z   0042c010 f   editor.obj
 0001:0002b0c0       ?TerrainHeight@@YIHPAEHH@Z 0042c0c0 f   editor.obj
 0001:0002b220       ?TerrainToCode@@YIHD@Z     0042c220 f   editor.obj
 0001:0002b290       ?FindSuperTile@@YIHPAEHH0PAH@Z 0042c290 f   editor.obj
 0001:0002b600       ?overlay@@YIHPAEHH@Z       0042c600 f   editor.obj
 0001:0002b650       ?GetOverlayTile@@YIHPAEHHH@Z 0042c650 f   editor.obj
 0001:0002b840       ?GenerateObj@@YIPAVTObjectInstance@@PAVTSector@@PAE1HHHHHH@Z 0042c840 f   editor.obj
 0001:0002bab0       ?GenerateMap@@YIXHHHH@Z    0042cab0 f   editor.obj
 0001:0002c660       ?Initialize@TTextPane@@UAEHXZ 0042d660 f   editor.obj
 0001:0002c760       ?Close@TTextPane@@UAEXXZ   0042d760 f   editor.obj
 0001:0002c790       ?DrawBackground@TTextPane@@UAEXXZ 0042d790 f   editor.obj
 0001:0002c840       ?endofline@@YIHPAD@Z       0042d840 f   editor.obj
 0001:0002c8a0       ?InsertText@TTextPane@@QAEHPAD@Z 0042d8a0 f   editor.obj
 0001:0002c9f0       ?RemoveText@TTextPane@@QAEHHH@Z 0042d9f0 f   editor.obj
 0001:0002cb00       ?UpdateWindow@TTextPane@@QAEXXZ 0042db00 f   editor.obj
 0001:0002cbf0       ?SetCursor@TTextPane@@QAEHHHH@Z 0042dbf0 f   editor.obj
 0001:0002ce30       ?KeyPress@TTextPane@@UAEXHH@Z 0042de30 f   editor.obj
 0001:0002d190       ?CharPress@TTextPane@@UAEXHH@Z 0042e190 f   editor.obj
 0001:0002d210       ?Initialize@TConsolePane@@UAEHXZ 0042e210 f   editor.obj
 0001:0002d330       ?Close@TConsolePane@@UAEXXZ 0042e330 f   editor.obj
 0001:0002d380       ?SetupMouseBitmap@TConsolePane@@QAEXHH@Z 0042e380 f   editor.obj
 0001:0002d400       ?ChainMouse@TConsolePane@@QAEXP6IXHH@ZHHHHHH@Z 0042e400 f   editor.obj
 0001:0002d540       ?SetBounds@TConsolePane@@QAEXXZ 0042e540 f   editor.obj
 0001:0002d7f0       ?AddAxis@TConsolePane@@QAEHPAVTObjectInstance@@@Z 0042e7f0 f   editor.obj
 0001:0002d890       ?ClearAxis@TConsolePane@@QAEXXZ 0042e890 f   editor.obj
 0001:0002d910       ?KeyPress@TConsolePane@@UAEXHH@Z 0042e910 f   editor.obj
 0001:0002e000       ?CharPress@TConsolePane@@UAEXHH@Z 0042f000 f   editor.obj
 0001:0002e040       ?MouseMove@TConsolePane@@UAEXHHH@Z 0042f040 f   editor.obj
 0001:0002e0c0       ?MouseClick@TConsolePane@@UAEXHHH@Z 0042f0c0 f   editor.obj
 0001:0002e2b0       ?DrawBackground@TConsolePane@@UAEXXZ 0042f2b0 f   editor.obj
 0001:0002e400       ?Input@TConsolePane@@UAEHPAD@Z 0042f400 f   editor.obj
 0001:0002e600       ?Output@TConsolePane@@UAEHPAD@Z 0042f600 f   editor.obj
 0001:0002e660       ?GetChar@TConsolePane@@SIHXZ 0042f660 f   editor.obj
 0001:0002e690       ?GetLine@TConsolePane@@SIHPADH@Z 0042f690 f   editor.obj
 0001:0002e760       ?CommandThread@TConsolePane@@SGKPAX@Z 0042f760 f   editor.obj
 0001:0002ea30       ?LineNum@TParseStream@@UAEHXZ 0042fa30 f i editor.obj
 0001:0002ea40       ?GetChar@TStringParseStream@@UAEHXZ 0042fa40 f i editor.obj
 0001:0002ea90       ?Reset@TStringParseStream@@UAEXXZ 0042fa90 f i editor.obj
 0001:0002eab0       ?GetPos@TStringParseStream@@UAEKXZ 0042fab0 f i editor.obj
 0001:0002ead0       ?SetPos@TStringParseStream@@UAEXK@Z 0042fad0 f i editor.obj
 0001:0002eaf0       ?LineNum@TStringParseStream@@UAEHXZ 0042faf0 f i editor.obj
 0001:0002eb40       ?Initialize@TScriptPane@@UAEHXZ 0042fb40 f   editor.obj
 0001:0002eb70       ?LoadScript@TScriptPane@@QAEXPAVTObjectInstance@@@Z 0042fb70 f   editor.obj
 0001:0002ebf0       ?SaveScript@TScriptPane@@QAEXXZ 0042fbf0 f   editor.obj
 0001:0002ec90       ?KeyPress@TScriptPane@@UAEXHH@Z 0042fc90 f   editor.obj
 0001:0002ed10       ?Initialize@TScrollEditorPane@@UAEHXZ 0042fd10 f   editor.obj
 0001:0002ed50       ?SetScroll@TScrollEditorPane@@QAEXPAVTObjectInstance@@@Z 0042fd50 f   editor.obj
 0001:0002ede0       ?SaveText@TScrollEditorPane@@QAEXXZ 0042fde0 f   editor.obj
 0001:0002ee60       ?KeyPress@TScrollEditorPane@@UAEXHH@Z 0042fe60 f   editor.obj
 0001:0002eee0       ?CmdSelect@@YIHPAVTObjectInstance@@AAVTToken@@@Z 0042fee0 f   editor.obj
 0001:0002f100       ?CmdDeselect@@YIHPAVTObjectInstance@@AAVTToken@@@Z 00430100 f   editor.obj
 0001:0002f160       ?CmdAdd@@YIHPAVTObjectInstance@@AAVTToken@@@Z 00430160 f   editor.obj
 0001:0002fbd0       ?CmdGenerate@@YIHPAVTObjectInstance@@AAVTToken@@@Z 00430bd0 f   editor.obj
 0001:0002fce0       ?CmdCalcWalkmap@@YIHPAVTObjectInstance@@AAVTToken@@@Z 00430ce0 f   editor.obj
 0001:0002fd00       ?CmdSaveWalkmap@@YIHPAVTObjectInstance@@AAVTToken@@@Z 00430d00 f   editor.obj
 0001:0002fd50       ?CmdWalkmap@@YIHPAVTObjectInstance@@AAVTToken@@@Z 00430d50 f   editor.obj
 0001:0002fe50       ?CmdTileWalkmap@@YIHPAVTObjectInstance@@AAVTToken@@@Z 00430e50 f   editor.obj
 0001:0002fed0       ?CmdState@@YIHPAVTObjectInstance@@AAVTToken@@@Z 00430ed0 f   editor.obj
 0001:0002ff20       ?CmdReveal@@YIHPAVTObjectInstance@@AAVTToken@@@Z 00430f20 f   editor.obj
 0001:0002ff90       ?CmdLevel@@YIHPAVTObjectInstance@@AAVTToken@@@Z 00430f90 f   editor.obj
 0001:0002fff0       ?CmdTemplate@@YIHPAVTObjectInstance@@AAVTToken@@@Z 00430ff0 f   editor.obj
 0001:000303b0       ?CmdSmoothScroll@@YIHPAVTObjectInstance@@AAVTToken@@@Z 004313b0 f   editor.obj
 0001:00030440       ?CmdDLight@@YIHPAVTObjectInstance@@AAVTToken@@@Z 00431440 f   editor.obj
 0001:000304a0       ?CmdText@@YIHPAVTObjectInstance@@AAVTToken@@@Z 004314a0 f   editor.obj
 0001:00030520       ?CmdExit@@YIHPAVTObjectInstance@@AAVTToken@@@Z 00431520 f   editor.obj
 0001:000305f0       ?CmdFollow@@YIHPAVTObjectInstance@@AAVTToken@@@Z 004315f0 f   editor.obj
 0001:00030620       ?CmdOpacity@@YIHPAVTObjectInstance@@AAVTToken@@@Z 00431620 f   editor.obj
 0001:000306c0       ?CmdRestore@@YIHPAVTObjectInstance@@AAVTToken@@@Z 004316c0 f   editor.obj
 0001:000306e0       ?CmdKey@@YIHPAVTObjectInstance@@AAVTToken@@@Z 004316e0 f   editor.obj
 0001:00030700       ?CmdContainerFlags@@YIHPAVTObjectInstance@@AAVTToken@@@Z 00431700 f   editor.obj
 0001:00030810       ?CmdPickDifficulty@@YIHPAVTObjectInstance@@AAVTToken@@@Z 00431810 f   editor.obj
 0001:000308b0       ?CmdGet@@YIHPAVTObjectInstance@@AAVTToken@@@Z 004318b0 f   editor.obj
 0001:00030940       ?CmdUndo@@YIHPAVTObjectInstance@@AAVTToken@@@Z 00431940 f   editor.obj
 0001:00030960       ?CmdResetScreenRect@@YIHPAVTObjectInstance@@AAVTToken@@@Z 00431960 f   editor.obj
 0001:000309d0       ?CmdBounds@@YIHPAVTObjectInstance@@AAVTToken@@@Z 004319d0 f   editor.obj
 0001:00030b10       ?CmdToggleFlag@@YIHPAVTObjectInstance@@AAVTToken@@@Z 00431b10 f   editor.obj
 0001:00030bd0       ?CmdMove@@YIHPAVTObjectInstance@@AAVTToken@@@Z 00431bd0 f   editor.obj
 0001:00030d00       ?CmdDelete@@YIHPAVTObjectInstance@@AAVTToken@@@Z 00431d00 f   editor.obj
 0001:00030d60       ?CmdStat@@YIHPAVTObjectInstance@@AAVTToken@@@Z 00431d60 f   editor.obj
 0001:000313d0       ?CmdScript@@YIHPAVTObjectInstance@@AAVTToken@@@Z 004323d0 f   editor.obj
 0001:00031460       ?CmdGroup@@YIHPAVTObjectInstance@@AAVTToken@@@Z 00432460 f   editor.obj
 0001:00031480       ?CmdCenterOn@@YIHPAVTObjectInstance@@AAVTToken@@@Z 00432480 f   editor.obj
 0001:000314d0       ?ReadMapLocationList@@YIHXZ 004324d0 f   editor.obj
 0001:000316b0       ?GetChar@TFileParseStream@@UAEHXZ 004326b0 f i editor.obj
 0001:000316e0       ?Reset@TFileParseStream@@UAEXXZ 004326e0 f i editor.obj
 0001:00031700       ?GetPos@TFileParseStream@@UAEKXZ 00432700 f i editor.obj
 0001:00031720       ?SetPos@TFileParseStream@@UAEXK@Z 00432720 f i editor.obj
 0001:00031750       ?CmdMapPos@@YIHPAVTObjectInstance@@AAVTToken@@@Z 00432750 f   editor.obj
 0001:00031920       ?ShowObjList@@YIHPAVTObjectClass@@PAD@Z 00432920 f   editor.obj
 0001:00031a50       ?ShowObjTypeInfo@@YIXPAVTObjectClass@@H@Z 00432a50 f   editor.obj
 0001:00031c10       ?CmdShow@@YIHPAVTObjectInstance@@AAVTToken@@@Z 00432c10 f   editor.obj
 0001:00031e10       ?Ambient@@YIXHH@Z          00432e10 f   editor.obj
 0001:00031e40       ?CmdAmbient@@YIHPAVTObjectInstance@@AAVTToken@@@Z 00432e40 f   editor.obj
 0001:00031e80       ?AmbientColorRed@@YIXHH@Z  00432e80 f   editor.obj
 0001:00031eb0       ?AmbientColorGreen@@YIXHH@Z 00432eb0 f   editor.obj
 0001:00031ee0       ?AmbientColorBlue@@YIXHH@Z 00432ee0 f   editor.obj
 0001:00031f10       ?CmdAmbColor@@YIHPAVTObjectInstance@@AAVTToken@@@Z 00432f10 f   editor.obj
 0001:00031f60       ?Mono@@YIXHH@Z             00432f60 f   editor.obj
 0001:00031f90       ?CmdMono@@YIHPAVTObjectInstance@@AAVTToken@@@Z 00432f90 f   editor.obj
 0001:00031fd0       ?CmdDirLight@@YIHPAVTObjectInstance@@AAVTToken@@@Z 00432fd0 f   editor.obj
 0001:00032040       ?CmdBaseLight@@YIHPAVTObjectInstance@@AAVTToken@@@Z 00433040 f   editor.obj
 0001:000320a0       ?CmdReplace@@YIHPAVTObjectInstance@@AAVTToken@@@Z 004330a0 f   editor.obj
 0001:00032280       ?CmdLight@@YIHPAVTObjectInstance@@AAVTToken@@@Z 00433280 f   editor.obj
 0001:000325d0       ?ZOffset@@YIXHH@Z          004335d0 f   editor.obj
 0001:000326a0       ?CmdZOffset@@YIHPAVTObjectInstance@@AAVTToken@@@Z 004336a0 f   editor.obj
 0001:000327e0       ?CmdRegistration@@YIHPAVTObjectInstance@@AAVTToken@@@Z 004337e0 f   editor.obj
 0001:000328e0       ?CmdAnimRegistration@@YIHPAVTObjectInstance@@AAVTToken@@@Z 004338e0 f   editor.obj
 0001:000329d0       ?CmdAnimZ@@YIHPAVTObjectInstance@@AAVTToken@@@Z 004339d0 f   editor.obj
 0001:00032a90       ?CmdName@@YIHPAVTObjectInstance@@AAVTToken@@@Z 00433a90 f   editor.obj
 0001:00032bc0       ?CmdFlip@@YIHPAVTObjectInstance@@AAVTToken@@@Z 00433bc0 f   editor.obj
 0001:00032c50       ?CmdLock@@YIHPAVTObjectInstance@@AAVTToken@@@Z 00433c50 f   editor.obj
 0001:00032c80       ?CmdUnlock@@YIHPAVTObjectInstance@@AAVTToken@@@Z 00433c80 f   editor.obj
 0001:00032cb0       ?CmdImmobile@@YIHPAVTObjectInstance@@AAVTToken@@@Z 00433cb0 f   editor.obj
 0001:00032ce0       ?CmdUnimmobile@@YIHPAVTObjectInstance@@AAVTToken@@@Z 00433ce0 f   editor.obj
 0001:00032d10       ?CmdLoad@@YIHPAVTObjectInstance@@AAVTToken@@@Z 00433d10 f   editor.obj
 0001:00032d40       ?CmdSave@@YIHPAVTObjectInstance@@AAVTToken@@@Z 00433d40 f   editor.obj
 0001:00032e00       ?CmdSaveEnv@@YIHPAVTObjectInstance@@AAVTToken@@@Z 00433e00 f   editor.obj
 0001:00032e50       ?CmdLoadEnv@@YIHPAVTObjectInstance@@AAVTToken@@@Z 00433e50 f   editor.obj
 0001:00032ea0       ?CmdDXStats@@YIHPAVTObjectInstance@@AAVTToken@@@Z 00433ea0 f   editor.obj
 0001:00033020       ?CmdMemory@@YIHPAVTObjectInstance@@AAVTToken@@@Z 00434020 f   editor.obj
 0001:000333e0       ?BtnInvert@@YIXXZ          004343e0 f   editor.obj
 0001:000333f0       ?BtnPrev@@YIXXZ            004343f0 f   editor.obj
 0001:00033400       ?BtnNext@@YIXXZ            00434400 f   editor.obj
 0001:00033410       ?BtnDeselect@@YIXXZ        00434410 f   editor.obj
 0001:00033420       ?BtnCenterOn@@YIXXZ        00434420 f   editor.obj
 0001:000334a0       ?BtnUndo@@YIXXZ            004344a0 f   editor.obj
 0001:000334b0       ?BtnWalkmap@@YIXXZ         004344b0 f   editor.obj
 0001:00033500       ?BtnScroll@@YIXXZ          00434500 f   editor.obj
 0001:00033520       ?Initialize@TEditStatusPane@@UAEHXZ 00434520 f   editor.obj
 0001:00033dd0       ?Close@TEditStatusPane@@UAEXXZ 00434dd0 f   editor.obj
 0001:00033e40       ?DrawBackground@TEditStatusPane@@UAEXXZ 00434e40 f   editor.obj
 0001:000340d0       ?InvertAxisButtons@TEditStatusPane@@QAEXXZ 004350d0 f   editor.obj
 0001:00034190       ?Select@TEditStatusPane@@QAEHHH@Z 00435190 f   editor.obj
 0001:000342e0       ?Deselect@TEditStatusPane@@QAEHXZ 004352e0 f   editor.obj
 0001:000343e0       ?Deselect@TEditStatusPane@@QAEHH@Z 004353e0 f   editor.obj
 0001:000344e0       ?Reselect@TEditStatusPane@@QAEHHH@Z 004354e0 f   editor.obj
 0001:00034550       ?SetCurObj@TEditStatusPane@@QAEHH@Z 00435550 f   editor.obj
 0001:000345a0       ?Next@TEditStatusPane@@QAEHXZ 004355a0 f   editor.obj
 0001:000345f0       ?Prev@TEditStatusPane@@QAEHXZ 004355f0 f   editor.obj
 0001:00034640       ?Validate@TEditStatusPane@@QAEXXZ 00435640 f   editor.obj
 0001:000346b0       ?Delete@TEditStatusPane@@QAEXXZ 004356b0 f   editor.obj
 0001:00034770       ?StartObjMoving@@YIXPAVTObjectInstance@@@Z 00435770 f   editor.obj
 0001:00034800       ?StartMoving@TEditStatusPane@@QAEXXZ 00435800 f   editor.obj
 0001:000348e0       ?StopObjMoving@@YIXPAVTObjectInstance@@@Z 004358e0 f   editor.obj
 0001:00034960       ?StopMoving@TEditStatusPane@@QAEXXZ 00435960 f   editor.obj
 0001:00034a00       ?Undo@TEditStatusPane@@QAEXXZ 00435a00 f   editor.obj
 0001:00034a70       ?BtnFullScr@@YIXXZ         00435a70 f   editor.obj
 0001:00034a90       ?BtnSave@@YIXXZ            00435a90 f   editor.obj
 0001:00034ab0       ?BtnReveal@@YIXXZ          00435ab0 f   editor.obj
 0001:00034ad0       ?BtnStat@@YIXXZ            00435ad0 f   editor.obj
 0001:00034af0       ?BtnZOff@@YIXXZ            00435af0 f   editor.obj
 0001:00034bb0       ?Registration@@YIXUS3DPoint@@@Z 00435bb0 f   editor.obj
 0001:00034d30       ?RegistrationAbort@@YIXXZ  00435d30 f   editor.obj
 0001:00034da0       ?BtnReg@@YIXXZ             00435da0 f   editor.obj
 0001:00034e60       ?BtnDel@@YIXXZ             00435e60 f   editor.obj
 0001:00034e70       ?BtnAmb@@YIXXZ             00435e70 f   editor.obj
 0001:00034eb0       ?BtnAmbCol@@YIXXZ          00435eb0 f   editor.obj
 0001:00034f40       ?BtnMono@@YIXXZ            00435f40 f   editor.obj
 0001:00034f80       ?Clone@@YIXUS3DPoint@@@Z   00435f80 f   editor.obj
 0001:000351c0       ?CloneAbort@@YIXXZ         004361c0 f   editor.obj
 0001:000351d0       ?BtnClone@@YIXXZ           004361d0 f   editor.obj
 0001:00035250       ?BtnFollow@@YIXXZ          00436250 f   editor.obj
 0001:00035270       ?BtnCalc@@YIXXZ            00436270 f   editor.obj
 0001:00035280       ?BtnSavWM@@YIXXZ           00436280 f   editor.obj
 0001:000352a0       ?BtnBound@@YIXXZ           004362a0 f   editor.obj
 0001:000352b0       ?AnimRegistration@@YIXHH@Z 004362b0 f   editor.obj
 0001:00035370       ?AnimZ@@YIXHH@Z            00436370 f   editor.obj
 0001:00035460       ?BtnAnReg@@YIXXZ           00436460 f   editor.obj
 0001:00035540       ?BtnAnimZ@@YIXXZ           00436540 f   editor.obj
 0001:000355f0       ?BtnTemplate@@YIXXZ        004365f0 f   editor.obj
 0001:00035610       ?Initialize@TEditToolsPane@@UAEHXZ 00436610 f   editor.obj
 0001:00035700       ?DrawBackground@TEditToolsPane@@UAEXXZ 00436700 f   editor.obj
 0001:00035770       ?KeyPress@TEditToolsPane@@UAEXHH@Z 00436770 f   editor.obj
 0001:00035890       ?AddBookmark@TEditToolsPane@@QAEXHUS3DPoint@@H@Z 00436890 f   editor.obj
 0001:000358e0       ?GetBookmark@TEditToolsPane@@QAEXHAAUS3DPoint@@AAH@Z 004368e0 f   editor.obj
 0001:00035930       ?ClearBookmarks@TEditToolsPane@@QAEXXZ 00436930 f   editor.obj
 0001:000359b0       ?BtnMaximize@@YIXXZ        004369b0 f   editor.obj
 0001:00035b20       ?BtnScrollUp@@YIXXZ        00436b20 f   editor.obj
 0001:00035b40       ?BtnScrollDown@@YIXXZ      00436b40 f   editor.obj
 0001:00035b60       ?BtnTileClass@@YIXXZ       00436b60 f   editor.obj
 0001:00035b90       ?BtnCharacterClass@@YIXXZ  00436b90 f   editor.obj
 0001:00035bc0       ?BtnWeaponClass@@YIXXZ     00436bc0 f   editor.obj
 0001:00035bf0       ?BtnArmorClass@@YIXXZ      00436bf0 f   editor.obj
 0001:00035c20       ?BtnTalismanClass@@YIXXZ   00436c20 f   editor.obj
 0001:00035c50       ?BtnFoodClass@@YIXXZ       00436c50 f   editor.obj
 0001:00035c80       ?BtnLightSourceClass@@YIXXZ 00436c80 f   editor.obj
 0001:00035cb0       ?BtnToolClass@@YIXXZ       00436cb0 f   editor.obj
 0001:00035ce0       ?BtnContainerClass@@YIXXZ  00436ce0 f   editor.obj
 0001:00035d10       ?BtnExitClass@@YIXXZ       00436d10 f   editor.obj
 0001:00035d40       ?ObjDownCallback@@YIXUS3DPoint@@@Z 00436d40 f   editor.obj
 0001:00035d80       ?ObjDownAbortCallback@@YIXXZ 00436d80 f   editor.obj
 0001:00035d90       ?Initialize@TEditClassPane@@UAEHXZ 00436d90 f   editor.obj
 0001:00036100       ?Close@TEditClassPane@@UAEXXZ 00437100 f   editor.obj
 0001:00036190       ?DrawBackground@TEditClassPane@@UAEXXZ 00437190 f   editor.obj
 0001:00036410       ?MouseClick@TEditClassPane@@UAEXHHH@Z 00437410 f   editor.obj
 0001:00036610       ?MouseMove@TEditClassPane@@UAEXHHH@Z 00437610 f   editor.obj
 0001:00036710       ?Animate@TEditClassPane@@UAEXH@Z 00437710 f   editor.obj
 0001:00036860       ?GetThumbnail@TEditClassPane@@QAEPAVTBitmap@@PAD@Z 00437860 f   editor.obj
 0001:00036b00       ?PutObject@TEditClassPane@@QAEHUS3DPoint@@@Z 00437b00 f   editor.obj
 0001:00036ba0       ?Scroll@TEditClassPane@@QAEXH@Z 00437ba0 f   editor.obj
 0001:00036c20       ?SelectSame@TEditClassPane@@QAEXH@Z 00437c20 f   editor.obj
 0001:00036d10       ?ReadEditorINI@@YIXXZ      00437d10 f   editor.obj
 0001:00037030       ?CmdUpdateSectors@@YIHPAVTObjectInstance@@AAVTToken@@@Z 00438030 f   editor.obj
 0001:00037140       ?UpdateCGSFile@@YIHPAD00@Z 00438140 f   editor.obj
 0001:00037820       ?CmdAddRC@@YIHPAVTObjectInstance@@AAVTToken@@@Z 00438820 f   editor.obj
 0001:00038a60       ?SaveRenderState@@YIHXZ    00439a60 f   effect.obj
 0001:00038b30       ?RestoreRenderState@@YIHXZ 00439b30 f   effect.obj
 0001:00038c00       ?SetRenderState@@YIHXZ     00439c00 f   effect.obj
 0001:00038d00       ?Build@TEffectBuilder@@UAEPAVTObjectInstance@@PAVSObjectDef@@PAVTObjectImagery@@@Z 00439d00 f i effect.obj
 0001:00038da0       ??_GTEffect@@UAEPAXI@Z     00439da0 f i effect.obj
 0001:00038da0       ??_ETEffect@@UAEPAXI@Z     00439da0 f i effect.obj
 0001:00038dd0       ??1TEffect@@UAE@XZ         00439dd0 f i effect.obj
 0001:00038df0       ?Build@TEffectBuilder@@UAEPAVTObjectInstance@@PAVTObjectImagery@@@Z 00439df0 f i effect.obj
 0001:00038e80       ?Pulse@TEffect@@UAEXXZ     00439e80 f   effect.obj
 0001:00038eb0       ?KillThisEffect@TEffect@@QAEXXZ 00439eb0 f   effect.obj
 0001:00038f00       ?DamageCharactersInRange@@YIXPAVTObjectInstance@@AAUS3DPoint@@HHHH@Z 00439f00 f   effect.obj
 0001:00038fc0       ?Build@TFireEffectBuilder@@UAEPAVTObjectInstance@@PAVSObjectDef@@PAVTObjectImagery@@@Z 00439fc0 f i effect.obj
 0001:00039060       ??_GTFireEffect@@UAEPAXI@Z 0043a060 f i effect.obj
 0001:00039060       ??_ETFireEffect@@UAEPAXI@Z 0043a060 f i effect.obj
 0001:00039090       ??1TFireEffect@@UAE@XZ     0043a090 f i effect.obj
 0001:000390b0       ?Build@TFireEffectBuilder@@UAEPAVTObjectInstance@@PAVTObjectImagery@@@Z 0043a0b0 f i effect.obj
 0001:00039150       ?Pulse@TFireEffect@@UAEXXZ 0043a150 f   effect.obj
 0001:00039200       ?Build@TLightningEffectBuilder@@UAEPAVTObjectInstance@@PAVSObjectDef@@PAVTObjectImagery@@@Z 0043a200 f i effect.obj
 0001:000392e0       ??_GTLightningEffect@@UAEPAXI@Z 0043a2e0 f i effect.obj
 0001:000392e0       ??_ETLightningEffect@@UAEPAXI@Z 0043a2e0 f i effect.obj
 0001:00039310       ??1TLightningEffect@@UAE@XZ 0043a310 f i effect.obj
[...]
FIXUPS: 13f5a 5ca3 7b 58 23f 241 7d 8a 98 84 7c 80 7c 361 29 5f 8 42 1a
FIXUPS: 1a9e5 14 2e 14 19d 16 17 1b 19 17 148 10 85 3a b7b 41 1f 42 2c
FIXUPS: 1bad7 7c 60 48 1c 43 5d 19 14 10 3a 13 1b 70 ffffd658 34 a0 ec
FIXUPS: 19653 7b ee 7a 7b ee 7b 7a ee 1561 17 3e 41 14 1b 2a 26 16 8c 8e
FIXUPS: 1b340 20 b 11 7d 2c e 30 e 3c 1d 10 44 1e 2e 7a b 51 52 1dd f0
FIXUPS: 1d713 13 f 4c 97 99 ffffe5ba 31 6fe59 c fff903e8 15 bd 15 165 156
FIXUPS: 1c4a0 ffffe9f7 27 1e 26 b 17 20 f 16 d 48 1c 2d 99 37 1ecd b 34
FIXUPS: 1d051 eb f8 ac 73 14 11 46 36 23 6e93e c fff9173a 13 1d 39 1f 6e852
FIXUPS: 8bd81 fff91822 2a 1a 35 11 13 e 44 3c 37 fffff102 16 2b b 26 1d
FIXUPS: 1c8ac 2c 11 c1 f4 11 2a 20 19 2c 11 45 23 6f15e c fff90f0a 13 1d
FIXUPS: 1cc94 1f 6f082 c fff91061 109 cd b 9ec bd 16 d9 4f 38 2f 14 63
FIXUPS: 1dc69 47 1e 29 19 2f 74 ffffe791 10 10 1a 24 29 3c 16 36 17 64
FIXUPS: 1c6df 3a 11 9c 24 2b28 4e db 66 9b 1b ffffe99e be f0 1d7 5f f 80
FIXUPS: 1e394 24 32 2e 2c 1f 14 16 2c 2a 14 16 2c 2a 14 16 2c fffff38b
FIXUPS: 1d966 22d9 52 10 c 20 68 fc 54 25 6bf0b c fff9298a 30 13 40 28
FIXUPS: 1e847 86 8f c 54 f6 1ce f 6d105 b fff92f68 2b 25b 166 122 8e 32ea
FIXUPS: 225f5 ffffd32f 75 a a a a 18 a a a a 2c f 3e 1a 27 25 1a 27 25
FIXUPS: 1fb60 27 10 10 b 3b 20 e b e 5464 2dd 334 ffffe08c 126 20e 29c
FIXUPS: 23e2b 253 27f 294 2cd 331 ffffe03c 29c 2dd 368 ffffd849 124 1b3
FIXUPS: 21265 124 1eb 274 24a 2cc 324 293 1c 5b 54 1df 32a0 e b a 26 58
FIXUPS: 258b0 82 25 135 a 19 7f 1d 21 6f 102 22 1f 97 26 92 71 b 2b 8 4b
FIXUPS: 25f72 1b 1b b ffffee69 17e6 42 18 1e 49 26 2c 41 55 23 1d 23 1d
FIXUPS: 2684e 1d 23 66 21 1e 6b 20 51 251 44 ad 26 10 ffffe93d 69 f 69
FIXUPS: 257af 17d3 3c 39 42 64 41 1d 21 1d 21 31 92 ffffedc1 21 1e 21 43
FIXUPS: 260d8 14 40 2e 1e 52 84 9 10 4a 30 66 bc 53 e0 3067 38 37 38 37
FIXUPS: 296b3 38 3d 38 37 38 46 37 32 41 37 41 37 32 37 37 41 43 34 577
FIXUPS: 2a05b ffffcdc0 26 10 36 21 27 1607 21 44 1b 21 44 1b 21 2f 1b 21
FIXUPS: 286ae 637a7 a a a a a a a b fff9c845 13 222 19 12b 52d 6b 4c8 38
FIXUPS: 29534 37 ffffe47c 52 30 22 169 75 85 66 e 30 22 56 5 63fc9 d d
FIXUPS: 8bdff d d b fff9c096 5 51 f 63f15 b fff9c311 22b c5 1b 19 47 112b0
FIXUPS: 39781 12 18 19 ee d ffff0d16 147 148 143 267 ffffc9ad 50 13 37
FIXUPS: 27667 d 56 86 55 19 44 57 4a 11 f d 65 53 e 2f 11809 e 1e f 1f
FIXUPS: 39250 f 1f e 1e f 1f f 32 a 10 2a 37 3c 10 47 4d d 6c 80 4c 29
FIXUPS: 3969a 39 d 3e 27 fffff682 58 a 1d 45 25 3c 23 2d e 12 a a 10 2a
FIXUPS: 38ff4 11 14 11 14 e f 1d a a 10 2a 5a 25 1f 3c f fffff77c a a a
FIXUPS: 38953 a a 10 29 97 a a a a a a a 10 29 a7 50 55 d a 1d 80 23 8d
FIXUPS: 38d79 a a 10 fffff8e0 f 1f f 1f e 1e 18 f 1f f 1f f 1f f b b 19
FIXUPS: 387fe 2b 2f 10 10 17 14 25 1f f d a a a fffff790 27 29 8 8 16 53e5e
FIXUPS: 8bf91 fffac1f8 14 16 11 23 16 11 23 13 35 f 40 a7 48 25 35 55 13
FIXUPS: 38488 a4 3d c6 e 1e fffff531 a7 e6 16 14 12 12 12 a4 63 17 f 16
FIXUPS: 37ed2 e 17 f 16 16 e 14 f 16 16 e f 1e d 1e d 1e 37 fffff146 189
FIXUPS: 37358 27 35 76 88 b f8 16 f b 1ce bd b 13 22 12 c4 1b 14 1d 14
FIXUPS: 37a12 5a 2e e c 5e 3f 18 15 ffffea61 1f 1f 9b ab 22 c7 2d 44 50
FIXUPS: 36b01 37 1e 216 1d 14 38 38 38 38 38 38 38 38 38 38 38 38 38 98
FIXUPS: 3715d 18 ffffef95 2f 2b 2a 12 f 1a 5a 16 25 1b 15 1b 43 11 1e 38
FIXUPS: 363ac 15 22 2c 38 4f 15 17 11 3d 28 3e 11 13 1a fffff6a4 2b 2c
FIXUPS: 35ced 28 a 47 23 a 43 48 e 10 16 17 15 22 18 f 25 26 26 16 b 14
FIXUPS: 35f8c 93 13 12 7e 13 13 fffff234 22 47 bf 35 204 1a 6a 18 c7 6e
FIXUPS: 3589d 26 b 7b 54 11 26 b 5e 3c a 1b 20 20 48 13 f 1a 2b 59 3f fffff160
FIXUPS: 8bed5 b b b b b b b e e e e b c fffa8e6c 25 15 36 36 78 18 fd 32
FIXUPS: 3508d 32 143 e 4a 67 e 2f fffff380 13 3c 31 13 3c 31 13 3f 31 1f
FIXUPS: 34866 31 1f 47 31 1f 47 31 25 55 37 25 53 37 25 53 37 25 53 37
FIXUPS: 34d6a fffff42f a 13 d 53 d 53 d 5c d 3c d a 37 d 3f d 1a 10 10
FIXUPS: 34419 3d 3a 19 10 61 31 43 3f 31 13 3c fffff885 d 5 28 d 5 28 d
FIXUPS: 33f66 c a 10 d a 10 d 5 f 7 f c 5 e c 31 16 d 58 d 59 d 58 fffff9d0
FIXUPS: 33b70 15 18 b 3a 5f e1 a 26 5 a 1e e a 15 c 7 b 5 f a 5 2c 12 12
FIXUPS: 33e45 24 12 12 8 1d fffff5de 1d 16 c 1a 29 16 c 1a 1a 13 c 12 1a
FIXUPS: 3360c 11 c3 1e d 8 19 19 8e 2b 19 bd 2a 19 d3 19 bd 10 fffff5be
FIXUPS: 330b3 38 4e 2c d 12 4d 18 1c e 3a 18 d 25 40 8 16 4c 8 1e 12 1d
FIXUPS: 333ac 10 18 24 27 35 8 16 c fffff909 17 27 d d c c 8 2d a 24 19
FIXUPS: 32e90 e a 18 e a 18 e a 2a 16 a 1e a 30 19 3d 26 a 41 fffff711
FIXUPS: 32794 6d d a 3b 4c 15 23 1c 1e 87 36 21 d 28 12 66 a6 d 58 14 46
FIXUPS: 32c2e 12 78 21 d 28 d 10 3c fffff283 33 11 12 d b 8a d 46 40 11
FIXUPS: 321db d 1c6 d 73 b e 2b 47 20 16 13 8c 35 79 16 3f 30 32 1c 26
FIXUPS: 318f9 13 e 13 8 1d 2f 14 28 39 47 b e 1b 27 61 6c 1f 34 4b 13 1a
FIXUPS: 31cc5 29 34 b6 e 15 1e 13 1a2 d fffff425 21 11 28 94 b e 5a b 25
FIXUPS: 315a4 11 a a a 5 3c 26 6f 27 56 30 11 12 d 36 1f 28 43 d 2a 1f
FIXUPS: 30baa d 66 b0 25 26 2d 43 1c 1c 34 13 17 22 39 32 3f 2b 95 32 dc
FIXUPS: 310d1 68 a 55 e4 2b d d8 d 35 21 fffff082 13 51 12 13 1d 32 17
FIXUPS: 30576 1c 13 c9 d 17 5d db 89 d4 d 19 1d 35 d 15 79 19 18 4b d 1b
FIXUPS: 30b00 79 fffff547 12 e 8 2f e 12 e 8 1c 4b 12 15 7b b 19 15 7b
FIXUPS: 30315 19 23 1a 4d 13 23 7 1e 7 12 7 27 7 fffff743 96 17 2b 29 1c
FIXUPS: 2fccf b 43 b6 45 17 22 24 1c e b 4d e e 16 e e 16 90 14 e 33 1f
FIXUPS: 3006d 26 1a fffff20e 4d 3b 1b 35 2a a 5a c e b2 17 12 10 24 47
FIXUPS: 2f5ea 2c 32 55 2a a2 19 14 a9 44 10b 22 17 c 178 41 ffffede8 38
FIXUPS: 2e9e6 3b 120 35 3d 21 37 77 3d 4a 28 b 105 d3 53 16 13 c 77 13b
FIXUPS: 2f16a 2c 3b 49 1d f 2d f b a fffff015 28 3d 8b 21 7 22 7 53 ca
FIXUPS: 2e51b b 56 1b 1a 42 b 40 4c 2b 2f 2f 58 2a b 27 3b 1a 41 b 59 67
FIXUPS: 2d8c0 63 1d 33 3f 19 36 8d 34 e4 d2 27 fd 30 4a 60 1d 4d 2c 49
FIXUPS: 2df9e 24 2b 11 2f 2f 33 13 c 15 15a a ffffe9e4 21 3d 11 d 6e 34
FIXUPS: 2cd61 1e3 25 83 b 2c b 50 33 469 b 66 33 18 3d 1b 8 a 5e878 c fffa1851
FIXUPS: 2d744 33 a8 92 ffffeef7 20 13 20 13 13 34 30 61 5f 3f 1e 16 6f
FIXUPS: 2ca32 36 f f 14 34 11 13 12 14 f 20 21 3d 11 12 14 f fffff44f 20
FIXUPS: 2c079 22 81 22 20 2c 22 31 114 67 63 76 11 55 1a 6f 13 2b 10a 49
FIXUPS: 2c6c4 15 13 15 13 15 13 23 13 23 fffff34b f b a f b a f b a f b
FIXUPS: 2bb70 f b 10 c9 14 17 e fb b 2d a cf a a 18 a e6 22 42 fffff441
FIXUPS: 2b489 10 10 10 148 12e 20 106 ab 12 73 a 11 a 11 a 11 a 11 a 11
FIXUPS: 2ba2a 11 19 19 f f 14 1d f b 15ee9 4ac65 b fffb5400 13 11 c 22
FIXUPS: 41b35 35 5 a 14 a4 1b 2a 35 5 fffe96e4 10 10 10 10 5 10 20 b 5
FIXUPS: 2b429 20 b 5 15769 cc 31 31 13e a4 346 1ae 105 170 5 39 44 88 19
FIXUPS: 4176e 10 11 11 51 1b 2a 35 a 29 36 1f 4ad12 c fffb534a 13 42 4abd5
FIXUPS: 8c591 fffb41fa 13 42 f 4bdb5 b fffb4277 23 36 5b 5 a 14 7e 1a 2a
FIXUPS: 409f5 5 24 36 1f 4bb52 c fffb450a 13 42 f 4baa5 b fffb4587 fffff801
FIXUPS: 40381 1d 36 1f 4c152 c fffb3f0a 13 42 f 4c0a5 b fffb3f7c 44 1b
FIXUPS: 4054f a 14 50 10 10 11 11 30 1b 2a 35 5 20 36 1f fffff24d f 4cba5
FIXUPS: 8c52f fffb3487 23 eb 31 2e d3 3c 132 25 22 1d0 5 a 62 c5 1b 2a
FIXUPS: 4012b 16 79 1b 2a 35 a 30 8f 1b 2a fffff1cd 4cf55 b fffb30ef 36
FIXUPS: 3f5b3 4ced2 c fffb319a 13 42 f 4ce15 b fffb322f 36 1f 4cd92 c fffb32da
FIXUPS: 3f7be 42 f 4ccd5 b fffb336f 36 1f 4cc52 c fffb340a 13 fffff733
FIXUPS: 3f0a5 8a 1b 2a 35 a 1b 36 1f 4d1c2 c fffb2eaa 13 42 f 4d105 b fffb2f1c
FIXUPS: 3f33e 42 f 4d095 b fffb2faf 36 1f 4d012 c fffb305a 13 42 fffff49e
FIXUPS: 3e9e0 f 4d9d5 b fffb264e 122 4b 5 a 2e 32 97 30 1e 37 1a 2a 36
FIXUPS: 3ed9e 1f 2b 25 39 36 46 c7 25 39 36 2d 5 4d340 fffb1dce 79 25 39
FIXUPS: 3e271 31 211 25 39 69 5 a 62 ba 1a 2a 36 f 14 af 42 1b 29 36 5
FIXUPS: 3e8ce 36 1f 4da82 c fffb25da fffff244 4e775 b fffb18ae 2b 25 25
FIXUPS: 3dca5 2c af 25 25 33 5d 5 44 14 ab 1b 2a 35 f 23 36 1f 4e302 c
FIXUPS: 3e0cb 13 42 f 4e255 fffb0a8a 42 f 4f4a5 b fffb0b87 23 b3 31 31
FIXUPS: 3d10c 86 49f 31 31 278 5 a 44 aa 1b 2a 35 a 22 36 1f 4e822 c fffb183a
FIXUPS: 3db7e 42 ffffebe0 f 4fb15 b fffb050e 5c 28 3c 2c d1 27 52 28 3c
FIXUPS: 3cacf 8 5 2d 20 28 3c 112 1b 2a 35 a 1b 36 1f 4f552 c fffb0b0a
FIXUPS: 3bfe3 50282 c fffafdda 13 42 f 501d5 b fffafe4e b1 dd 27 132 2e
FIXUPS: 3c423 ec 8 5 2d a0 1b 29 36 a 21 36 1f 4fbc2 c fffb049a 13 fffff0e6
FIXUPS: 3b84f 3f 36 1f 50942 c fffaf71a 13 42 f 50895 b fffaf78e b5 a 11f
FIXUPS: 3bbe9 31 3a 1f 1e 1e 160 30 75 31 1a 2a 36 2f 36 501ed fffaf1ba
FIXUPS: 3b37e 1d 39 1f 50dd2 c fffaf28a 1d 16 36 23 50cfe c fffaf35a 13
FIXUPS: 3b57b 39 1f 50c32 c fffaf42c 40 23 27 34 37 57 12 b 8c fffff688
FIXUPS: 3aed5 8f 3f a 17 49 7a 17 36 23 30 19 51005 a 9 b fffaf028 13 1d
FIXUPS: 3b1f4 1f 2f 19 50f1a a 9 b fffaf11b 36 23 50e9e fffae940 11 25
FIXUPS: 3ab54 1a 36 23 30 19 514b5 a 9 b fffaeb78 13 1d 20 13 4b f 513dc
FIXUPS: 8c0ff fffaec55 1f 2f 19 5135a a 9 b fffaecd8 a 51250 a b fffae3d3
FIXUPS: 3a4b4 2c 1e 36 27 51b2a c fffae57a 13 1d 39 1f 51a12 c fffae65c
FIXUPS: 3a75b 6a 2c 30 ea 1b 71 3f a 17 49 7a 21 fffff4d3 36 23 51fde c
FIXUPS: 3a06b 13 1d 39 1f 51f12 c fffae14c 18 56 8 1b 36 23 55 51d89 a
FIXUPS: 8c03a fffae2b1 13 4b f 51cec b fffae345 1f 54 fffff61d 10 10 10
FIXUPS: 39a9b 40 3e 53 42 40 4a 3a 3b 25 1c 36 23 5225e c fffaddfa 13 1d
FIXUPS: 39e14 1f 52192 c fffadeba 11 88 a 2f 20 8250 4b 30 13 41 42 1a8
FIXUPS: 424fb 11 d e4 ffff72d7 10 10 10 10 10 10 10 10 10 10 10 10 10 10
FIXUPS: 399c4 10 10 10 10 10 bba0 27 471aa c fffb8f0a 13 1d 49 23 4706e
FIXUPS: 8c7b1 fffb909b ffffc47f 20 22 1e 1a 21 1e 1a 21 15 1f 97 28 d4
FIXUPS: 41fa1 3e 7 6f 1a 119 2a53 47b2a c fffb858a 13 1d 39 23 479fe c
FIXUPS: 44df3 23 29 e 72 ee 94 18 99 1bc 36 27 4743a c fffb8c7a 13 1d 59
FIXUPS: 45477 472ee c fffb8e0d ffffea9d 4866a c fffb7a6a 13 1d 39 23 4851e
FIXUPS: 8c6b1 fffb7bfc 2b5 f b 362 36 1f 47d92 c fffb82ea 13 42 f 47cc5
FIXUPS: 8c6ef fffb8360 a2 1c 3c d 28 36 ffffe339 af 107 196 147 10 39 73
FIXUPS: 43450 28 14a 7b a5 96 d 33 78 8f b a 33 35 94 2b c3 c0 d 1b7 1f1
FIXUPS: 43f71 4d 36 ffffe7e5 2f 13 8c 35 21 b4 22 1c 22 30 25 3e 27 49b7a
FIXUPS: 8c651 fffb652a 13 1d 69 23 49a2e c fffb6691 21 13 ba 13 18 57 12
FIXUPS: 42ed0 44c4 8 3c 8 16 10 5 1a 10 17 10 a 10 5 5 5 5 17 a 5 ffffb244
FIXUPS: 42704 10 10 10 10 10 1a 24 1e 14 5 47d9 25 2c 1f 1f 1f 1f 1f 1f
FIXUPS: 470cc 18 16 26 11 41 49 1b 1b 12 33 30 25 39 3c 14 14 19 15 a 9
FIXUPS: 47375 15 fffff608 76 7 18 13c 42 2c 39 28 1a 1c 15 11 19 28 13
FIXUPS: 46cf5 3f 130 3e 17 10 11 15 c 16 28 16 11 10 11 15 ffffedfe 5 10
FIXUPS: 45dc9 50 10 10 10 410 32 13 27 24 10 1cc cb 24 7f 11 29 10 47 20
FIXUPS: 46747 44 23 1a 16 a f 104 80 fffff19e 10 2b 5 10 2b 10 5 10 2b
FIXUPS: 45bf4 10 10 5 10 2b 5 10 2b 5 10 20 12 19 5 10 20 12 19 5 10 20
FIXUPS: 476fc 7b ffffe15d 10 5 10 20 b 5 10 20 b 5 10 20 b 10 5 10 20 b
FIXUPS: 459f9 10 20 51 1a 5 10 2b 5 10 2b 1dd0 1a 24 72 23 44e0e c fffbb23a
FIXUPS: 47a1e 1d 59 1f 44d32 c fffbb0c9 fffffc32 1c 15 18 12 21 16 9 10
FIXUPS: 475ce 35 19 f 45 13 a 47 d7f8 1a 437 16 88a 16 46f 1a 4c0 1a 497
FIXUPS: 569e3 9a8 16d0 19c7 ace 121c 42 45 122 57 51 113 57 51 193 2fb
FIXUPS: 5cabe 352 85 82 fffea9bd 66eb 18 786 47 29 2f 17 2cc 18 4bc 29
FIXUPS: 4f00b 17 2ee 18 15dd 480 450 48b 4a1 4b4 4ab df5 440 717 1a 3b7
FIXUPS: 54193 43a 16 41f 1a 37e29 c fffd09ca 13 42 f 2f5e5 b fffd0a45 f
FIXUPS: 5d2df 14 233 1b 2a 35 fffea5c0 29 3b ff1 9db 18 14f8 18 183f 95
FIXUPS: 4c445 47 104 18 1678 18 10ece f3 53 d5 e8 16 15 8e 141 16 18 c8
FIXUPS: 5f1cf ffffdd95 10 10 1a 24 32 23 2f7ee c fffd086a 13 1d 39 1f 2f722
FIXUPS: 8c831 fffd092d 36 1f c42 39 13 9b 5e 39 20 16 25 25 b4 4e 1ad fa
FIXUPS: 5e3ef 19 2a 18 5c 62 26 25 1b a5 14c 165 26 13 1a 104 3f 59 bd2
FIXUPS: 5f69d c8 a0 4c 3e 2b 7 10a 61 2f 8 74 96 dd 18 ffffd952 39 5e 13
FIXUPS: 5da96 25 13 66 6e 24 18 14 16 2c 51 10e 2231 1f 2c902 c fffd33b3
FIXUPS: 5fcb4 1a 24 32 23 2cb3e c fffd350a 13 1d 39 1f 2ca82 c fffd2a89
FIXUPS: 5f34b b0 27 1d 7b 12 d 40 98 3b 13 61 2243 42 20 87 20 28 20 fa
FIXUPS: 6002b 30 13 5c 14 13d 5d 1d 25 162 df b0 1b fffff89e 10 1a 24 32
FIXUPS: 5ff07 2c9be c fffd368a 13 1d e612 ffff38bb 1be 5 10 5 49 293 1b
FIXUPS: 60df0 96 67 e2 e f3 13 a6 4a 24 38 51 13 3e 1c 12 73 97 1f 25 57
FIXUPS: 614bd 3c6 c305 90 62 9 25 9 41 33 19 23 19f 9 25 9 78 8d 1c 1e
FIXUPS: 6e0c4 1d b a5 aa a8 1b 1c 1b c4 80 12 a6 65 ffffeeac 2d 25 f 45
FIXUPS: 6d5a7 64 9 1f 9 70 9 1f 9 8c 62 9 65 9 25 9 95 c 116 9 1f 9 7e
FIXUPS: 6dadf 21 9 34 1ee64 fffdfeee 34 117 8c 27 17a f b a0 45 16e 14
FIXUPS: 6cfd5 155 a3 a 38 e 1f e 1f e 59 21 38 f 21 5 b b9 c ffffe085 11a
FIXUPS: 6b609 198 42 17 c4 125 48 1dd 3b 14 91 7e 187 16f 287 8a 15 49
FIXUPS: 6c3f7 e1 ef 15 fe 39 49 1c 5d 13 a 201a3 fffddc47 3e 4e 14 40 11
FIXUPS: 6a732 11 10 45 14 40 11 65 11 10 153 46 1e 52 d0 31 c 26 29 23c
FIXUPS: 6b07e dc 25 40 18b 97 ffffe879 71 2a 10 d7 b b 158 8 3e b b 6e
FIXUPS: 6a056 5e 92 9d 25 b b b a3 b b f3 31 b b a0 3e 52 3e ffffe988 5
FIXUPS: 68f1f 100 54 8 82 5f 8 a4 1df 8c b2 b b cf 1d b b b 1e8 d1 b b
FIXUPS: 69922 b b2 12 b b 1fb 36 ffffe7a1 141 10b 2c 4e 11 b e f 9e b a
FIXUPS: 6879c 13c 26 118 17 67 4f b 10 1f 11 4d 6c 61 10a 7c e3 28 8 25
FIXUPS: 66737 c5 4e ef b0 2ed c 1f c 141 3a8 19 13d 19 3f 1aa 15c 4d 18a
FIXUPS: 6796a 1b 315 23 4b 25 e1 1d3 cb 2b ba f8 7f ffffd04e 23 19 3a 13a
FIXUPS: 6557e 1bc da 28 67 c1 b8 1a f 15 110 e d 4f c d3 c 2d d 2a 2c 77
FIXUPS: 65e7d 19 42 a2 791 ffffe00f 10b 18 4d 6c 54 25 a 3d 3e 7 d 39 a6
FIXUPS: 64b28 20 2a 83 17 4b c5 14 7e 19 37 97 1c 7c 3c 4b 28 14 ffffec2b
FIXUPS: 63c35 117 3b 8f 91 b 90 7 d 2a 18 7 e 1c 9 c 14 8e d 7b 19b 12
FIXUPS: 643df 93 12 5d a1 64 b f 6e ffffee64 38 38 38 27 38 f 54 15 79
FIXUPS: 6371a bd 42 42 42 a4 34 43 f f f f f f f 34 f f f 18 6a d fffff321
FIXUPS: 62e69 1b 21 51 29a0f a a a a a a a a a a a b fffd65ad 13 315 13
FIXUPS: 63279 1c 12 13 16 153 1f 1f 27 12 fffff574 a 43 5 7b 1f 12 8 27
FIXUPS: 62b45 8 8 a 5 a 33 1b 28 10 4c 27 1e 10 4c 27 1e 10 59 1b 1b 37
FIXUPS: 62e17 bb4c 1e092 c fffe1fc1 66 29 2e 68 48 24 48 39 b3 cc 3e 97
FIXUPS: 6ee58 79 e9 81 30 6e 7d e4 b2 f5 db ffff33b8 10 116 18 26 2a113
FIXUPS: 8caf6 fffe399b 269 18 74 1a1 1e 18 9a 27a 1e 18 7f ffffd88e 10
FIXUPS: 6e5de 24 116 32 a7 26 f 1e18e b fffe1e8c 13 56 23 1e0fe c fffe1f63
FIXUPS: 8ca35 a a a a a a a a a b fffe3540 e0 32 19 32 37 19 3e 2d 37 19
FIXUPS: 702ba 40 19 1c792 a a a a a a fffe455a 13 2f 3c 70 70 70 fffffcf1
FIXUPS: 70f49 d ffffe5e5 85 f 1d445 b fffe2e09 2d7 d9 33 21 3b 33 21 56
FIXUPS: 6fd47 26 57 39 27 40 1b 23 19fe 1b285 c fffe4dba 13 26 fffff917
FIXUPS: 7125b 20 20 22 f 2e 1a 21 25 1a 21 25 1a 21 25 1a 21 17 5d fffffaab
FIXUPS: 70f8b 36 1f 1bb25 c fffe9560 11 b 13 27 1a 13 1e 7d 6c 41 13 f
FIXUPS: 7627d 8f 10 1e 14 20 ffffb6fd 75 f 1b055 b fffe4fd0 ee fffffa47
FIXUPS: 7166b e7 27 50 b8 41dc 3d f5 16 16 11 2d 17 24 15 55 12 b 5f 23
FIXUPS: 75d54 13 b 68 13 b c4 47 17 13 b 5e e 26 2a b 3f fffff430 8c 21
FIXUPS: 7552e 61 13 b 35 12 15 16 32 49 21 19 19 13 30 5a 1f e 19 19 4a
FIXUPS: 7585a b2 21 21 16 2a 81 19 ffffe395 e a 3c 8 c0 8 a 83 3d 14 f
FIXUPS: 73fdc a d0 21 28 37b 9 1e 534 3d 39 60 122 139 8b 27 123 504 3a
FIXUPS: 7543b ffffdc72 c 34 10 1a 31 10 c 47 132 a1 4eb 4b 1e 40 22 25
FIXUPS: 73a81 3e 2c 30 34 3b 10 99 ae 28 2c e a 3f 1f 41d2 2c 8f ffffa2eb
FIXUPS: 72431 4d 8b 13a 81 67 13 26 12 5f 9 c5 1a 14 2a b 2f 5d 192 98
FIXUPS: 72d08 ed 82 f8 13 41 b9 d 42d5 54 9d 1a 104 48 48 109 28 1a c5
FIXUPS: 77824 37 72 13 288 1d 18 12 2a 67 1d 18 12 2a e 11 28 28 60 16
FIXUPS: 77dec ffffeca6 64 78 34 171 9c e8 2a 70 55 15 11 1f 1a 28 a 26
FIXUPS: 7709d 11 5f 1c 46 8 1b 8 45 8 1b 8 cd 34 2b 1a1b 19 13e2b a 9 9
FIXUPS: 8cbbc fffec217 1d 13 11 10 6d 62 14 3c 11 13 20 11 ffffd42c 15
FIXUPS: 763ed 1e 4e 80 56 1a 381 14f 12 55 17b2 32 29 78 13 20 13 97 11c
FIXUPS: 78612 11c 114 a3 30 3c f0 c3 23 15 19 19 13ff7 a 9 9 b fffec02f
FIXUPS: 78bce 1d 119 1f 15 1267 21 20 2c 8 56 b 58 2e a4 11 16 9 30 4c
FIXUPS: 7a2a4 4d 59 65 1c 18 3e 7b ffffdbc8 10 1a 24 71 84 16 16 2a 1769
FIXUPS: 79993 25 97 a f a f a a 14 21 21 d9 1f 1b 21 1f 1b 16 19 6a a 13
FIXUPS: 79d21 15 e9 3a 1a 30 3b 8d fffff542 a a a a a a a a e 11 2e c 16
FIXUPS: 7957d 2e 39 1a 1a 11 b 6c 3f a 39 50 105 a a 39 74 1c fffff7fb
FIXUPS: 79159 10 f a 10 f a 10 f a 10 f a 10 f 15 2b 20 a 10 a 7c 6f 75
FIXUPS: 79422 12 11 14 36 a a 1148 13 1d 39 1f 12572 c fffec3ca 30 13 26
FIXUPS: 79031 13 c 9 a 10 f a 10 f a 10 f a 10 f a 10 f a 10 20eb 19 f
FIXUPS: 7b25c 15 1d 1c 1d 11 16 13 15 9 1a 17 13 17 25 1f 13 17 e e 9 fffff0e7
FIXUPS: 7a504 1a 24 32 23 1262e c fffee32d 11 f 16 12 1b 5a 17 13 17 9
FIXUPS: 7b01b 14 17 9 89 12 14 11 f 16 d 12 1b 11 15 18 1d 1c 8 16 13 fffff8fa
FIXUPS: 7ab38 23 b 19 19 15 1c c1 1b d 5f 12 14 11 f 16 d 12 1b 11 17 18
FIXUPS: 7ae04 1c 15 16 13 f 18 53 12 fffff8a5 18 14 1f 15 18 1c 21 20 1e
FIXUPS: 7a8b4 20 1b b 19 17 1b 4b 13 16 16 11 18 f 14 22 17 18 1c 21 20
FIXUPS: 7aaea 1068 1f 11 24 44 33 18 1b 10fb4 b fffef0bf 69 17 70 73 19
FIXUPS: 7be53 25 35 4f 16 1b 1c 2f 95 e ffffe699 5 10 20 17 7e 2f90 31
FIXUPS: 7d77a 41 1d1 3d ffffda80 59 b 9 4f 44 36 b 78 32 a9 40 9a 1c b
FIXUPS: 7b811 b 36 a7 3b 7c a2 90 17 1d 1a 38e5 25 38 18 f 65 13 5b 1c
FIXUPS: 7f5be 20 6f 66 b 1f d548 c ffff2b27 89 15 35 ffffc850 13 42 f7b
FIXUPS: 7d086 29 e0 24 137 6f 151 1a5c 13 3e 29 60 2a 19 18 16 28 13 7d
FIXUPS: 7f114 25 c 3a e 22 42 f 25 4d 11 48 d 54 1e 18 53 13 2c 9 fffff4ac
FIXUPS: 7e8c0 c9 b 1a 51 f 3a 11 f d d6 bd 34 28 15 3f c 11 14 15 3f c
FIXUPS: 7ed5a a 25 f 7f b 12 b 84 fffff207 44 b 15 2b b 1b 33 38 4b 14
FIXUPS: 7e278 9d b 3e 31 2a b 6d 17 21 b 35 43 c6 23 1b bf 106 35 61 49
FIXUPS: 80876 79 4f 74 140 1e ffffceee b 2b 8 45 6e f2 6a 68 4b 12 22 13
FIXUPS: 7dd90 1d b 15 1a9 16 1a 48 16 b 21 b 82 20e4 4a 79 114 15 28 2f
FIXUPS: 803f0 f f 8e bf 20 1e 14 29 1a 1b 29 50 1a 31 25 1a 30 25 1a 30
FIXUPS: 807bd 10 b 55 c438 c ffff3060 1b 12a 22 23 20 1e 14 29 1a 1b 29
FIXUPS: 7ff85 1a 30 25 1a 30 25 1a 31 10 10 b 24 20 e b e b cb35 b ffff4672
FIXUPS: 81313 15 4f9 1a 18d 15 20 1a ffffde5d 10 10 10 1a 24 124 c c 2b
FIXUPS: 7fa75 41 9e 23 d0ce c ffff2f7a 13 1d 59 1f ef8 1a 29 28 19 116
FIXUPS: 80d22 c 9 14 16 f 1c 14f 3b 86 4b 10 d 1f 15 16 29 58 21 9f e5
FIXUPS: 8128c f 1f c 12 1f3c 16 d 3e 8 4f 1d 20 29 13 8c 35 39 15 15 7a
FIXUPS: 83534 ffffea80 10 1a 24 32 23 ac4e c ffff53fa 13 1d 39 1f ab92
FIXUPS: 8ccd1 ffff5955 63 4b 6a 1f 4e be 21 193 18 5b e1 120 11 3e c9 89
FIXUPS: 82e53 46 18 69 21 83 3d 29 4d 48 18 79 21 2e 58 18b6 10 34 51 a
FIXUPS: 84b7b 10 34 51 19 1c 1c 1c 80c8 b b b c ffff7f39 35 ffffd4f6 39
FIXUPS: 822a3 27 4c 45 149 b 59 47 58 5e 1a4c 264 56 5b 55 50 2c 16 5f
FIXUPS: 844e9 2e a3 5e 178 46 36 1f 20 20 20 3a a 35 10 31 51 a 36 10 31
FIXUPS: 84a68 a fffff123 d 53 37 28 16 d 53 37 8fe4 b b b b e e c ffff7062
FIXUPS: 83dab b 22 6a 8e 20 17 1c 1e 37 1a 34 22 45 fffff6dc 32 20 20 1e
FIXUPS: 837cb a 35 10 31 54 1f 10 a 41 31 1f 10 a 41 31 1f 10 a 44 31 1f
FIXUPS: 83ad2 d 47 31 28 1500 20 4c 5d 10 b c0 5f c7 45 2f 14 b6 25 86
FIXUPS: 85561 6e 36 67 54 19 33 1c 1e7 2a 16 68 169 ffffda3d 7f 2f e3 2713
FIXUPS: 85e1d 13 2b f 71 f ffffeeb9 20 18 f 11 20 20 22 1e 1a 21 1e 1a
FIXUPS: 84f0f 1e 1a 24 1e 1a 24 1e 1a 24 1e 1a 2a09 1f 5322 c ffff932a
FIXUPS: 860ee 13d 128 422 140 1a9 2e4 4db 2be 6f 35 43 3d 15b 9f 34 ffffe727
FIXUPS: 85f9b 13 32 49 fffffc36 114 2d 25 10 1c 233a 29 42 41 28 13 af
FIXUPS: 882d7 11 4d 13f 20a 4e 8e 17 3a a9 17 ffffefd9 10 1a 24 1f 80 1b
FIXUPS: 87984 23 53de c ffffac6a 13 1d 1198 17 49 27 ffffeeb6 1b 18 28
FIXUPS: 87b79 15 7d 40 10 27 21 bf e 35 24 b 8f 50 e 21 60 35 21 60 35
FIXUPS: 8804e a1 2b 104d 3c9e c ffffc3aa 13 1d 39 1f 3be2 c ffffbe83 10
FIXUPS: 88cde 24 32 23 406e c ffffbfea 13 1d 39 1f 3fa2 c ffffbce4 1f 27
FIXUPS: 88b37 27 19 30 707 24 47 23 b4 cf 11 45 a2 cd 23 15 3789 a b ffffc8b1
FIXUPS: 8971e 1d 39 1f 15 36bd a b ffffc9e8 b1 3e fffff753 10 1a 24 52
FIXUPS: 89c56 5b 53 6b 45 29 14 1a 14 85 8d 56 c fffffa01 10 1a 24 21 3e
FIXUPS: 89aa4 23 33be c ffffcc9a 13 1d 39 1f 32f2 c ffffc3d3 10
